Archive member included to satisfy reference by file (symbol)

/usr/share/segger_embedded_studio_for_arm_4.12/lib/libc_v7em_fpv4_sp_d16_hard_t_le_eabi.a(libc_asm.o)
                              build/light_switch_server_nrf52840_xxAA_s140_6.1.0_Release/obj/rtt_input.o (__aeabi_uldivmod)
/usr/share/segger_embedded_studio_for_arm_4.12/lib/libc_v7em_fpv4_sp_d16_hard_t_le_eabi.a(libc2.o)
                              build/light_switch_server_nrf52840_xxAA_s140_6.1.0_Release/obj/nrf_log_str_formatter.o (isprint)
/usr/share/segger_embedded_studio_for_arm_4.12/lib/libc_v7em_fpv4_sp_d16_hard_t_le_eabi.a(libc2_asm.o)
                              build/light_switch_server_nrf52840_xxAA_s140_6.1.0_Release/obj/transport.o (memcpy)
/usr/share/segger_embedded_studio_for_arm_4.12/lib/libc_v7em_fpv4_sp_d16_hard_t_le_eabi.a(libc.o)
                              /usr/share/segger_embedded_studio_for_arm_4.12/lib/libc_v7em_fpv4_sp_d16_hard_t_le_eabi.a(libc2.o) (__heap_lock)
/usr/share/segger_embedded_studio_for_arm_4.12/lib/libdebugio_v7em_fpv4_sp_d16_hard_t_le_eabi.a(libdebugio.o)
                              build/light_switch_server_nrf52840_xxAA_s140_6.1.0_Release/obj/thumb_crt0.o (debug_fopen)
/usr/share/segger_embedded_studio_for_arm_4.12/lib/libdebugio_mempoll_v7em_fpv4_sp_d16_hard_t_le_eabi.a(mempoll_debug_operations.o)
                              /usr/share/segger_embedded_studio_for_arm_4.12/lib/libdebugio_v7em_fpv4_sp_d16_hard_t_le_eabi.a(libdebugio.o) (__do_debug_operation)
/usr/share/segger_embedded_studio_for_arm_4.12/lib/libdebugio_mempoll_v7em_fpv4_sp_d16_hard_t_le_eabi.a(do_nv_debug_operation.o)
                              /usr/share/segger_embedded_studio_for_arm_4.12/lib/libdebugio_v7em_fpv4_sp_d16_hard_t_le_eabi.a(libdebugio.o) (__do_nvdebug_operation)
/usr/share/segger_embedded_studio_for_arm_4.12/lib/libm_v7em_fpv4_sp_d16_hard_t_le_eabi.a(libm_asm.o)
                              /usr/share/segger_embedded_studio_for_arm_4.12/lib/libc_v7em_fpv4_sp_d16_hard_t_le_eabi.a(libc2.o) (__aeabi_i2d)
/usr/share/segger_embedded_studio_for_arm_4.12/lib/libm_v7em_fpv4_sp_d16_hard_t_le_eabi.a(libm2.o)
                              /usr/share/segger_embedded_studio_for_arm_4.12/lib/libvfprintf_v7em_fpv4_sp_d16_hard_t_le_eabi.o (frexp)
/usr/share/segger_embedded_studio_for_arm_4.12/lib/libm_v7em_fpv4_sp_d16_hard_t_le_eabi.a(libm2_asm.o)
                              /usr/share/segger_embedded_studio_for_arm_4.12/lib/libm_v7em_fpv4_sp_d16_hard_t_le_eabi.a(libm2.o) (fabs)

Discarded input sections

 .text          0x0000000000000000        0x0 build/light_switch_server_nrf52840_xxAA_s140_6.1.0_Release/obj/main.o
 .data          0x0000000000000000        0x0 build/light_switch_server_nrf52840_xxAA_s140_6.1.0_Release/obj/main.o
 .bss           0x0000000000000000        0x0 build/light_switch_server_nrf52840_xxAA_s140_6.1.0_Release/obj/main.o
 .text.nrf52_clock_init
                0x0000000000000000       0x38 build/light_switch_server_nrf52840_xxAA_s140_6.1.0_Release/obj/main.o
 .text.mesh_stack_bsense_server_get
                0x0000000000000000        0x8 build/light_switch_server_nrf52840_xxAA_s140_6.1.0_Release/obj/main.o
 .rodata.nrf52_clock_init.str1.1
                0x0000000000000000       0x15 build/light_switch_server_nrf52840_xxAA_s140_6.1.0_Release/obj/main.o
 .text          0x0000000000000000        0x0 build/light_switch_server_nrf52840_xxAA_s140_6.1.0_Release/obj/mesh_provisionee.o
 .data          0x0000000000000000        0x0 build/light_switch_server_nrf52840_xxAA_s140_6.1.0_Release/obj/mesh_provisionee.o
 .bss           0x0000000000000000        0x0 build/light_switch_server_nrf52840_xxAA_s140_6.1.0_Release/obj/mesh_provisionee.o
 .text.mesh_provisionee_prov_listen_stop
                0x0000000000000000        0xc build/light_switch_server_nrf52840_xxAA_s140_6.1.0_Release/obj/mesh_provisionee.o
 .text          0x0000000000000000        0x0 build/light_switch_server_nrf52840_xxAA_s140_6.1.0_Release/obj/rtt_input.o
 .data          0x0000000000000000        0x0 build/light_switch_server_nrf52840_xxAA_s140_6.1.0_Release/obj/rtt_input.o
 .bss           0x0000000000000000        0x0 build/light_switch_server_nrf52840_xxAA_s140_6.1.0_Release/obj/rtt_input.o
 .text.rtt_input_disable
                0x0000000000000000       0x28 build/light_switch_server_nrf52840_xxAA_s140_6.1.0_Release/obj/rtt_input.o
 .text          0x0000000000000000        0x0 build/light_switch_server_nrf52840_xxAA_s140_6.1.0_Release/obj/mesh_app_utils.o
 .data          0x0000000000000000        0x0 build/light_switch_server_nrf52840_xxAA_s140_6.1.0_Release/obj/mesh_app_utils.o
 .bss           0x0000000000000000        0x0 build/light_switch_server_nrf52840_xxAA_s140_6.1.0_Release/obj/mesh_app_utils.o
 .text          0x0000000000000000        0x0 build/light_switch_server_nrf52840_xxAA_s140_6.1.0_Release/obj/mesh_adv.o
[...]
Memory Configuration

Name             Origin             Length             Attributes
UNPLACED_SECTIONS 0x0000000100000000 0x0000000000000000 xw
RAM              0x0000000020000000 0x000000000003f000 xw
FLASH            0x0000000000000000 0x00000000000f8000 xw
*default*        0x0000000000000000 0xffffffffffffffff

Linker script and memory map

                0x0000000000000000                __vfprintf = __vfprintf_int
                0x0000000000000000                __vfscanf = __vfscanf_int
                0x0000000020000000                __RAM_segment_start__ = 0x20000000
                0x000000002003f000                __RAM_segment_end__ = 0x2003f000
                0x000000000003f000                __RAM_segment_size__ = 0x3f000
                0x0000000000000000                __FLASH_segment_start__ = 0x0
                0x00000000000f8000                __FLASH_segment_end__ = 0xf8000
                0x00000000000f8000                __FLASH_segment_size__ = 0xf8000
                0x0000000000000400                __HEAPSIZE__ = 0x400
                0x0000000000000000                __STACKSIZE_PROCESS__ = 0x0
                0x0000000000000800                __STACKSIZE__ = 0x800
                0x0000000020000000                __reserved_ram_load_start__ = 0x20000000

.reserved_ram   0x0000000020000000     0x2da0
                0x0000000020000000                __reserved_ram_start__ = .
 *(.reserved_ram .reserved_ram.*)
                0x0000000020002da0                . = MAX (((__reserved_ram_start__ + 0x20002da0) - 0x20000000), .)
 *fill*         0x0000000020000000     0x2da0 
                0x0000000020002da0                __reserved_ram_end__ = (__reserved_ram_start__ + SIZEOF (.reserved_ram))
                0x0000000000002da0                __reserved_ram_size__ = SIZEOF (.reserved_ram)
                0x0000000020002da0                __reserved_ram_load_end__ = __reserved_ram_end__
                0x0000000000000001                . = ASSERT (((__reserved_ram_start__ == __reserved_ram_end__) || ((__reserved_ram_end__ >= __RAM_segment_start__) && (__reserved_ram_end__ <= __RAM_segment_end__))), error: .reserved_ram is too large to fit in RAM memory segment)
                0x0000000020002da0                __vectors_ram_load_start__ = 0x20002da0

.vectors_ram    0x0000000020002da0        0x0
                0x0000000020002da0                __vectors_ram_start__ = .
                0x0000000020002da0                __app_ram_start__ = __vectors_ram_start__
 *(.vectors_ram .vectors_ram.*)
                0x0000000020002da0                __vectors_ram_end__ = (__vectors_ram_start__ + SIZEOF (.vectors_ram))
                0x0000000000000000                __vectors_ram_size__ = SIZEOF (.vectors_ram)
                0x0000000020002da0                __vectors_ram_load_end__ = __vectors_ram_end__
                0x0000000000000001                . = ASSERT (((__vectors_ram_start__ == __vectors_ram_end__) || ((__vectors_ram_end__ >= __RAM_segment_start__) && (__vectors_ram_end__ <= __RAM_segment_end__))), error: .vectors_ram is too large to fit in RAM memory segment)
                0x0000000000000001                . = ASSERT ((__reserved_ram_end__ <= __vectors_ram_start__), error: section .reserved_ram overlaps absolute placed section .vectors_ram)
                0x0000000020002da0                __nrf_sections_run_load_start__ = ALIGN (__vectors_ram_end__, 0x4)

.nrf_sections_run
                0x0000000020002da0        0x0
                0x0000000020002da0                __nrf_sections_run_start__ = .
                0x0000000020002da0                __start_nrf_sections_run = __nrf_sections_run_start__
 *(.nrf_sections_run .nrf_sections_run.*)
                0x0000000020002da0                __nrf_sections_run_end__ = (__nrf_sections_run_start__ + SIZEOF (.nrf_sections_run))
                0x0000000000000000                __nrf_sections_run_size__ = SIZEOF (.nrf_sections_run)
                0x0000000020002da0                __nrf_sections_run_load_end__ = __nrf_sections_run_end__
                0x0000000000000001                . = ASSERT (((__nrf_sections_run_start__ == __nrf_sections_run_end__) || ((__nrf_sections_run_end__ >= __RAM_segment_start__) && (__nrf_sections_run_end__ <= __RAM_segment_end__))), error: .nrf_sections_run is too large to fit in RAM memory segment)
                0x0000000000000000                __reserved_flash_load_start__ = 0x0

.reserved_flash
                0x0000000000000000    0x26000
                0x0000000000000000                __reserved_flash_start__ = .
 *(.reserved_flash .reserved_flash.*)
                0x0000000000026000                . = MAX (((__reserved_flash_start__ + 0x26000) - 0x0), .)
 *fill*         0x0000000000000000    0x26000 
                0x0000000000026000                __reserved_flash_end__ = (__reserved_flash_start__ + SIZEOF (.reserved_flash))
                0x0000000000026000                __reserved_flash_size__ = SIZEOF (.reserved_flash)
                0x0000000000026000                __reserved_flash_load_end__ = __reserved_flash_end__
                0x0000000000000001                . = ASSERT (((__reserved_flash_start__ == __reserved_flash_end__) || ((__reserved_flash_end__ >= __FLASH_segment_start__) && (__reserved_flash_end__ <= __FLASH_segment_end__))), error: .reserved_flash is too large to fit in FLASH memory segment)
                0x0000000000026000                __vectors_load_start__ = 0x26000

.vectors        0x0000000000026000      0x200
                0x0000000000026000                __vectors_start__ = .
 *(.vectors .vectors.*)
 .vectors       0x0000000000026000      0x200 build/light_switch_server_nrf52840_xxAA_s140_6.1.0_Release/obj/ses_startup_nrf52840.o
                0x0000000000026000                _vectors
                0x0000000000026200                __vectors_end__ = (__vectors_start__ + SIZEOF (.vectors))
                0x0000000000000200                __vectors_size__ = SIZEOF (.vectors)
                0x0000000000026200                __vectors_load_end__ = __vectors_end__
                0x0000000000000001                . = ASSERT (((__vectors_start__ == __vectors_end__) || ((__vectors_end__ >= __FLASH_segment_start__) && (__vectors_end__ <= __FLASH_segment_end__))), error: .vectors is too large to fit in FLASH memory segment)
                0x0000000000000001                . = ASSERT ((__reserved_flash_end__ <= __vectors_start__), error: section .reserved_flash overlaps absolute placed section .vectors)
                0x0000000000026200                __init_load_start__ = ALIGN (__vectors_end__, 0x4)

.init           0x0000000000026200      0x1a8
                0x0000000000026200                __init_start__ = .
 *(.init .init.*)
 .init          0x0000000000026200      0x158 build/light_switch_server_nrf52840_xxAA_s140_6.1.0_Release/obj/thumb_crt0.o
                0x0000000000026200                _start
                0x00000000000262b2                exit
 .init          0x0000000000026358       0x18 build/light_switch_server_nrf52840_xxAA_s140_6.1.0_Release/obj/ses_startup_nrf52840.o
                0x0000000000026358                NMI_Handler
                0x000000000002635a                HardFault_Handler
                0x000000000002635c                MemoryManagement_Handler
                0x000000000002635e                BusFault_Handler
                0x0000000000026360                UsageFault_Handler
                0x0000000000026362                SVC_Handler
                0x0000000000026364                DebugMon_Handler
                0x0000000000026366                PendSV_Handler
                0x0000000000026368                SysTick_Handler
                0x000000000002636a                RTC0_IRQHandler
                0x000000000002636a                PWM1_IRQHandler
                0x000000000002636a                RADIO_IRQHandler
                0x000000000002636a                PDM_IRQHandler
                0x000000000002636a                TEMP_IRQHandler
                0x000000000002636a                TIMER3_IRQHandler
                0x000000000002636a                PWM3_IRQHandler
                0x000000000002636a                FPU_IRQHandler
                0x000000000002636a                USBD_IRQHandler
                0x000000000002636a                TIMER4_IRQHandler
                0x000000000002636a                CRYPTOCELL_IRQHandler
                0x000000000002636a                I2S_IRQHandler
                0x000000000002636a                SWI4_EGU4_IRQHandler
                0x000000000002636a                TIMER0_IRQHandler
                0x000000000002636a                UARTE1_IRQHandler
                0x000000000002636a                Dummy_Handler
                0x000000000002636a                SPIM3_IRQHandler
                0x000000000002636a                PWM2_IRQHandler
                0x000000000002636a                ECB_IRQHandler
                0x000000000002636a                SPIM1_SPIS1_TWIM1_TWIS1_SPI1_TWI1_IRQHandler
                0x000000000002636a                CCM_AAR_IRQHandler
                0x000000000002636a                WDT_IRQHandler
                0x000000000002636a                SWI5_EGU5_IRQHandler
                0x000000000002636a                RNG_IRQHandler
                0x000000000002636a                RTC2_IRQHandler
                0x000000000002636a                PWM0_IRQHandler
                0x000000000002636a                SWI3_EGU3_IRQHandler
                0x000000000002636a                SWI1_EGU1_IRQHandler
                0x000000000002636a                SPIM2_SPIS2_SPI2_IRQHandler
                0x000000000002636a                NFCT_IRQHandler
                0x000000000002636a                MWU_IRQHandler
                0x000000000002636a                QSPI_IRQHandler
                0x000000000002636a                COMP_LPCOMP_IRQHandler
                0x000000000002636c                nRFInitialize
 .init          0x0000000000026370       0x38 build/light_switch_server_nrf52840_xxAA_s140_6.1.0_Release/obj/ses_startup_nrf_common.o
                0x0000000000026370                Reset_Handler
                0x00000000000263a8                __init_end__ = (__init_start__ + SIZEOF (.init))
                0x00000000000001a8                __init_size__ = SIZEOF (.init)
                0x00000000000263a8                __init_load_end__ = __init_end__
                0x0000000000000001                . = ASSERT (((__init_start__ == __init_end__) || ((__init_end__ >= __FLASH_segment_start__) && (__init_end__ <= __FLASH_segment_end__))), error: .init is too large to fit in FLASH memory segment)
                0x00000000000263a8                __init_rodata_load_start__ = ALIGN (__init_end__, 0x4)

.init_rodata    0x00000000000263a8        0x0
                0x00000000000263a8                __init_rodata_start__ = .
 *(.init_rodata .init_rodata.*)
                0x00000000000263a8                __init_rodata_end__ = (__init_rodata_start__ + SIZEOF (.init_rodata))
                0x0000000000000000                __init_rodata_size__ = SIZEOF (.init_rodata)
                0x00000000000263a8                __init_rodata_load_end__ = __init_rodata_end__
                0x0000000000000001                . = ASSERT (((__init_rodata_start__ == __init_rodata_end__) || ((__init_rodata_end__ >= __FLASH_segment_start__) && (__init_rodata_end__ <= __FLASH_segment_end__))), error: .init_rodata is too large to fit in FLASH memory segment)
                0x00000000000263a8                __text_load_start__ = ALIGN (__init_rodata_end__, 0x4)

.text           0x00000000000263a8    0x1a4a0
                0x00000000000263a8                __text_start__ = .
 *(.text .text.* .glue_7t .glue_7 .gnu.linkonce.t.* .gcc_except_table .ARM.extab* .gnu.linkonce.armextab.*)
 .glue_7        0x00000000000263a8        0x0 linker stubs
 .glue_7t       0x00000000000263a8        0x0 linker stubs
 .text.sd_app_evt_wait
                0x00000000000263a8        0x4 build/light_switch_server_nrf52840_xxAA_s140_6.1.0_Release/obj/main.o
 .text.device_identification_start_cb
                0x00000000000263ac        0x2 build/light_switch_server_nrf52840_xxAA_s140_6.1.0_Release/obj/main.o
 *fill*         0x00000000000263ae        0x2 
 .text.bsense_server_attention_cb
                0x00000000000263b0       0x88 build/light_switch_server_nrf52840_xxAA_s140_6.1.0_Release/obj/main.o
                0x00000000000263b0                bsense_server_attention_cb
 .text.provisioning_aborted_cb
                0x0000000000026438       0x20 build/light_switch_server_nrf52840_xxAA_s140_6.1.0_Release/obj/main.o
 .text.models_init_cb
                0x0000000000026458       0x80 build/light_switch_server_nrf52840_xxAA_s140_6.1.0_Release/obj/main.o
 .text.node_reset
                0x00000000000264d8       0x48 build/light_switch_server_nrf52840_xxAA_s140_6.1.0_Release/obj/main.o
 .text.config_server_evt_cb
                0x0000000000026520        0xc build/light_switch_server_nrf52840_xxAA_s140_6.1.0_Release/obj/main.o
 .text.provisioning_complete_cb
                0x000000000002652c       0xa8 build/light_switch_server_nrf52840_xxAA_s140_6.1.0_Release/obj/main.o
 .text.app_rtt_input_handler
                0x00000000000265d4       0x90 build/light_switch_server_nrf52840_xxAA_s140_6.1.0_Release/obj/main.o
 .text.nrf_gpio_cfg_input
                0x0000000000026664       0x20 build/light_switch_server_nrf52840_xxAA_s140_6.1.0_Release/obj/main.o
 .text.nrf_gpio_cfg_output
                0x0000000000026684       0x20 build/light_switch_server_nrf52840_xxAA_s140_6.1.0_Release/obj/main.o
 .text.nrf_gpio_pin_set
                0x00000000000266a4       0x20 build/light_switch_server_nrf52840_xxAA_s140_6.1.0_Release/obj/main.o
 .text.nrf_gpio_input_disconnect
                0x00000000000266c4       0x24 build/light_switch_server_nrf52840_xxAA_s140_6.1.0_Release/obj/main.o
 .text.sensor_node_board_init
                0x00000000000266e8      0x1ce build/light_switch_server_nrf52840_xxAA_s140_6.1.0_Release/obj/main.o
                0x00000000000266e8                sensor_node_board_init
 *fill*         0x00000000000268b6        0x2 
 .text.nrf52_platform_functions_init
                0x00000000000268b8       0x28 build/light_switch_server_nrf52840_xxAA_s140_6.1.0_Release/obj/main.o
                0x00000000000268b8                nrf52_platform_functions_init
 .text.configure_gpio_as_output_example
                0x00000000000268e0       0x44 build/light_switch_server_nrf52840_xxAA_s140_6.1.0_Release/obj/main.o
                0x00000000000268e0                configure_gpio_as_output_example
 .text.configure_gpio_as_input_example
                0x0000000000026924       0x3c build/light_switch_server_nrf52840_xxAA_s140_6.1.0_Release/obj/main.o
                0x0000000000026924                configure_gpio_as_input_example
 .text.application_event_handler
                0x0000000000026960       0x1a build/light_switch_server_nrf52840_xxAA_s140_6.1.0_Release/obj/main.o
                0x0000000000026960                application_event_handler
 *fill*         0x000000000002697a        0x2 
 .text.startup.main
                0x000000000002697c      0x264 build/light_switch_server_nrf52840_xxAA_s140_6.1.0_Release/obj/main.o
                0x000000000002697c                main
 .text.provisionee_start
                0x0000000000026be0       0x18 build/light_switch_server_nrf52840_xxAA_s140_6.1.0_Release/obj/mesh_provisionee.o
 .text.prov_evt_handler
                0x0000000000026bf8       0xbc build/light_switch_server_nrf52840_xxAA_s140_6.1.0_Release/obj/mesh_provisionee.o
 .text.sd_state_evt_handler
                0x0000000000026cb4       0xa8 build/light_switch_server_nrf52840_xxAA_s140_6.1.0_Release/obj/mesh_provisionee.o
 .text.mesh_evt_handler
                0x0000000000026d5c       0x2c build/light_switch_server_nrf52840_xxAA_s140_6.1.0_Release/obj/mesh_provisionee.o
 .text.mesh_provisionee_prov_start
                0x0000000000026d88       0x9c build/light_switch_server_nrf52840_xxAA_s140_6.1.0_Release/obj/mesh_provisionee.o
                0x0000000000026d88                mesh_provisionee_prov_start
 .text.timeout_handler
                0x0000000000026e24       0x1c build/light_switch_server_nrf52840_xxAA_s140_6.1.0_Release/obj/rtt_input.o
                0x0000000000026e24                timeout_handler
 .text.rtt_input_enable
                0x0000000000026e40       0x6c build/light_switch_server_nrf52840_xxAA_s140_6.1.0_Release/obj/rtt_input.o
                0x0000000000026e40                rtt_input_enable
 .text.mesh_app_uuid_print
                0x0000000000026eac       0xd8 build/light_switch_server_nrf52840_xxAA_s140_6.1.0_Release/obj/mesh_app_utils.o
                0x0000000000026eac                mesh_app_uuid_print
 .text.sd_ble_gap_adv_set_configure
                0x0000000000026f84        0x4 build/light_switch_server_nrf52840_xxAA_s140_6.1.0_Release/obj/mesh_adv.o
 .text.sd_ble_gap_adv_start
                0x0000000000026f88        0x4 build/light_switch_server_nrf52840_xxAA_s140_6.1.0_Release/obj/mesh_adv.o
 .text.sd_ble_gap_adv_stop
                0x0000000000026f8c        0x4 build/light_switch_server_nrf52840_xxAA_s140_6.1.0_Release/obj/mesh_adv.o
 .text.mesh_adv_data_set
                0x0000000000026f90       0xe0 build/light_switch_server_nrf52840_xxAA_s140_6.1.0_Release/obj/mesh_adv.o
                0x0000000000026f90                mesh_adv_data_set
 .text.mesh_adv_params_set
                0x0000000000027070       0x28 build/light_switch_server_nrf52840_xxAA_s140_6.1.0_Release/obj/mesh_adv.o
                0x0000000000027070                mesh_adv_params_set
 .text.mesh_adv_start
                0x0000000000027098       0x20 build/light_switch_server_nrf52840_xxAA_s140_6.1.0_Release/obj/mesh_adv.o
                0x0000000000027098                mesh_adv_start
 .text.mesh_adv_stop
                0x00000000000270b8       0x1c build/light_switch_server_nrf52840_xxAA_s140_6.1.0_Release/obj/mesh_adv.o
                0x00000000000270b8                mesh_adv_stop
 .text.sd_ble_gap_disconnect
                0x00000000000270d4        0x4 build/light_switch_server_nrf52840_xxAA_s140_6.1.0_Release/obj/ble_softdevice_support.o
 .text.sd_ble_gap_ppcp_set
                0x00000000000270d8        0x4 build/light_switch_server_nrf52840_xxAA_s140_6.1.0_Release/obj/ble_softdevice_support.o
 .text.sd_ble_gap_device_name_set
                0x00000000000270dc        0x4 build/light_switch_server_nrf52840_xxAA_s140_6.1.0_Release/obj/ble_softdevice_support.o
 .text.conn_params_error_handler
                0x00000000000270e0        0x4 build/light_switch_server_nrf52840_xxAA_s140_6.1.0_Release/obj/ble_softdevice_support.o
 .text.on_sd_evt
                0x00000000000270e4        0x4 build/light_switch_server_nrf52840_xxAA_s140_6.1.0_Release/obj/ble_softdevice_support.o
 .text.on_conn_params_evt
                0x00000000000270e8       0x5c build/light_switch_server_nrf52840_xxAA_s140_6.1.0_Release/obj/ble_softdevice_support.o
 .text.ble_stack_init
                0x0000000000027144       0x32 build/light_switch_server_nrf52840_xxAA_s140_6.1.0_Release/obj/ble_softdevice_support.o
                0x0000000000027144                ble_stack_init
 *fill*         0x0000000000027176        0x2 
 .text.gap_params_init
                0x0000000000027178       0xa4 build/light_switch_server_nrf52840_xxAA_s140_6.1.0_Release/obj/ble_softdevice_support.o
                0x0000000000027178                gap_params_init
 .text.conn_params_init
                0x000000000002721c       0x58 build/light_switch_server_nrf52840_xxAA_s140_6.1.0_Release/obj/ble_softdevice_support.o
                0x000000000002721c                conn_params_init
 .text._weak_handler
                0x0000000000027274        0x4 build/light_switch_server_nrf52840_xxAA_s140_6.1.0_Release/obj/nrf_mesh_weak.o
                0x0000000000027274                nrf_mesh_dfu_init
                0x0000000000027274                nrf_mesh_dfu_jump_to_bootloader
                0x0000000000027274                nrf_mesh_dfu_rx
                0x0000000000027274                prov_provisioner_provision
                0x0000000000027274                nrf_mesh_dfu_bank_info_get
                0x0000000000027274                prov_provisioner_oob_pubkey
                0x0000000000027274                nrf_mesh_dfu_request
                0x0000000000027274                nrf_mesh_dfu_bank_flash
                0x0000000000027274                nrf_mesh_dfu_enable
                0x0000000000027274                _weak_handler
                0x0000000000027274                nrf_mesh_dfu_relay
                0x0000000000027274                nrf_mesh_dfu_abort
                0x0000000000027274                mesh_flash_op_execute
                0x0000000000027274                prov_provisionee_init
                0x0000000000027274                nrf_mesh_dfu_state_get
                0x0000000000027274                prov_provisioner_shared_secret
                0x0000000000027274                prov_provisioner_auth_data
                0x0000000000027274                prov_provisioner_oob_use
 .text.mesh_assertion_handler
                0x0000000000027278       0x24 build/light_switch_server_nrf52840_xxAA_s140_6.1.0_Release/obj/assertion_handler_weak.o
                0x0000000000027278                mesh_assertion_handler
 .text.app_error_fault_handler
                0x000000000002729c       0xd0 build/light_switch_server_nrf52840_xxAA_s140_6.1.0_Release/obj/app_error_weak.o
                0x000000000002729c                app_error_fault_handler
 .text.nrf_mesh_configure_device_uuid_set
                0x000000000002736c       0x18 build/light_switch_server_nrf52840_xxAA_s140_6.1.0_Release/obj/nrf_mesh_configure.o
                0x000000000002736c                nrf_mesh_configure_device_uuid_set
 .text.nrf_mesh_configure_device_uuid_reset
                0x0000000000027384       0x30 build/light_switch_server_nrf52840_xxAA_s140_6.1.0_Release/obj/nrf_mesh_configure.o
                0x0000000000027384                nrf_mesh_configure_device_uuid_reset
 .text.nrf_mesh_configure_device_uuid_get
                0x00000000000273b4        0x8 build/light_switch_server_nrf52840_xxAA_s140_6.1.0_Release/obj/nrf_mesh_configure.o
                0x00000000000273b4                nrf_mesh_configure_device_uuid_get
 .text.msg_cache_init
                0x00000000000273bc       0x24 build/light_switch_server_nrf52840_xxAA_s140_6.1.0_Release/obj/msg_cache.o
                0x00000000000273bc                msg_cache_init
 .text.msg_cache_entry_exists
                0x00000000000273e0       0x3c build/light_switch_server_nrf52840_xxAA_s140_6.1.0_Release/obj/msg_cache.o
                0x00000000000273e0                msg_cache_entry_exists
 .text.msg_cache_entry_add
                0x000000000002741c       0x2c build/light_switch_server_nrf52840_xxAA_s140_6.1.0_Release/obj/msg_cache.o
                0x000000000002741c                msg_cache_entry_add
 .text.seqauth_sequence_number_get
                0x0000000000027448       0x12 build/light_switch_server_nrf52840_xxAA_s140_6.1.0_Release/obj/transport.o
 *fill*         0x000000000002745a        0x2 
 .text.control_packet_callback_get
                0x000000000002745c       0x40 build/light_switch_server_nrf52840_xxAA_s140_6.1.0_Release/obj/transport.o
 .text.tx_complete
                0x000000000002749c       0x2c build/light_switch_server_nrf52840_xxAA_s140_6.1.0_Release/obj/transport.o
 .text.block_ack_full
                0x00000000000274c8       0x1a build/light_switch_server_nrf52840_xxAA_s140_6.1.0_Release/obj/transport.o
 *fill*         0x00000000000274e2        0x2 
 .text.sar_rx_session_mark_as_handled
                0x00000000000274e4       0x48 build/light_switch_server_nrf52840_xxAA_s140_6.1.0_Release/obj/transport.o
 .text.upper_trs_packet_encrypt
                0x000000000002752c       0x86 build/light_switch_server_nrf52840_xxAA_s140_6.1.0_Release/obj/transport.o
 .text.sar_ctx_free
                0x00000000000275b2       0x4e build/light_switch_server_nrf52840_xxAA_s140_6.1.0_Release/obj/transport.o
 .text.sar_ctx_tx_complete
                0x0000000000027600       0x2e build/light_switch_server_nrf52840_xxAA_s140_6.1.0_Release/obj/transport.o
 *fill*         0x000000000002762e        0x2 
 .text.sar_ctx_alloc
                0x0000000000027630       0xe0 build/light_switch_server_nrf52840_xxAA_s140_6.1.0_Release/obj/transport.o
 .text.test_transport_decrypt
                0x0000000000027710       0x64 build/light_switch_server_nrf52840_xxAA_s140_6.1.0_Release/obj/transport.o
 .text.upper_transport_access_packet_in
                0x0000000000027774      0x178 build/light_switch_server_nrf52840_xxAA_s140_6.1.0_Release/obj/transport.o
 .text.trs_packet_header_build
                0x00000000000278ec       0x82 build/light_switch_server_nrf52840_xxAA_s140_6.1.0_Release/obj/transport.o
 *fill*         0x000000000002796e        0x2 
 .text.tx_retry_timer_reset
                0x0000000000027970       0x3c build/light_switch_server_nrf52840_xxAA_s140_6.1.0_Release/obj/transport.o
 .text.sar_ctx_cancel
                0x00000000000279ac       0x84 build/light_switch_server_nrf52840_xxAA_s140_6.1.0_Release/obj/transport.o
 .text.abort_timeout
                0x0000000000027a30        0x8 build/light_switch_server_nrf52840_xxAA_s140_6.1.0_Release/obj/transport.o
 .text.retry_timeout
                0x0000000000027a38       0x4c build/light_switch_server_nrf52840_xxAA_s140_6.1.0_Release/obj/transport.o
 .text.trs_sar_packet_out
                0x0000000000027a84       0xf8 build/light_switch_server_nrf52840_xxAA_s140_6.1.0_Release/obj/transport.o
 .text.upper_transport_packet_in
                0x0000000000027b7c      0x124 build/light_switch_server_nrf52840_xxAA_s140_6.1.0_Release/obj/transport.o
 .text.segmented_packet_tx
                0x0000000000027ca0      0x120 build/light_switch_server_nrf52840_xxAA_s140_6.1.0_Release/obj/transport.o
 .text.upper_transport_tx
                0x0000000000027dc0       0xba build/light_switch_server_nrf52840_xxAA_s140_6.1.0_Release/obj/transport.o
 *fill*         0x0000000000027e7a        0x2 
 .text.transport_init
                0x0000000000027e7c       0x84 build/light_switch_server_nrf52840_xxAA_s140_6.1.0_Release/obj/transport.o
                0x0000000000027e7c                transport_init
 .text.transport_enable
                0x0000000000027f00        0x4 build/light_switch_server_nrf52840_xxAA_s140_6.1.0_Release/obj/transport.o
                0x0000000000027f00                transport_enable
 .text.transport_tx
                0x0000000000027f04       0xb8 build/light_switch_server_nrf52840_xxAA_s140_6.1.0_Release/obj/transport.o
                0x0000000000027f04                transport_tx
 .text.transport_control_tx
                0x0000000000027fbc       0x96 build/light_switch_server_nrf52840_xxAA_s140_6.1.0_Release/obj/transport.o
                0x0000000000027fbc                transport_control_tx
 *fill*         0x0000000000028052        0x2 
 .text.sar_ack_send
                0x0000000000028054       0x90 build/light_switch_server_nrf52840_xxAA_s140_6.1.0_Release/obj/transport.o
 .text.transport_sar_process
                0x00000000000280e4       0x88 build/light_switch_server_nrf52840_xxAA_s140_6.1.0_Release/obj/transport.o
 .text.transport_packet_in
                0x000000000002816c      0x3e0 build/light_switch_server_nrf52840_xxAA_s140_6.1.0_Release/obj/transport.o
                0x000000000002816c                transport_packet_in
 .text.ack_timeout
                0x000000000002854c       0x28 build/light_switch_server_nrf52840_xxAA_s140_6.1.0_Release/obj/transport.o
 .text.transport_control_packet_consumer_add
                0x0000000000028574       0x5c build/light_switch_server_nrf52840_xxAA_s140_6.1.0_Release/obj/transport.o
                0x0000000000028574                transport_control_packet_consumer_add
 .text.event_handle
                0x00000000000285d0       0x54 build/light_switch_server_nrf52840_xxAA_s140_6.1.0_Release/obj/event.o
                0x00000000000285d0                event_handle
 .text.event_handler_add
                0x0000000000028624       0x20 build/light_switch_server_nrf52840_xxAA_s140_6.1.0_Release/obj/event.o
                0x0000000000028624                event_handler_add
 .text.event_handler_remove
                0x0000000000028644       0x34 build/light_switch_server_nrf52840_xxAA_s140_6.1.0_Release/obj/event.o
                0x0000000000028644                event_handler_remove
 .text.m_index_increment
                0x0000000000028678       0x1e build/light_switch_server_nrf52840_xxAA_s140_6.1.0_Release/obj/packet_buffer.o
 .text.m_get_next_packet
                0x0000000000028696       0x1c build/light_switch_server_nrf52840_xxAA_s140_6.1.0_Release/obj/packet_buffer.o
 .text.packet_buffer_init
                0x00000000000286b2       0xac build/light_switch_server_nrf52840_xxAA_s140_6.1.0_Release/obj/packet_buffer.o
                0x00000000000286b2                packet_buffer_init
 .text.packet_buffer_flush
                0x000000000002875e       0x50 build/light_switch_server_nrf52840_xxAA_s140_6.1.0_Release/obj/packet_buffer.o
                0x000000000002875e                packet_buffer_flush
 .text.packet_buffer_reserve
                0x00000000000287ae       0xa2 build/light_switch_server_nrf52840_xxAA_s140_6.1.0_Release/obj/packet_buffer.o
                0x00000000000287ae                packet_buffer_reserve
 .text.packet_buffer_commit
                0x0000000000028850       0x62 build/light_switch_server_nrf52840_xxAA_s140_6.1.0_Release/obj/packet_buffer.o
                0x0000000000028850                packet_buffer_commit
 .text.packet_buffer_pop
                0x00000000000288b2       0x5a build/light_switch_server_nrf52840_xxAA_s140_6.1.0_Release/obj/packet_buffer.o
                0x00000000000288b2                packet_buffer_pop
 .text.packet_buffer_can_pop
                0x000000000002890c       0x34 build/light_switch_server_nrf52840_xxAA_s140_6.1.0_Release/obj/packet_buffer.o
                0x000000000002890c                packet_buffer_can_pop
 .text.packet_buffer_packets_ready_to_pop
                0x0000000000028940       0x36 build/light_switch_server_nrf52840_xxAA_s140_6.1.0_Release/obj/packet_buffer.o
                0x0000000000028940                packet_buffer_packets_ready_to_pop
 .text.packet_buffer_free
                0x0000000000028976       0x74 build/light_switch_server_nrf52840_xxAA_s140_6.1.0_Release/obj/packet_buffer.o
                0x0000000000028976                packet_buffer_free
 .text.packet_buffer_is_empty
                0x00000000000289ea       0x28 build/light_switch_server_nrf52840_xxAA_s140_6.1.0_Release/obj/packet_buffer.o
                0x00000000000289ea                packet_buffer_is_empty
 .text.get_last_page
                0x0000000000028a12       0x14 build/light_switch_server_nrf52840_xxAA_s140_6.1.0_Release/obj/flash_manager_defrag.o
 *fill*         0x0000000000028a26        0x2 
 .text.defrag_on_end
                0x0000000000028a28       0x1c build/light_switch_server_nrf52840_xxAA_s140_6.1.0_Release/obj/flash_manager_defrag.o
 .text.execute_procedure_step
                0x0000000000028a44       0x70 build/light_switch_server_nrf52840_xxAA_s140_6.1.0_Release/obj/flash_manager_defrag.o
 .text.get_next_entry
                0x0000000000028ab4       0x34 build/light_switch_server_nrf52840_xxAA_s140_6.1.0_Release/obj/flash_manager_defrag.o
 .text.get_next_data_entry
                0x0000000000028ae8       0x26 build/light_switch_server_nrf52840_xxAA_s140_6.1.0_Release/obj/flash_manager_defrag.o
 *fill*         0x0000000000028b0e        0x2 
 .text.on_flash_op_end
                0x0000000000028b10       0x2c build/light_switch_server_nrf52840_xxAA_s140_6.1.0_Release/obj/flash_manager_defrag.o
 .text.check_for_invalid_entries
                0x0000000000028b3c       0x38 build/light_switch_server_nrf52840_xxAA_s140_6.1.0_Release/obj/flash_manager_defrag.o
 .text.erase_recovery_area
                0x0000000000028b74       0x34 build/light_switch_server_nrf52840_xxAA_s140_6.1.0_Release/obj/flash_manager_defrag.o
 .text.flash.constprop.6
                0x0000000000028ba8       0x24 build/light_switch_server_nrf52840_xxAA_s140_6.1.0_Release/obj/flash_manager_defrag.o
 .text.invalidate_duplicate_entries
                0x0000000000028bcc       0xa8 build/light_switch_server_nrf52840_xxAA_s140_6.1.0_Release/obj/flash_manager_defrag.o
 .text.seal_storage_page
                0x0000000000028c74       0x50 build/light_switch_server_nrf52840_xxAA_s140_6.1.0_Release/obj/flash_manager_defrag.o
 .text.copy_metadata
                0x0000000000028cc4       0x3c build/light_switch_server_nrf52840_xxAA_s140_6.1.0_Release/obj/flash_manager_defrag.o
 .text.write_defrag_start_pointer
                0x0000000000028d00       0x20 build/light_switch_server_nrf52840_xxAA_s140_6.1.0_Release/obj/flash_manager_defrag.o
 .text.write_back
                0x0000000000028d20       0x28 build/light_switch_server_nrf52840_xxAA_s140_6.1.0_Release/obj/flash_manager_defrag.o
 .text.post_process
                0x0000000000028d48       0x40 build/light_switch_server_nrf52840_xxAA_s140_6.1.0_Release/obj/flash_manager_defrag.o
 .text.backup_entries
                0x0000000000028d88       0xd8 build/light_switch_server_nrf52840_xxAA_s140_6.1.0_Release/obj/flash_manager_defrag.o
 .text.erase_source
                0x0000000000028e60       0x34 build/light_switch_server_nrf52840_xxAA_s140_6.1.0_Release/obj/flash_manager_defrag.o
 .text.flash_manager_defrag_init
                0x0000000000028e94       0x8c build/light_switch_server_nrf52840_xxAA_s140_6.1.0_Release/obj/flash_manager_defrag.o
                0x0000000000028e94                flash_manager_defrag_init
 .text.flash_manager_defragging
                0x0000000000028f20       0x38 build/light_switch_server_nrf52840_xxAA_s140_6.1.0_Release/obj/flash_manager_defrag.o
                0x0000000000028f20                flash_manager_defragging
 .text.flash_manager_defrag_is_running
                0x0000000000028f58       0x10 build/light_switch_server_nrf52840_xxAA_s140_6.1.0_Release/obj/flash_manager_defrag.o
                0x0000000000028f58                flash_manager_defrag_is_running
 .text.flash_manager_defrag
                0x0000000000028f68       0x44 build/light_switch_server_nrf52840_xxAA_s140_6.1.0_Release/obj/flash_manager_defrag.o
                0x0000000000028f68                flash_manager_defrag
 .text.flash_manager_defrag_recovery_page_get
                0x0000000000028fac        0xc build/light_switch_server_nrf52840_xxAA_s140_6.1.0_Release/obj/flash_manager_defrag.o
                0x0000000000028fac                flash_manager_defrag_recovery_page_get
 .text.fifo_init
                0x0000000000028fb8       0x34 build/light_switch_server_nrf52840_xxAA_s140_6.1.0_Release/obj/fifo.o
                0x0000000000028fb8                fifo_init
 .text.fifo_pop
                0x0000000000028fec       0x52 build/light_switch_server_nrf52840_xxAA_s140_6.1.0_Release/obj/fifo.o
                0x0000000000028fec                fifo_pop
 *fill*         0x000000000002903e        0x2 
 .text.wait_for_ready
                0x0000000000029040       0x10 build/light_switch_server_nrf52840_xxAA_s140_6.1.0_Release/obj/nrf_flash.o
 .text.nrf_flash_erase
                0x0000000000029050       0x50 build/light_switch_server_nrf52840_xxAA_s140_6.1.0_Release/obj/nrf_flash.o
                0x0000000000029050                nrf_flash_erase
 .text.nrf_flash_write
                0x00000000000290a0       0x50 build/light_switch_server_nrf52840_xxAA_s140_6.1.0_Release/obj/nrf_flash.o
                0x00000000000290a0                nrf_flash_write
 .text.entry_recover_cb
                0x00000000000290f0       0x18 build/light_switch_server_nrf52840_xxAA_s140_6.1.0_Release/obj/net_state.o
 .text.flash_store_iv_index
                0x0000000000029108       0x38 build/light_switch_server_nrf52840_xxAA_s140_6.1.0_Release/obj/net_state.o
 .text.flash_mem_available
                0x0000000000029140       0x14 build/light_switch_server_nrf52840_xxAA_s140_6.1.0_Release/obj/net_state.o
 .text.iv_index_notify
                0x0000000000029154       0x30 build/light_switch_server_nrf52840_xxAA_s140_6.1.0_Release/obj/net_state.o
 .text.seqnum_block_allocate
                0x0000000000029184       0x4c build/light_switch_server_nrf52840_xxAA_s140_6.1.0_Release/obj/net_state.o
 .text.net_state_reset
                0x00000000000291d0       0x48 build/light_switch_server_nrf52840_xxAA_s140_6.1.0_Release/obj/net_state.o
                0x00000000000291d0                net_state_reset
 .text.flash_write_complete
                0x0000000000029218       0x64 build/light_switch_server_nrf52840_xxAA_s140_6.1.0_Release/obj/net_state.o
 .text.net_state_recover_from_flash
                0x000000000002927c       0x60 build/light_switch_server_nrf52840_xxAA_s140_6.1.0_Release/obj/net_state.o
                0x000000000002927c                net_state_recover_from_flash
 .text.net_state_flash_area_get
                0x00000000000292dc        0xc build/light_switch_server_nrf52840_xxAA_s140_6.1.0_Release/obj/net_state.o
                0x00000000000292dc                net_state_flash_area_get
 .text.init_flash_storage
                0x00000000000292e8       0x3c build/light_switch_server_nrf52840_xxAA_s140_6.1.0_Release/obj/net_state.o
 .text.net_state_init
                0x0000000000029324       0x44 build/light_switch_server_nrf52840_xxAA_s140_6.1.0_Release/obj/net_state.o
                0x0000000000029324                net_state_init
 .text.net_state_enable
                0x0000000000029368       0x30 build/light_switch_server_nrf52840_xxAA_s140_6.1.0_Release/obj/net_state.o
                0x0000000000029368                net_state_enable
 .text.net_state_iv_update_start
                0x0000000000029398       0x50 build/light_switch_server_nrf52840_xxAA_s140_6.1.0_Release/obj/net_state.o
                0x0000000000029398                net_state_iv_update_start
 .text.iv_update_trigger_if_pending
                0x00000000000293e8       0x6c build/light_switch_server_nrf52840_xxAA_s140_6.1.0_Release/obj/net_state.o
 .text.iv_update_timer_handler
                0x0000000000029454       0x64 build/light_switch_server_nrf52840_xxAA_s140_6.1.0_Release/obj/net_state.o
 .text.mesh_evt_handler
                0x00000000000294b8       0x8c build/light_switch_server_nrf52840_xxAA_s140_6.1.0_Release/obj/net_state.o
 .text.net_state_seqnum_alloc
                0x0000000000029544       0x68 build/light_switch_server_nrf52840_xxAA_s140_6.1.0_Release/obj/net_state.o
                0x0000000000029544                net_state_seqnum_alloc
 .text.net_state_iv_index_lock
                0x00000000000295ac       0x3c build/light_switch_server_nrf52840_xxAA_s140_6.1.0_Release/obj/net_state.o
                0x00000000000295ac                net_state_iv_index_lock
 .text.net_state_key_refresh_phase_changed
                0x00000000000295e8       0x20 build/light_switch_server_nrf52840_xxAA_s140_6.1.0_Release/obj/net_state.o
                0x00000000000295e8                net_state_key_refresh_phase_changed
 .text.net_state_beacon_iv_index_get
                0x0000000000029608        0xc build/light_switch_server_nrf52840_xxAA_s140_6.1.0_Release/obj/net_state.o
                0x0000000000029608                net_state_beacon_iv_index_get
 .text.net_state_tx_iv_index_get
                0x0000000000029614       0x14 build/light_switch_server_nrf52840_xxAA_s140_6.1.0_Release/obj/net_state.o
                0x0000000000029614                net_state_tx_iv_index_get
 .text.net_state_rx_iv_index_get
                0x0000000000029628       0x18 build/light_switch_server_nrf52840_xxAA_s140_6.1.0_Release/obj/net_state.o
                0x0000000000029628                net_state_rx_iv_index_get
 .text.net_state_iv_update_get
                0x0000000000029640        0xc build/light_switch_server_nrf52840_xxAA_s140_6.1.0_Release/obj/net_state.o
                0x0000000000029640                net_state_iv_update_get
 .text.net_state_iv_index_set
                0x000000000002964c       0x34 build/light_switch_server_nrf52840_xxAA_s140_6.1.0_Release/obj/net_state.o
                0x000000000002964c                net_state_iv_index_set
 .text.send_end_events
                0x0000000000029680       0x84 build/light_switch_server_nrf52840_xxAA_s140_6.1.0_Release/obj/mesh_flash.o
 .text.flash_op_action_prepare
                0x0000000000029704       0x78 build/light_switch_server_nrf52840_xxAA_s140_6.1.0_Release/obj/mesh_flash.o
 .text.flash_op_schedule
                0x000000000002977c       0x20 build/light_switch_server_nrf52840_xxAA_s140_6.1.0_Release/obj/mesh_flash.o
 .text.flash_op_start
                0x000000000002979c      0x13c build/light_switch_server_nrf52840_xxAA_s140_6.1.0_Release/obj/mesh_flash.o
 .text.mesh_flash_init
                0x00000000000298d8       0x7c build/light_switch_server_nrf52840_xxAA_s140_6.1.0_Release/obj/mesh_flash.o
                0x00000000000298d8                mesh_flash_init
 .text.mesh_flash_user_callback_set
                0x0000000000029954       0x20 build/light_switch_server_nrf52840_xxAA_s140_6.1.0_Release/obj/mesh_flash.o
                0x0000000000029954                mesh_flash_user_callback_set
 .text.mesh_flash_op_push
                0x0000000000029974      0x118 build/light_switch_server_nrf52840_xxAA_s140_6.1.0_Release/obj/mesh_flash.o
                0x0000000000029974                mesh_flash_op_push
 .text.mesh_flash_set_suspended
                0x0000000000029a8c       0x70 build/light_switch_server_nrf52840_xxAA_s140_6.1.0_Release/obj/mesh_flash.o
                0x0000000000029a8c                mesh_flash_set_suspended
 .text.nrf_mesh_address_type_get
                0x0000000000029afc       0x10 build/light_switch_server_nrf52840_xxAA_s140_6.1.0_Release/obj/nrf_mesh_utils.o
                0x0000000000029afc                nrf_mesh_address_type_get
 .text.sd_softdevice_is_enabled
                0x0000000000029b0c        0x4 build/light_switch_server_nrf52840_xxAA_s140_6.1.0_Release/obj/nrf_mesh.o
 .text.nrf_mesh_listen
                0x0000000000029b10       0xe8 build/light_switch_server_nrf52840_xxAA_s140_6.1.0_Release/obj/nrf_mesh.o
 .text.scanner_packet_process_cb
                0x0000000000029bf8       0x8c build/light_switch_server_nrf52840_xxAA_s140_6.1.0_Release/obj/nrf_mesh.o
 .text.bearer_stopped_cb
                0x0000000000029c84       0x30 build/light_switch_server_nrf52840_xxAA_s140_6.1.0_Release/obj/nrf_mesh.o
 .text.nrf_mesh_init
                0x0000000000029cb4       0xcc build/light_switch_server_nrf52840_xxAA_s140_6.1.0_Release/obj/nrf_mesh.o
                0x0000000000029cb4                nrf_mesh_init
 .text.nrf_mesh_enable
                0x0000000000029d80       0x88 build/light_switch_server_nrf52840_xxAA_s140_6.1.0_Release/obj/nrf_mesh.o
                0x0000000000029d80                nrf_mesh_enable
 .text.nrf_mesh_disable
                0x0000000000029e08       0x2c build/light_switch_server_nrf52840_xxAA_s140_6.1.0_Release/obj/nrf_mesh.o
                0x0000000000029e08                nrf_mesh_disable
 .text.nrf_mesh_packet_send
                0x0000000000029e34        0x4 build/light_switch_server_nrf52840_xxAA_s140_6.1.0_Release/obj/nrf_mesh.o
                0x0000000000029e34                nrf_mesh_packet_send
 .text.nrf_mesh_evt_handler_add
                0x0000000000029e38        0x4 build/light_switch_server_nrf52840_xxAA_s140_6.1.0_Release/obj/nrf_mesh.o
                0x0000000000029e38                nrf_mesh_evt_handler_add
 .text.nrf_mesh_evt_handler_remove
                0x0000000000029e3c        0x4 build/light_switch_server_nrf52840_xxAA_s140_6.1.0_Release/obj/nrf_mesh.o
                0x0000000000029e3c                nrf_mesh_evt_handler_remove
 .text.nrf_mesh_on_sd_evt
                0x0000000000029e40        0xa build/light_switch_server_nrf52840_xxAA_s140_6.1.0_Release/obj/nrf_mesh.o
                0x0000000000029e40                nrf_mesh_on_sd_evt
 .text.nrf_mesh_subnet_added
                0x0000000000029e4a        0x4 build/light_switch_server_nrf52840_xxAA_s140_6.1.0_Release/obj/nrf_mesh.o
                0x0000000000029e4a                nrf_mesh_subnet_added
 *fill*         0x0000000000029e4e        0x2 
 .text.nrf_mesh_unique_token_get
                0x0000000000029e50       0x18 build/light_switch_server_nrf52840_xxAA_s140_6.1.0_Release/obj/nrf_mesh.o
                0x0000000000029e50                nrf_mesh_unique_token_get
 .text.queue_init
                0x0000000000029e68       0x14 build/light_switch_server_nrf52840_xxAA_s140_6.1.0_Release/obj/queue.o
                0x0000000000029e68                queue_init
 .text.queue_push
                0x0000000000029e7c       0x34 build/light_switch_server_nrf52840_xxAA_s140_6.1.0_Release/obj/queue.o
                0x0000000000029e7c                queue_push
 .text.queue_pop
                0x0000000000029eb0       0x26 build/light_switch_server_nrf52840_xxAA_s140_6.1.0_Release/obj/queue.o
                0x0000000000029eb0                queue_pop
 .text.queue_peek
                0x0000000000029ed6       0x10 build/light_switch_server_nrf52840_xxAA_s140_6.1.0_Release/obj/queue.o
                0x0000000000029ed6                queue_peek
 .text.sd_power_reset_reason_clr
                0x0000000000029ee6        0x4 build/light_switch_server_nrf52840_xxAA_s140_6.1.0_Release/obj/hal.o
 *fill*         0x0000000000029eea        0x2 
 .text.hal_device_reset
                0x0000000000029eec       0x2c build/light_switch_server_nrf52840_xxAA_s140_6.1.0_Release/obj/hal.o
                0x0000000000029eec                hal_device_reset
 .text.hal_lfclk_ppm_get
                0x0000000000029f18       0x14 build/light_switch_server_nrf52840_xxAA_s140_6.1.0_Release/obj/hal.o
                0x0000000000029f18                hal_lfclk_ppm_get
 .text.hal_irq_active_get
                0x0000000000029f2c       0x10 build/light_switch_server_nrf52840_xxAA_s140_6.1.0_Release/obj/hal.o
                0x0000000000029f2c                hal_irq_active_get
 .text.hal_irq_is_enabled
                0x0000000000029f3c       0x28 build/light_switch_server_nrf52840_xxAA_s140_6.1.0_Release/obj/hal.o
                0x0000000000029f3c                hal_irq_is_enabled
 .text.sd_ecb_block_encrypt
                0x0000000000029f64        0x4 build/light_switch_server_nrf52840_xxAA_s140_6.1.0_Release/obj/aes_cmac.o
 .text.utils_xor.constprop.1
                0x0000000000029f68       0x20 build/light_switch_server_nrf52840_xxAA_s140_6.1.0_Release/obj/aes_cmac.o
 .text.aes_cmac
                0x0000000000029f88      0x126 build/light_switch_server_nrf52840_xxAA_s140_6.1.0_Release/obj/aes_cmac.o
                0x0000000000029f88                aes_cmac
 *fill*         0x000000000002a0ae        0x2 
 .text.add_evt  0x000000000002a0b0       0x50 build/light_switch_server_nrf52840_xxAA_s140_6.1.0_Release/obj/timer_scheduler.o
 .text.remove_evt
                0x000000000002a100       0x50 build/light_switch_server_nrf52840_xxAA_s140_6.1.0_Release/obj/timer_scheduler.o
 .text.timer_cb
                0x000000000002a150        0xc build/light_switch_server_nrf52840_xxAA_s140_6.1.0_Release/obj/timer_scheduler.o
 .text.setup_timeout.isra.0
                0x000000000002a15c       0x1c build/light_switch_server_nrf52840_xxAA_s140_6.1.0_Release/obj/timer_scheduler.o
 .text.flag_event_cb
                0x000000000002a178       0xa4 build/light_switch_server_nrf52840_xxAA_s140_6.1.0_Release/obj/timer_scheduler.o
 .text.timer_sch_init
                0x000000000002a21c       0x28 build/light_switch_server_nrf52840_xxAA_s140_6.1.0_Release/obj/timer_scheduler.o
                0x000000000002a21c                timer_sch_init
 .text.timer_sch_schedule
                0x000000000002a244       0x44 build/light_switch_server_nrf52840_xxAA_s140_6.1.0_Release/obj/timer_scheduler.o
                0x000000000002a244                timer_sch_schedule
 .text.timer_sch_abort
                0x000000000002a288       0x2e build/light_switch_server_nrf52840_xxAA_s140_6.1.0_Release/obj/timer_scheduler.o
                0x000000000002a288                timer_sch_abort
 .text.timer_sch_reschedule
                0x000000000002a2b6       0x38 build/light_switch_server_nrf52840_xxAA_s140_6.1.0_Release/obj/timer_scheduler.o
                0x000000000002a2b6                timer_sch_reschedule
 .text.timer_sch_is_scheduled
                0x000000000002a2ee       0x16 build/light_switch_server_nrf52840_xxAA_s140_6.1.0_Release/obj/timer_scheduler.o
                0x000000000002a2ee                timer_sch_is_scheduled
 .text.timer_init
                0x000000000002a304       0x1a build/light_switch_server_nrf52840_xxAA_s140_6.1.0_Release/obj/timer.o
                0x000000000002a304                timer_init
 *fill*         0x000000000002a31e        0x2 
 .text.timer_now
                0x000000000002a320       0x48 build/light_switch_server_nrf52840_xxAA_s140_6.1.0_Release/obj/timer.o
                0x000000000002a320                timer_now
 .text.nrf_mesh_timer_tail_handle
                0x000000000002a368       0x34 build/light_switch_server_nrf52840_xxAA_s140_6.1.0_Release/obj/timer.o
                0x000000000002a368                nrf_mesh_timer_tail_handle
 .text.nrf_mesh_timer_ovfw_handle
                0x000000000002a39c       0x98 build/light_switch_server_nrf52840_xxAA_s140_6.1.0_Release/obj/timer.o
                0x000000000002a39c                nrf_mesh_timer_ovfw_handle
 .text.timer_start
                0x000000000002a434       0xac build/light_switch_server_nrf52840_xxAA_s140_6.1.0_Release/obj/timer.o
                0x000000000002a434                timer_start
 .text.timer_stop
                0x000000000002a4e0       0x30 build/light_switch_server_nrf52840_xxAA_s140_6.1.0_Release/obj/timer.o
                0x000000000002a4e0                timer_stop
 .text.sd_rand_application_bytes_available_get
                0x000000000002a510        0x4 build/light_switch_server_nrf52840_xxAA_s140_6.1.0_Release/obj/rand.o
 .text.sd_rand_application_vector_get
                0x000000000002a514        0x4 build/light_switch_server_nrf52840_xxAA_s140_6.1.0_Release/obj/rand.o
 .text.rand_prng_get
                0x000000000002a518       0x24 build/light_switch_server_nrf52840_xxAA_s140_6.1.0_Release/obj/rand.o
                0x000000000002a518                rand_prng_get
 .text.rand_hw_rng_get
                0x000000000002a53c       0x44 build/light_switch_server_nrf52840_xxAA_s140_6.1.0_Release/obj/rand.o
                0x000000000002a53c                rand_hw_rng_get
 .text.rand_prng_seed
                0x000000000002a580       0x34 build/light_switch_server_nrf52840_xxAA_s140_6.1.0_Release/obj/rand.o
                0x000000000002a580                rand_prng_seed
 .text.mesh_opt_init
                0x000000000002a5b4        0x2 build/light_switch_server_nrf52840_xxAA_s140_6.1.0_Release/obj/mesh_opt.o
                0x000000000002a5b4                mesh_opt_init
 .text.sd_radio_session_open
                0x000000000002a5b6        0x4 build/light_switch_server_nrf52840_xxAA_s140_6.1.0_Release/obj/timeslot.o
 .text.sd_radio_session_close
                0x000000000002a5ba        0x4 build/light_switch_server_nrf52840_xxAA_s140_6.1.0_Release/obj/timeslot.o
 .text.sd_radio_request
                0x000000000002a5be        0x4 build/light_switch_server_nrf52840_xxAA_s140_6.1.0_Release/obj/timeslot.o
 *fill*         0x000000000002a5c2        0x2 
 .text.end_timer_handler
                0x000000000002a5c4       0x24 build/light_switch_server_nrf52840_xxAA_s140_6.1.0_Release/obj/timeslot.o
 .text.get_end_time.isra.3
                0x000000000002a5e8       0x20 build/light_switch_server_nrf52840_xxAA_s140_6.1.0_Release/obj/timeslot.o
 .text.on_ts_begin.constprop.9
                0x000000000002a608       0x48 build/light_switch_server_nrf52840_xxAA_s140_6.1.0_Release/obj/timeslot.o
 .text.handle_extend_end.constprop.5
                0x000000000002a650       0x88 build/light_switch_server_nrf52840_xxAA_s140_6.1.0_Release/obj/timeslot.o
 .text.radio_signal_callback
                0x000000000002a6d8      0x12c build/light_switch_server_nrf52840_xxAA_s140_6.1.0_Release/obj/timeslot.o
 .text.timeslot_sd_event_handler
                0x000000000002a804       0x60 build/light_switch_server_nrf52840_xxAA_s140_6.1.0_Release/obj/timeslot.o
                0x000000000002a804                timeslot_sd_event_handler
 .text.timeslot_init
                0x000000000002a864       0x50 build/light_switch_server_nrf52840_xxAA_s140_6.1.0_Release/obj/timeslot.o
                0x000000000002a864                timeslot_init
 .text.timeslot_start
                0x000000000002a8b4       0x48 build/light_switch_server_nrf52840_xxAA_s140_6.1.0_Release/obj/timeslot.o
                0x000000000002a8b4                timeslot_start
 .text.timeslot_end_is_pending
                0x000000000002a8fc       0x28 build/light_switch_server_nrf52840_xxAA_s140_6.1.0_Release/obj/timeslot.o
                0x000000000002a8fc                timeslot_end_is_pending
 .text.timeslot_length_get
                0x000000000002a924        0xc build/light_switch_server_nrf52840_xxAA_s140_6.1.0_Release/obj/timeslot.o
                0x000000000002a924                timeslot_length_get
 .text.timeslot_remaining_time_get
                0x000000000002a930       0x24 build/light_switch_server_nrf52840_xxAA_s140_6.1.0_Release/obj/timeslot.o
                0x000000000002a930                timeslot_remaining_time_get
 .text.timeslot_is_in_cb
                0x000000000002a954        0xc build/light_switch_server_nrf52840_xxAA_s140_6.1.0_Release/obj/timeslot.o
                0x000000000002a954                timeslot_is_in_cb
 .text.timeslot_session_is_active
                0x000000000002a960       0x10 build/light_switch_server_nrf52840_xxAA_s140_6.1.0_Release/obj/timeslot.o
                0x000000000002a960                timeslot_session_is_active
 .text.timeslot_trigger
                0x000000000002a970       0x24 build/light_switch_server_nrf52840_xxAA_s140_6.1.0_Release/obj/timeslot.o
                0x000000000002a970                timeslot_trigger
 .text.timeslot_stop
                0x000000000002a994       0x1c build/light_switch_server_nrf52840_xxAA_s140_6.1.0_Release/obj/timeslot.o
                0x000000000002a994                timeslot_stop
 .text.timeslot_restart
                0x000000000002a9b0       0x24 build/light_switch_server_nrf52840_xxAA_s140_6.1.0_Release/obj/timeslot.o
                0x000000000002a9b0                timeslot_restart
 .text.timeslot_state_lock
                0x000000000002a9d4       0x24 build/light_switch_server_nrf52840_xxAA_s140_6.1.0_Release/obj/timeslot.o
                0x000000000002a9d4                timeslot_state_lock
 .text.timer_mut_unlock
                0x000000000002a9f8       0x10 build/light_switch_server_nrf52840_xxAA_s140_6.1.0_Release/obj/timeslot_timer.o
 .text.ts_timer_order_cb
                0x000000000002aa08       0x64 build/light_switch_server_nrf52840_xxAA_s140_6.1.0_Release/obj/timeslot_timer.o
                0x000000000002aa08                ts_timer_order_cb
 .text.ts_timer_now
                0x000000000002aa6c       0x40 build/light_switch_server_nrf52840_xxAA_s140_6.1.0_Release/obj/timeslot_timer.o
                0x000000000002aa6c                ts_timer_now
 .text.ts_timer_event_handler
                0x000000000002aaac       0x6c build/light_switch_server_nrf52840_xxAA_s140_6.1.0_Release/obj/timeslot_timer.o
                0x000000000002aaac                ts_timer_event_handler
 .text.ts_timer_to_device_time
                0x000000000002ab18        0xc build/light_switch_server_nrf52840_xxAA_s140_6.1.0_Release/obj/timeslot_timer.o
                0x000000000002ab18                ts_timer_to_device_time
 .text.ts_timer_on_ts_begin
                0x000000000002ab24       0x64 build/light_switch_server_nrf52840_xxAA_s140_6.1.0_Release/obj/timeslot_timer.o
                0x000000000002ab24                ts_timer_on_ts_begin
 .text.ts_timer_on_ts_end
                0x000000000002ab88       0x48 build/light_switch_server_nrf52840_xxAA_s140_6.1.0_Release/obj/timeslot_timer.o
                0x000000000002ab88                ts_timer_on_ts_end
 .text.trigger_event_handler
                0x000000000002abd0       0x1c build/light_switch_server_nrf52840_xxAA_s140_6.1.0_Release/obj/bearer_event.o
 .text.bearer_event_init
                0x000000000002abec       0x58 build/light_switch_server_nrf52840_xxAA_s140_6.1.0_Release/obj/bearer_event.o
                0x000000000002abec                bearer_event_init
 .text.bearer_event_start
                0x000000000002ac44       0x44 build/light_switch_server_nrf52840_xxAA_s140_6.1.0_Release/obj/bearer_event.o
                0x000000000002ac44                bearer_event_start
 .text.bearer_event_critical_section_begin
                0x000000000002ac88       0x80 build/light_switch_server_nrf52840_xxAA_s140_6.1.0_Release/obj/bearer_event.o
                0x000000000002ac88                bearer_event_critical_section_begin
 .text.bearer_event_critical_section_end
                0x000000000002ad08       0x60 build/light_switch_server_nrf52840_xxAA_s140_6.1.0_Release/obj/bearer_event.o
                0x000000000002ad08                bearer_event_critical_section_end
 .text.bearer_event_flag_add
                0x000000000002ad68       0x3c build/light_switch_server_nrf52840_xxAA_s140_6.1.0_Release/obj/bearer_event.o
                0x000000000002ad68                bearer_event_flag_add
 .text.bearer_event_flag_set
                0x000000000002ada4       0x44 build/light_switch_server_nrf52840_xxAA_s140_6.1.0_Release/obj/bearer_event.o
                0x000000000002ada4                bearer_event_flag_set
 .text.bearer_event_sequential_add
                0x000000000002ade8       0x2e build/light_switch_server_nrf52840_xxAA_s140_6.1.0_Release/obj/bearer_event.o
                0x000000000002ade8                bearer_event_sequential_add
 *fill*         0x000000000002ae16        0x2 
 .text.bearer_event_sequential_post
                0x000000000002ae18       0x44 build/light_switch_server_nrf52840_xxAA_s140_6.1.0_Release/obj/bearer_event.o
                0x000000000002ae18                bearer_event_sequential_post
 .text.bearer_event_sequential_pending
                0x000000000002ae5c       0x10 build/light_switch_server_nrf52840_xxAA_s140_6.1.0_Release/obj/bearer_event.o
                0x000000000002ae5c                bearer_event_sequential_pending
 .text.bearer_event_handler
                0x000000000002ae6c       0xe8 build/light_switch_server_nrf52840_xxAA_s140_6.1.0_Release/obj/bearer_event.o
                0x000000000002ae6c                bearer_event_handler
 .text.QDEC_IRQHandler
                0x000000000002af54        0x4 build/light_switch_server_nrf52840_xxAA_s140_6.1.0_Release/obj/bearer_event.o
                0x000000000002af54                QDEC_IRQHandler
 .text.bearer_event_in_correct_irq_priority
                0x000000000002af58       0x74 build/light_switch_server_nrf52840_xxAA_s140_6.1.0_Release/obj/bearer_event.o
                0x000000000002af58                bearer_event_in_correct_irq_priority
 .text.sd_ecb_block_encrypt
                0x000000000002afcc        0x4 build/light_switch_server_nrf52840_xxAA_s140_6.1.0_Release/obj/enc.o
 .text.enc_aes_encrypt
                0x000000000002afd0       0x56 build/light_switch_server_nrf52840_xxAA_s140_6.1.0_Release/obj/enc.o
                0x000000000002afd0                enc_aes_encrypt
 .text.enc_aes_cmac
                0x000000000002b026        0x4 build/light_switch_server_nrf52840_xxAA_s140_6.1.0_Release/obj/enc.o
                0x000000000002b026                enc_aes_cmac
 .text.enc_aes_ccm_encrypt
                0x000000000002b02a        0x4 build/light_switch_server_nrf52840_xxAA_s140_6.1.0_Release/obj/enc.o
                0x000000000002b02a                enc_aes_ccm_encrypt
 .text.enc_aes_ccm_decrypt
                0x000000000002b02e        0x4 build/light_switch_server_nrf52840_xxAA_s140_6.1.0_Release/obj/enc.o
                0x000000000002b02e                enc_aes_ccm_decrypt
 .text.enc_nonce_generate
                0x000000000002b032       0xb8 build/light_switch_server_nrf52840_xxAA_s140_6.1.0_Release/obj/enc.o
                0x000000000002b032                enc_nonce_generate
 .text.enc_s1   0x000000000002b0ea       0x2c build/light_switch_server_nrf52840_xxAA_s140_6.1.0_Release/obj/enc.o
                0x000000000002b0ea                enc_s1
 .text.enc_k1   0x000000000002b116       0x3c build/light_switch_server_nrf52840_xxAA_s140_6.1.0_Release/obj/enc.o
                0x000000000002b116                enc_k1
 *fill*         0x000000000002b152        0x2 
 .text.enc_k2   0x000000000002b154       0xc8 build/light_switch_server_nrf52840_xxAA_s140_6.1.0_Release/obj/enc.o
                0x000000000002b154                enc_k2
 .text.enc_k3   0x000000000002b21c       0x5c build/light_switch_server_nrf52840_xxAA_s140_6.1.0_Release/obj/enc.o
                0x000000000002b21c                enc_k3
 .text.enc_k4   0x000000000002b278       0x54 build/light_switch_server_nrf52840_xxAA_s140_6.1.0_Release/obj/enc.o
                0x000000000002b278                enc_k4
 .text.allocate_packet
                0x000000000002b2cc       0x70 build/light_switch_server_nrf52840_xxAA_s140_6.1.0_Release/obj/network.o
 .text.network_init
                0x000000000002b33c       0x24 build/light_switch_server_nrf52840_xxAA_s140_6.1.0_Release/obj/network.o
                0x000000000002b33c                network_init
 .text.network_enable
                0x000000000002b360        0xe build/light_switch_server_nrf52840_xxAA_s140_6.1.0_Release/obj/network.o
                0x000000000002b360                network_enable
 .text.network_packet_alloc
                0x000000000002b36e       0x38 build/light_switch_server_nrf52840_xxAA_s140_6.1.0_Release/obj/network.o
                0x000000000002b36e                network_packet_alloc
 .text.network_packet_send
                0x000000000002b3a6       0x46 build/light_switch_server_nrf52840_xxAA_s140_6.1.0_Release/obj/network.o
                0x000000000002b3a6                network_packet_send
 .text.network_packet_in
                0x000000000002b3ec      0x150 build/light_switch_server_nrf52840_xxAA_s140_6.1.0_Release/obj/network.o
                0x000000000002b3ec                network_packet_in
 .text.nonce_type_get
                0x000000000002b53c       0x16 build/light_switch_server_nrf52840_xxAA_s140_6.1.0_Release/obj/net_packet.o
 .text.header_transfuscate
                0x000000000002b552       0x5a build/light_switch_server_nrf52840_xxAA_s140_6.1.0_Release/obj/net_packet.o
 .text.try_decrypt
                0x000000000002b5ac      0x178 build/light_switch_server_nrf52840_xxAA_s140_6.1.0_Release/obj/net_packet.o
 .text.net_packet_decrypt
                0x000000000002b724       0x94 build/light_switch_server_nrf52840_xxAA_s140_6.1.0_Release/obj/net_packet.o
                0x000000000002b724                net_packet_decrypt
 .text.net_packet_encrypt
                0x000000000002b7b8       0x7e build/light_switch_server_nrf52840_xxAA_s140_6.1.0_Release/obj/net_packet.o
                0x000000000002b7b8                net_packet_encrypt
 .text.net_packet_header_set
                0x000000000002b836       0xaa build/light_switch_server_nrf52840_xxAA_s140_6.1.0_Release/obj/net_packet.o
                0x000000000002b836                net_packet_header_set
 .text.net_packet_payload_len_get
                0x000000000002b8e0       0x10 build/light_switch_server_nrf52840_xxAA_s140_6.1.0_Release/obj/net_packet.o
                0x000000000002b8e0                net_packet_payload_len_get
 .text.net_packet_from_payload
                0x000000000002b8f0        0x4 build/light_switch_server_nrf52840_xxAA_s140_6.1.0_Release/obj/net_packet.o
                0x000000000002b8f0                net_packet_from_payload
 .text.net_packet_payload_get
                0x000000000002b8f4        0x4 build/light_switch_server_nrf52840_xxAA_s140_6.1.0_Release/obj/net_packet.o
                0x000000000002b8f4                net_packet_payload_get
 .text.net_packet_obfuscation_start_get
                0x000000000002b8f8        0x4 build/light_switch_server_nrf52840_xxAA_s140_6.1.0_Release/obj/net_packet.o
                0x000000000002b8f8                net_packet_obfuscation_start_get
 .text.stage_get_available
                0x000000000002b8fc       0x24 build/light_switch_server_nrf52840_xxAA_s140_6.1.0_Release/obj/msqueue.o
 .text.msq_get  0x000000000002b920       0x38 build/light_switch_server_nrf52840_xxAA_s140_6.1.0_Release/obj/msqueue.o
                0x000000000002b920                msq_get
 .text.msq_move
                0x000000000002b958       0x2e build/light_switch_server_nrf52840_xxAA_s140_6.1.0_Release/obj/msqueue.o
                0x000000000002b958                msq_move
 .text.msq_reset
                0x000000000002b986       0x20 build/light_switch_server_nrf52840_xxAA_s140_6.1.0_Release/obj/msqueue.o
                0x000000000002b986                msq_reset
 .text.msq_init
                0x000000000002b9a6       0x48 build/light_switch_server_nrf52840_xxAA_s140_6.1.0_Release/obj/msqueue.o
                0x000000000002b9a6                msq_init
 .text.msq_available
                0x000000000002b9ee       0x26 build/light_switch_server_nrf52840_xxAA_s140_6.1.0_Release/obj/msqueue.o
                0x000000000002b9ee                msq_available
 .text.nrf_mesh_keygen_aid
                0x000000000002ba14       0x12 build/light_switch_server_nrf52840_xxAA_s140_6.1.0_Release/obj/nrf_mesh_keygen.o
                0x000000000002ba14                nrf_mesh_keygen_aid
 .text.nrf_mesh_keygen_network_secmat
                0x000000000002ba26       0x20 build/light_switch_server_nrf52840_xxAA_s140_6.1.0_Release/obj/nrf_mesh_keygen.o
                0x000000000002ba26                nrf_mesh_keygen_network_secmat
 *fill*         0x000000000002ba46        0x2 
 .text.nrf_mesh_keygen_beacon_secmat
                0x000000000002ba48       0x50 build/light_switch_server_nrf52840_xxAA_s140_6.1.0_Release/obj/nrf_mesh_keygen.o
                0x000000000002ba48                nrf_mesh_keygen_beacon_secmat
 .text.nrf_mesh_keygen_identitykey
                0x000000000002ba98       0x4c build/light_switch_server_nrf52840_xxAA_s140_6.1.0_Release/obj/nrf_mesh_keygen.o
                0x000000000002ba98                nrf_mesh_keygen_identitykey
 .text.nrf_mesh_keygen_virtual_address
                0x000000000002bae4       0x50 build/light_switch_server_nrf52840_xxAA_s140_6.1.0_Release/obj/nrf_mesh_keygen.o
                0x000000000002bae4                nrf_mesh_keygen_virtual_address
 .text.erase_at
                0x000000000002bb34       0x14 build/light_switch_server_nrf52840_xxAA_s140_6.1.0_Release/obj/cache.o
 .text.cache_init
                0x000000000002bb48       0x1e build/light_switch_server_nrf52840_xxAA_s140_6.1.0_Release/obj/cache.o
                0x000000000002bb48                cache_init
 .text.cache_has_elem
                0x000000000002bb66       0x40 build/light_switch_server_nrf52840_xxAA_s140_6.1.0_Release/obj/cache.o
                0x000000000002bb66                cache_has_elem
 .text.cache_put
                0x000000000002bba6       0x30 build/light_switch_server_nrf52840_xxAA_s140_6.1.0_Release/obj/cache.o
                0x000000000002bba6                cache_put
 .text.list_insert
                0x000000000002bbd6       0x1c build/light_switch_server_nrf52840_xxAA_s140_6.1.0_Release/obj/list.o
 .text.list_add
                0x000000000002bbf2       0x42 build/light_switch_server_nrf52840_xxAA_s140_6.1.0_Release/obj/list.o
                0x000000000002bbf2                list_add
 .text.list_remove
                0x000000000002bc34       0x3a build/light_switch_server_nrf52840_xxAA_s140_6.1.0_Release/obj/list.o
                0x000000000002bc34                list_remove
 .text.list_compare_add
                0x000000000002bc6e       0x56 build/light_switch_server_nrf52840_xxAA_s140_6.1.0_Release/obj/list.o
                0x000000000002bc6e                list_compare_add
 .text.log_callback_rtt
                0x000000000002bcc4       0x2c build/light_switch_server_nrf52840_xxAA_s140_6.1.0_Release/obj/log.o
                0x000000000002bcc4                log_callback_rtt
 .text.log_init
                0x000000000002bcf0       0x1c build/light_switch_server_nrf52840_xxAA_s140_6.1.0_Release/obj/log.o
                0x000000000002bcf0                log_init
 .text.log_vprintf
                0x000000000002bd0c       0x1c build/light_switch_server_nrf52840_xxAA_s140_6.1.0_Release/obj/log.o
                0x000000000002bd0c                log_vprintf
 .text.log_printf
                0x000000000002bd28       0x18 build/light_switch_server_nrf52840_xxAA_s140_6.1.0_Release/obj/log.o
                0x000000000002bd28                log_printf
 .text.get_area_end
                0x000000000002bd40        0xc build/light_switch_server_nrf52840_xxAA_s140_6.1.0_Release/obj/flash_manager.o
 .text.handle_matches_filter
                0x000000000002bd4c       0x26 build/light_switch_server_nrf52840_xxAA_s140_6.1.0_Release/obj/flash_manager.o
 .text.flash_area_is_blank
                0x000000000002bd72       0x2c build/light_switch_server_nrf52840_xxAA_s140_6.1.0_Release/obj/flash_manager.o
 *fill*         0x000000000002bd9e        0x2 
 .text.get_packet_buffer
                0x000000000002bda0       0x20 build/light_switch_server_nrf52840_xxAA_s140_6.1.0_Release/obj/flash_manager.o
 .text.flash    0x000000000002bdc0       0x1c build/light_switch_server_nrf52840_xxAA_s140_6.1.0_Release/obj/flash_manager.o
 .text.free_packet_buffer
                0x000000000002bddc       0x3c build/light_switch_server_nrf52840_xxAA_s140_6.1.0_Release/obj/flash_manager.o
 .text.iterate_callback_entry_copy
                0x000000000002be18       0x38 build/light_switch_server_nrf52840_xxAA_s140_6.1.0_Release/obj/flash_manager.o
 .text.reserve_action_buffer
                0x000000000002be50       0x24 build/light_switch_server_nrf52840_xxAA_s140_6.1.0_Release/obj/flash_manager.o
 .text.commit_action_buffer
                0x000000000002be74       0x18 build/light_switch_server_nrf52840_xxAA_s140_6.1.0_Release/obj/flash_manager.o
 .text.schedule_processing
                0x000000000002be8c        0xc build/light_switch_server_nrf52840_xxAA_s140_6.1.0_Release/obj/flash_manager.o
 .text.get_next_entry
                0x000000000002be98       0x34 build/light_switch_server_nrf52840_xxAA_s140_6.1.0_Release/obj/flash_manager.o
 .text.get_last_entry.isra.1
                0x000000000002becc       0x30 build/light_switch_server_nrf52840_xxAA_s140_6.1.0_Release/obj/flash_manager.o
 .text.process_action_queue
                0x000000000002befc      0x400 build/light_switch_server_nrf52840_xxAA_s140_6.1.0_Release/obj/flash_manager.o
 .text.flash_op_ended_callback
                0x000000000002c2fc       0x24 build/light_switch_server_nrf52840_xxAA_s140_6.1.0_Release/obj/flash_manager.o
 .text.flash_manager_init
                0x000000000002c320       0x68 build/light_switch_server_nrf52840_xxAA_s140_6.1.0_Release/obj/flash_manager.o
                0x000000000002c320                flash_manager_init
 .text.flash_manager_remove
                0x000000000002c388       0x24 build/light_switch_server_nrf52840_xxAA_s140_6.1.0_Release/obj/flash_manager.o
                0x000000000002c388                flash_manager_remove
 .text.flash_manager_entries_read
                0x000000000002c3ac       0xea build/light_switch_server_nrf52840_xxAA_s140_6.1.0_Release/obj/flash_manager.o
                0x000000000002c3ac                flash_manager_entries_read
 *fill*         0x000000000002c496        0x2 
 .text.flash_manager_entry_read
                0x000000000002c498       0x50 build/light_switch_server_nrf52840_xxAA_s140_6.1.0_Release/obj/flash_manager.o
                0x000000000002c498                flash_manager_entry_read
 .text.flash_manager_entry_count_get
                0x000000000002c4e8       0x1e build/light_switch_server_nrf52840_xxAA_s140_6.1.0_Release/obj/flash_manager.o
                0x000000000002c4e8                flash_manager_entry_count_get
 .text.flash_manager_entry_alloc
                0x000000000002c506       0x5c build/light_switch_server_nrf52840_xxAA_s140_6.1.0_Release/obj/flash_manager.o
                0x000000000002c506                flash_manager_entry_alloc
 *fill*         0x000000000002c562        0x2 
 .text.flash_manager_entry_commit
                0x000000000002c564       0x2c build/light_switch_server_nrf52840_xxAA_s140_6.1.0_Release/obj/flash_manager.o
                0x000000000002c564                flash_manager_entry_commit
 .text.flash_manager_entry_invalidate
                0x000000000002c590       0x4e build/light_switch_server_nrf52840_xxAA_s140_6.1.0_Release/obj/flash_manager.o
                0x000000000002c590                flash_manager_entry_invalidate
 *fill*         0x000000000002c5de        0x2 
 .text.flash_manager_add
                0x000000000002c5e0      0x228 build/light_switch_server_nrf52840_xxAA_s140_6.1.0_Release/obj/flash_manager.o
                0x000000000002c5e0                flash_manager_add
 .text.flash_manager_mem_listener_register
                0x000000000002c808       0x30 build/light_switch_server_nrf52840_xxAA_s140_6.1.0_Release/obj/flash_manager.o
                0x000000000002c808                flash_manager_mem_listener_register
 .text.flash_manager_is_stable
                0x000000000002c838       0x20 build/light_switch_server_nrf52840_xxAA_s140_6.1.0_Release/obj/flash_manager.o
                0x000000000002c838                flash_manager_is_stable
 .text.flash_manager_on_defrag_end
                0x000000000002c858       0x4c build/light_switch_server_nrf52840_xxAA_s140_6.1.0_Release/obj/flash_manager.o
                0x000000000002c858                flash_manager_on_defrag_end
 .text.flash_manager_recovery_page_get
                0x000000000002c8a4        0x4 build/light_switch_server_nrf52840_xxAA_s140_6.1.0_Release/obj/flash_manager.o
                0x000000000002c8a4                flash_manager_recovery_page_get
 .text.flash_manager_action_queue_empty_cb_set
                0x000000000002c8a8       0x1c build/light_switch_server_nrf52840_xxAA_s140_6.1.0_Release/obj/flash_manager.o
                0x000000000002c8a8                flash_manager_action_queue_empty_cb_set
 .text.utils_xor
                0x000000000002c8c4       0x14 build/light_switch_server_nrf52840_xxAA_s140_6.1.0_Release/obj/ccm_soft.o
 .text.sd_ecb_block_encrypt
                0x000000000002c8d8        0x4 build/light_switch_server_nrf52840_xxAA_s140_6.1.0_Release/obj/ccm_soft.o
 .text.ccm_soft_crypt
                0x000000000002c8dc       0x4c build/light_switch_server_nrf52840_xxAA_s140_6.1.0_Release/obj/ccm_soft.o
 .text.ccm_soft_authenticate_blocks
                0x000000000002c928       0x6c build/light_switch_server_nrf52840_xxAA_s140_6.1.0_Release/obj/ccm_soft.o
 .text.ccm_soft_authenticate
                0x000000000002c994       0xa2 build/light_switch_server_nrf52840_xxAA_s140_6.1.0_Release/obj/ccm_soft.o
 .text.ccm_soft_encrypt
                0x000000000002ca36       0x70 build/light_switch_server_nrf52840_xxAA_s140_6.1.0_Release/obj/ccm_soft.o
                0x000000000002ca36                ccm_soft_encrypt
 .text.ccm_soft_decrypt
                0x000000000002caa6       0xc6 build/light_switch_server_nrf52840_xxAA_s140_6.1.0_Release/obj/ccm_soft.o
                0x000000000002caa6                ccm_soft_decrypt
 .text.iv_index_get.isra.0
                0x000000000002cb6c       0x34 build/light_switch_server_nrf52840_xxAA_s140_6.1.0_Release/obj/replay_cache.o
 .text.evt_handler
                0x000000000002cba0       0x60 build/light_switch_server_nrf52840_xxAA_s140_6.1.0_Release/obj/replay_cache.o
 .text.replay_cache_enable
                0x000000000002cc00       0x10 build/light_switch_server_nrf52840_xxAA_s140_6.1.0_Release/obj/replay_cache.o
                0x000000000002cc00                replay_cache_enable
 .text.replay_cache_add
                0x000000000002cc10       0x4c build/light_switch_server_nrf52840_xxAA_s140_6.1.0_Release/obj/replay_cache.o
                0x000000000002cc10                replay_cache_add
 .text.replay_cache_has_elem
                0x000000000002cc5c       0x50 build/light_switch_server_nrf52840_xxAA_s140_6.1.0_Release/obj/replay_cache.o
                0x000000000002cc5c                replay_cache_has_elem
 .text.replay_cache_clear
                0x000000000002ccac       0x18 build/light_switch_server_nrf52840_xxAA_s140_6.1.0_Release/obj/replay_cache.o
                0x000000000002ccac                replay_cache_clear
 .text.replay_cache_init
                0x000000000002ccc4       0x14 build/light_switch_server_nrf52840_xxAA_s140_6.1.0_Release/obj/replay_cache.o
                0x000000000002ccc4                replay_cache_init
 .text.beacon_create
                0x000000000002ccd8       0x46 build/light_switch_server_nrf52840_xxAA_s140_6.1.0_Release/obj/beacon.o
                0x000000000002ccd8                beacon_create
 *fill*         0x000000000002cd1e        0x2 
 .text.beacon_packet_in
                0x000000000002cd20       0xec build/light_switch_server_nrf52840_xxAA_s140_6.1.0_Release/obj/beacon.o
                0x000000000002cd20                beacon_packet_in
 .text.entry_get
                0x000000000002ce0c       0x78 build/light_switch_server_nrf52840_xxAA_s140_6.1.0_Release/obj/flash_manager_internal.o
                0x000000000002ce0c                entry_get
 .text.core_tx_complete_cb_set
                0x000000000002ce84        0xc build/light_switch_server_nrf52840_xxAA_s140_6.1.0_Release/obj/core_tx.o
                0x000000000002ce84                core_tx_complete_cb_set
 .text.core_tx_packet_alloc
                0x000000000002ce90       0xa4 build/light_switch_server_nrf52840_xxAA_s140_6.1.0_Release/obj/core_tx.o
                0x000000000002ce90                core_tx_packet_alloc
 .text.core_tx_packet_send
                0x000000000002cf34       0x4c build/light_switch_server_nrf52840_xxAA_s140_6.1.0_Release/obj/core_tx.o
                0x000000000002cf34                core_tx_packet_send
 .text.core_tx_packet_discard
                0x000000000002cf80       0x40 build/light_switch_server_nrf52840_xxAA_s140_6.1.0_Release/obj/core_tx.o
                0x000000000002cf80                core_tx_packet_discard
 .text.core_tx_complete
                0x000000000002cfc0       0x34 build/light_switch_server_nrf52840_xxAA_s140_6.1.0_Release/obj/core_tx.o
                0x000000000002cfc0                core_tx_complete
 .text.core_tx_bearer_add
                0x000000000002cff4       0x70 build/light_switch_server_nrf52840_xxAA_s140_6.1.0_Release/obj/core_tx.o
                0x000000000002cff4                core_tx_bearer_add
 .text.hb_pub_deleter
                0x000000000002d064       0x28 build/light_switch_server_nrf52840_xxAA_s140_6.1.0_Release/obj/heartbeat.o
 .text.hb_pub_getter
                0x000000000002d08c       0x3c build/light_switch_server_nrf52840_xxAA_s140_6.1.0_Release/obj/heartbeat.o
 .text.hb_pub_setter
                0x000000000002d0c8       0xd0 build/light_switch_server_nrf52840_xxAA_s140_6.1.0_Release/obj/heartbeat.o
 .text.heartbeat_subscription_timer_cb
                0x000000000002d198       0x3c build/light_switch_server_nrf52840_xxAA_s140_6.1.0_Release/obj/heartbeat.o
 .text.heartbeat_opcode_handle
                0x000000000002d1d4       0x88 build/light_switch_server_nrf52840_xxAA_s140_6.1.0_Release/obj/heartbeat.o
 .text.heartbeat_publish
                0x000000000002d25c       0xa4 build/light_switch_server_nrf52840_xxAA_s140_6.1.0_Release/obj/heartbeat.o
 .text.on_feature_update
                0x000000000002d300       0x34 build/light_switch_server_nrf52840_xxAA_s140_6.1.0_Release/obj/heartbeat.o
 .text.heartbeat_relay_listener_cb
                0x000000000002d334       0x1c build/light_switch_server_nrf52840_xxAA_s140_6.1.0_Release/obj/heartbeat.o
 .text.heartbeat_proxy_listener_cb
                0x000000000002d350       0x14 build/light_switch_server_nrf52840_xxAA_s140_6.1.0_Release/obj/heartbeat.o
 .text.heartbeat_core_evt_cb
                0x000000000002d364       0x18 build/light_switch_server_nrf52840_xxAA_s140_6.1.0_Release/obj/heartbeat.o
 .text.heartbeat_publication_timer_cb
                0x000000000002d37c       0x54 build/light_switch_server_nrf52840_xxAA_s140_6.1.0_Release/obj/heartbeat.o
 .text.heartbeat_init
                0x000000000002d3d0       0x58 build/light_switch_server_nrf52840_xxAA_s140_6.1.0_Release/obj/heartbeat.o
                0x000000000002d3d0                heartbeat_init
 .text.heartbeat_subscription_set
                0x000000000002d428       0xd0 build/light_switch_server_nrf52840_xxAA_s140_6.1.0_Release/obj/heartbeat.o
                0x000000000002d428                heartbeat_subscription_set
 .text.heartbeat_subscription_get
                0x000000000002d4f8        0x8 build/light_switch_server_nrf52840_xxAA_s140_6.1.0_Release/obj/heartbeat.o
                0x000000000002d4f8                heartbeat_subscription_get
 .text.heartbeat_publication_get
                0x000000000002d500        0x8 build/light_switch_server_nrf52840_xxAA_s140_6.1.0_Release/obj/heartbeat.o
                0x000000000002d500                heartbeat_publication_get
 .text.heartbeat_publication_set
                0x000000000002d508       0x18 build/light_switch_server_nrf52840_xxAA_s140_6.1.0_Release/obj/heartbeat.o
                0x000000000002d508                heartbeat_publication_set
 .text.heartbeat_public_info_getter_register
                0x000000000002d520       0x14 build/light_switch_server_nrf52840_xxAA_s140_6.1.0_Release/obj/heartbeat.o
                0x000000000002d520                heartbeat_public_info_getter_register
 .text.beacon_getter
                0x000000000002d534       0x24 build/light_switch_server_nrf52840_xxAA_s140_6.1.0_Release/obj/net_beacon.o
 .text.beacon_setter
                0x000000000002d558       0x5c build/light_switch_server_nrf52840_xxAA_s140_6.1.0_Release/obj/net_beacon.o
 .text.make_network_beacon_packet
                0x000000000002d5b4       0x4e build/light_switch_server_nrf52840_xxAA_s140_6.1.0_Release/obj/net_beacon.o
 *fill*         0x000000000002d602        0x2 
 .text.beacon_tx
                0x000000000002d604      0x114 build/light_switch_server_nrf52840_xxAA_s140_6.1.0_Release/obj/net_beacon.o
 .text.tx_complete_cb
                0x000000000002d718        0xe build/light_switch_server_nrf52840_xxAA_s140_6.1.0_Release/obj/net_beacon.o
 .text.beacon_tx_timeout
                0x000000000002d726        0x4 build/light_switch_server_nrf52840_xxAA_s140_6.1.0_Release/obj/net_beacon.o
 .text.is_valid_beacon_pkt.part.0
                0x000000000002d72a       0x30 build/light_switch_server_nrf52840_xxAA_s140_6.1.0_Release/obj/net_beacon.o
 *fill*         0x000000000002d75a        0x2 
 .text.net_beacon_init
                0x000000000002d75c       0x7c build/light_switch_server_nrf52840_xxAA_s140_6.1.0_Release/obj/net_beacon.o
                0x000000000002d75c                net_beacon_init
 .text.net_beacon_enable
                0x000000000002d7d8       0x28 build/light_switch_server_nrf52840_xxAA_s140_6.1.0_Release/obj/net_beacon.o
                0x000000000002d7d8                net_beacon_enable
 .text.net_beacon_state_set
                0x000000000002d800       0x20 build/light_switch_server_nrf52840_xxAA_s140_6.1.0_Release/obj/net_beacon.o
                0x000000000002d800                net_beacon_state_set
 .text.net_beacon_state_get
                0x000000000002d820       0x24 build/light_switch_server_nrf52840_xxAA_s140_6.1.0_Release/obj/net_beacon.o
                0x000000000002d820                net_beacon_state_get
 .text.net_beacon_build
                0x000000000002d844       0x24 build/light_switch_server_nrf52840_xxAA_s140_6.1.0_Release/obj/net_beacon.o
                0x000000000002d844                net_beacon_build
 .text.net_beacon_packet_in
                0x000000000002d868       0xda build/light_switch_server_nrf52840_xxAA_s140_6.1.0_Release/obj/net_beacon.o
                0x000000000002d868                net_beacon_packet_in
 *fill*         0x000000000002d942        0x2 
 .text.listeners_notify
                0x000000000002d944       0x4c build/light_switch_server_nrf52840_xxAA_s140_6.1.0_Release/obj/mesh_config.o
 .text.entry_flags_get.isra.0
                0x000000000002d990       0x1c build/light_switch_server_nrf52840_xxAA_s140_6.1.0_Release/obj/mesh_config.o
 .text.entry_params_find
                0x000000000002d9ac       0x38 build/light_switch_server_nrf52840_xxAA_s140_6.1.0_Release/obj/mesh_config.o
 .text.restore_callback
                0x000000000002d9e4       0x66 build/light_switch_server_nrf52840_xxAA_s140_6.1.0_Release/obj/mesh_config.o
 *fill*         0x000000000002da4a        0x2 
 .text.dirty_entries_process
                0x000000000002da4c       0xd4 build/light_switch_server_nrf52840_xxAA_s140_6.1.0_Release/obj/mesh_config.o
 .text.mesh_config_init
                0x000000000002db20       0xa0 build/light_switch_server_nrf52840_xxAA_s140_6.1.0_Release/obj/mesh_config.o
                0x000000000002db20                mesh_config_init
 .text.mesh_config_load
                0x000000000002dbc0        0xc build/light_switch_server_nrf52840_xxAA_s140_6.1.0_Release/obj/mesh_config.o
                0x000000000002dbc0                mesh_config_load
 .text.mesh_config_is_busy
                0x000000000002dbcc       0x34 build/light_switch_server_nrf52840_xxAA_s140_6.1.0_Release/obj/mesh_config.o
                0x000000000002dbcc                mesh_config_is_busy
 .text.backend_evt_handler
                0x000000000002dc00       0x88 build/light_switch_server_nrf52840_xxAA_s140_6.1.0_Release/obj/mesh_config.o
 .text.mesh_config_entry_set
                0x000000000002dc88       0x80 build/light_switch_server_nrf52840_xxAA_s140_6.1.0_Release/obj/mesh_config.o
                0x000000000002dc88                mesh_config_entry_set
 .text.mesh_config_entry_get
                0x000000000002dd08       0x3c build/light_switch_server_nrf52840_xxAA_s140_6.1.0_Release/obj/mesh_config.o
                0x000000000002dd08                mesh_config_entry_get
 .text.mesh_config_entry_delete
                0x000000000002dd44       0x4a build/light_switch_server_nrf52840_xxAA_s140_6.1.0_Release/obj/mesh_config.o
                0x000000000002dd44                mesh_config_entry_delete
 *fill*         0x000000000002dd8e        0x2 
 .text.mesh_config_clear
                0x000000000002dd90       0x4c build/light_switch_server_nrf52840_xxAA_s140_6.1.0_Release/obj/mesh_config.o
                0x000000000002dd90                mesh_config_clear
 .text.fsm_event_post_try
                0x000000000002dddc       0xaa build/light_switch_server_nrf52840_xxAA_s140_6.1.0_Release/obj/fsm.o
 .text.fsm_init
                0x000000000002de86       0x66 build/light_switch_server_nrf52840_xxAA_s140_6.1.0_Release/obj/fsm.o
                0x000000000002de86                fsm_init
 .text.fsm_event_post
                0x000000000002deec       0x40 build/light_switch_server_nrf52840_xxAA_s140_6.1.0_Release/obj/fsm.o
                0x000000000002deec                fsm_event_post
 .text.fsm_is_processing
                0x000000000002df2c        0xa build/light_switch_server_nrf52840_xxAA_s140_6.1.0_Release/obj/fsm.o
                0x000000000002df2c                fsm_is_processing
 .text.dummy_event
                0x000000000002df36        0x2 build/light_switch_server_nrf52840_xxAA_s140_6.1.0_Release/obj/mesh_config_backend.o
 .text.file_get
                0x000000000002df38       0x34 build/light_switch_server_nrf52840_xxAA_s140_6.1.0_Release/obj/mesh_config_backend.o
 .text.mesh_config_backend_init
                0x000000000002df6c      0x118 build/light_switch_server_nrf52840_xxAA_s140_6.1.0_Release/obj/mesh_config_backend.o
                0x000000000002df6c                mesh_config_backend_init
 .text.mesh_config_backend_store
                0x000000000002e084       0x4c build/light_switch_server_nrf52840_xxAA_s140_6.1.0_Release/obj/mesh_config_backend.o
                0x000000000002e084                mesh_config_backend_store
 .text.mesh_config_backend_erase
                0x000000000002e0d0       0x32 build/light_switch_server_nrf52840_xxAA_s140_6.1.0_Release/obj/mesh_config_backend.o
                0x000000000002e0d0                mesh_config_backend_erase
 *fill*         0x000000000002e102        0x2 
 .text.mesh_config_backend_read_all
                0x000000000002e104       0x38 build/light_switch_server_nrf52840_xxAA_s140_6.1.0_Release/obj/mesh_config_backend.o
                0x000000000002e104                mesh_config_backend_read_all
 .text.entry_read_cb
                0x000000000002e13c       0x34 build/light_switch_server_nrf52840_xxAA_s140_6.1.0_Release/obj/mesh_config_flashman_glue.o
 .text.write_complete_cb
                0x000000000002e170       0x30 build/light_switch_server_nrf52840_xxAA_s140_6.1.0_Release/obj/mesh_config_flashman_glue.o
 .text.invalidate_complete_cb
                0x000000000002e1a0       0x2c build/light_switch_server_nrf52840_xxAA_s140_6.1.0_Release/obj/mesh_config_flashman_glue.o
 .text.remove_complete_cb
                0x000000000002e1cc        0x2 build/light_switch_server_nrf52840_xxAA_s140_6.1.0_Release/obj/mesh_config_flashman_glue.o
 .text.flash_stable_cb
                0x000000000002e1ce       0x20 build/light_switch_server_nrf52840_xxAA_s140_6.1.0_Release/obj/mesh_config_flashman_glue.o
 *fill*         0x000000000002e1ee        0x2 
 .text.mesh_config_backend_glue_init
                0x000000000002e1f0       0x28 build/light_switch_server_nrf52840_xxAA_s140_6.1.0_Release/obj/mesh_config_flashman_glue.o
                0x000000000002e1f0                mesh_config_backend_glue_init
 .text.mesh_config_backend_file_create
                0x000000000002e218       0x58 build/light_switch_server_nrf52840_xxAA_s140_6.1.0_Release/obj/mesh_config_flashman_glue.o
                0x000000000002e218                mesh_config_backend_file_create
 .text.mesh_config_backend_record_write
                0x000000000002e270       0x2c build/light_switch_server_nrf52840_xxAA_s140_6.1.0_Release/obj/mesh_config_flashman_glue.o
                0x000000000002e270                mesh_config_backend_record_write
 .text.mesh_config_backend_record_erase
                0x000000000002e29c       0x30 build/light_switch_server_nrf52840_xxAA_s140_6.1.0_Release/obj/mesh_config_flashman_glue.o
                0x000000000002e29c                mesh_config_backend_record_erase
 .text.mesh_config_backend_records_read
                0x000000000002e2cc       0x30 build/light_switch_server_nrf52840_xxAA_s140_6.1.0_Release/obj/mesh_config_flashman_glue.o
                0x000000000002e2cc                mesh_config_backend_records_read
 .text.mesh_config_record_size_calculate
                0x000000000002e2fc        0xa build/light_switch_server_nrf52840_xxAA_s140_6.1.0_Release/obj/mesh_config_flashman_glue.o
                0x000000000002e2fc                mesh_config_record_size_calculate
 .text.mesh_config_backend_file_power_down_time_get
                0x000000000002e306       0x24 build/light_switch_server_nrf52840_xxAA_s140_6.1.0_Release/obj/mesh_config_flashman_glue.o
                0x000000000002e306                mesh_config_backend_file_power_down_time_get
 *fill*         0x000000000002e32a        0x2 
 .text.core_tx_adv_get
                0x000000000002e32c       0x3c build/light_switch_server_nrf52840_xxAA_s140_6.1.0_Release/obj/core_tx_adv.o
 .text.core_tx_tx_power_get
                0x000000000002e368       0x30 build/light_switch_server_nrf52840_xxAA_s140_6.1.0_Release/obj/core_tx_adv.o
 .text.core_tx_adv_set
                0x000000000002e398       0x6c build/light_switch_server_nrf52840_xxAA_s140_6.1.0_Release/obj/core_tx_adv.o
 .text.core_tx_tx_power_delete
                0x000000000002e404       0x30 build/light_switch_server_nrf52840_xxAA_s140_6.1.0_Release/obj/core_tx_adv.o
 .text.core_tx_tx_power_set
                0x000000000002e434       0x34 build/light_switch_server_nrf52840_xxAA_s140_6.1.0_Release/obj/core_tx_adv.o
 .text.core_tx_adv_addr_get
                0x000000000002e468       0x38 build/light_switch_server_nrf52840_xxAA_s140_6.1.0_Release/obj/core_tx_adv.o
 .text.core_tx_adv_addr_set
                0x000000000002e4a0       0x40 build/light_switch_server_nrf52840_xxAA_s140_6.1.0_Release/obj/core_tx_adv.o
 .text.packet_discard
                0x000000000002e4e0       0x40 build/light_switch_server_nrf52840_xxAA_s140_6.1.0_Release/obj/core_tx_adv.o
 .text.packet_send
                0x000000000002e520       0x58 build/light_switch_server_nrf52840_xxAA_s140_6.1.0_Release/obj/core_tx_adv.o
 .text.packet_alloc
                0x000000000002e578       0x58 build/light_switch_server_nrf52840_xxAA_s140_6.1.0_Release/obj/core_tx_adv.o
 .text.adv_tx_complete_callback
                0x000000000002e5d0       0x20 build/light_switch_server_nrf52840_xxAA_s140_6.1.0_Release/obj/core_tx_adv.o
 .text.mesh_opt_core_adv_set
                0x000000000002e5f0       0x22 build/light_switch_server_nrf52840_xxAA_s140_6.1.0_Release/obj/core_tx_adv.o
                0x000000000002e5f0                mesh_opt_core_adv_set