Archive member included to satisfy reference by file (symbol)

/usr/share/segger_embedded_studio_for_arm_4.12/lib/libc_v7em_fpv4_sp_d16_hard_t_le_eabi.a(libc_asm.o)
                              build/light_switch_provisioner_nrf52840_xxAA_s140_6.1.0_Release/obj/rtt_input.o (__aeabi_uldivmod)
/usr/share/segger_embedded_studio_for_arm_4.12/lib/libc_v7em_fpv4_sp_d16_hard_t_le_eabi.a(libc2.o)
                              build/light_switch_provisioner_nrf52840_xxAA_s140_6.1.0_Release/obj/mesh_mem_stdlib.o (malloc)
/usr/share/segger_embedded_studio_for_arm_4.12/lib/libc_v7em_fpv4_sp_d16_hard_t_le_eabi.a(libc2_asm.o)
                              build/light_switch_provisioner_nrf52840_xxAA_s140_6.1.0_Release/obj/transport.o (memcpy)
/usr/share/segger_embedded_studio_for_arm_4.12/lib/libc_v7em_fpv4_sp_d16_hard_t_le_eabi.a(libc.o)
                              /usr/share/segger_embedded_studio_for_arm_4.12/lib/libc_v7em_fpv4_sp_d16_hard_t_le_eabi.a(libc2.o) (__heap_lock)
/usr/share/segger_embedded_studio_for_arm_4.12/lib/libdebugio_v7em_fpv4_sp_d16_hard_t_le_eabi.a(libdebugio.o)
                              build/light_switch_provisioner_nrf52840_xxAA_s140_6.1.0_Release/obj/thumb_crt0.o (debug_fopen)
/usr/share/segger_embedded_studio_for_arm_4.12/lib/libdebugio_mempoll_v7em_fpv4_sp_d16_hard_t_le_eabi.a(mempoll_debug_operations.o)
                              /usr/share/segger_embedded_studio_for_arm_4.12/lib/libdebugio_v7em_fpv4_sp_d16_hard_t_le_eabi.a(libdebugio.o) (__do_debug_operation)
/usr/share/segger_embedded_studio_for_arm_4.12/lib/libdebugio_mempoll_v7em_fpv4_sp_d16_hard_t_le_eabi.a(do_nv_debug_operation.o)
                              /usr/share/segger_embedded_studio_for_arm_4.12/lib/libdebugio_v7em_fpv4_sp_d16_hard_t_le_eabi.a(libdebugio.o) (__do_nvdebug_operation)
/usr/share/segger_embedded_studio_for_arm_4.12/lib/libm_v7em_fpv4_sp_d16_hard_t_le_eabi.a(libm_asm.o)
                              /usr/share/segger_embedded_studio_for_arm_4.12/lib/libc_v7em_fpv4_sp_d16_hard_t_le_eabi.a(libc2.o) (__aeabi_i2d)
/usr/share/segger_embedded_studio_for_arm_4.12/lib/libm_v7em_fpv4_sp_d16_hard_t_le_eabi.a(libm2.o)
                              /usr/share/segger_embedded_studio_for_arm_4.12/lib/libvfprintf_v7em_fpv4_sp_d16_hard_t_le_eabi.o (frexp)
/usr/share/segger_embedded_studio_for_arm_4.12/lib/libm_v7em_fpv4_sp_d16_hard_t_le_eabi.a(libm2_asm.o)
                              /usr/share/segger_embedded_studio_for_arm_4.12/lib/libm_v7em_fpv4_sp_d16_hard_t_le_eabi.a(libm2.o) (fabs)

Discarded input sections

 .text          0x0000000000000000        0x0 build/light_switch_provisioner_nrf52840_xxAA_s140_6.1.0_Release/obj/main.o
 .data          0x0000000000000000        0x0 build/light_switch_provisioner_nrf52840_xxAA_s140_6.1.0_Release/obj/main.o
 .bss           0x0000000000000000        0x0 build/light_switch_provisioner_nrf52840_xxAA_s140_6.1.0_Release/obj/main.o
 .text          0x0000000000000000        0x0 build/light_switch_provisioner_nrf52840_xxAA_s140_6.1.0_Release/obj/provisioner_helper.o
 .data          0x0000000000000000        0x0 build/light_switch_provisioner_nrf52840_xxAA_s140_6.1.0_Release/obj/provisioner_helper.o
 .bss           0x0000000000000000        0x0 build/light_switch_provisioner_nrf52840_xxAA_s140_6.1.0_Release/obj/provisioner_helper.o
 .text.self_prov_client_self
                0x0000000000000000      0x140 build/light_switch_provisioner_nrf52840_xxAA_s140_6.1.0_Release/obj/provisioner_helper.o
 .text.prov_helper_element_count_get
                0x0000000000000000        0xc build/light_switch_provisioner_nrf52840_xxAA_s140_6.1.0_Release/obj/provisioner_helper.o
 .bss.m_group_handle
                0x0000000000000000        0x2 build/light_switch_provisioner_nrf52840_xxAA_s140_6.1.0_Release/obj/provisioner_helper.o
 .rodata.self_prov_client_self.str1.1
                0x0000000000000000       0x70 build/light_switch_provisioner_nrf52840_xxAA_s140_6.1.0_Release/obj/provisioner_helper.o
 .text          0x0000000000000000        0x0 build/light_switch_provisioner_nrf52840_xxAA_s140_6.1.0_Release/obj/node_setup.o
 .data          0x0000000000000000        0x0 build/light_switch_provisioner_nrf52840_xxAA_s140_6.1.0_Release/obj/node_setup.o
 .bss           0x0000000000000000        0x0 build/light_switch_provisioner_nrf52840_xxAA_s140_6.1.0_Release/obj/node_setup.o
 .text          0x0000000000000000        0x0 build/light_switch_provisioner_nrf52840_xxAA_s140_6.1.0_Release/obj/rtt_input.o
 .data          0x0000000000000000        0x0 build/light_switch_provisioner_nrf52840_xxAA_s140_6.1.0_Release/obj/rtt_input.o
 .bss           0x0000000000000000        0x0 build/light_switch_provisioner_nrf52840_xxAA_s140_6.1.0_Release/obj/rtt_input.o
 .text.rtt_input_disable
                0x0000000000000000       0x28 build/light_switch_provisioner_nrf52840_xxAA_s140_6.1.0_Release/obj/rtt_input.o
[...]
Memory Configuration

Name             Origin             Length             Attributes
UNPLACED_SECTIONS 0x0000000100000000 0x0000000000000000 xw
RAM              0x0000000020000000 0x000000000003f000 xw
FLASH            0x0000000000000000 0x00000000000f8000 xw
*default*        0x0000000000000000 0xffffffffffffffff

Linker script and memory map

                0x0000000000000000                __vfprintf = __vfprintf_int
                0x0000000000000000                __vfscanf = __vfscanf_int
                0x0000000020000000                __RAM_segment_start__ = 0x20000000
                0x000000002003f000                __RAM_segment_end__ = 0x2003f000
                0x000000000003f000                __RAM_segment_size__ = 0x3f000
                0x0000000000000000                __FLASH_segment_start__ = 0x0
                0x00000000000f8000                __FLASH_segment_end__ = 0xf8000
                0x00000000000f8000                __FLASH_segment_size__ = 0xf8000
                0x0000000000000400                __HEAPSIZE__ = 0x400
                0x0000000000000000                __STACKSIZE_PROCESS__ = 0x0
                0x0000000000000800                __STACKSIZE__ = 0x800
                0x0000000020000000                __reserved_ram_load_start__ = 0x20000000

.reserved_ram   0x0000000020000000     0x2da0
                0x0000000020000000                __reserved_ram_start__ = .
 *(.reserved_ram .reserved_ram.*)
                0x0000000020002da0                . = MAX (((__reserved_ram_start__ + 0x20002da0) - 0x20000000), .)
 *fill*         0x0000000020000000     0x2da0 
                0x0000000020002da0                __reserved_ram_end__ = (__reserved_ram_start__ + SIZEOF (.reserved_ram))
                0x0000000000002da0                __reserved_ram_size__ = SIZEOF (.reserved_ram)
                0x0000000020002da0                __reserved_ram_load_end__ = __reserved_ram_end__
                0x0000000000000001                . = ASSERT (((__reserved_ram_start__ == __reserved_ram_end__) || ((__reserved_ram_end__ >= __RAM_segment_start__) && (__reserved_ram_end__ <= __RAM_segment_end__))), error: .reserved_ram is too large to fit in RAM memory segment)
                0x0000000020002da0                __vectors_ram_load_start__ = 0x20002da0

.vectors_ram    0x0000000020002da0        0x0
                0x0000000020002da0                __vectors_ram_start__ = .
                0x0000000020002da0                __app_ram_start__ = __vectors_ram_start__
 *(.vectors_ram .vectors_ram.*)
                0x0000000020002da0                __vectors_ram_end__ = (__vectors_ram_start__ + SIZEOF (.vectors_ram))
                0x0000000000000000                __vectors_ram_size__ = SIZEOF (.vectors_ram)
                0x0000000020002da0                __vectors_ram_load_end__ = __vectors_ram_end__
                0x0000000000000001                . = ASSERT (((__vectors_ram_start__ == __vectors_ram_end__) || ((__vectors_ram_end__ >= __RAM_segment_start__) && (__vectors_ram_end__ <= __RAM_segment_end__))), error: .vectors_ram is too large to fit in RAM memory segment)
                0x0000000000000001                . = ASSERT ((__reserved_ram_end__ <= __vectors_ram_start__), error: section .reserved_ram overlaps absolute placed section .vectors_ram)
                0x0000000020002da0                __nrf_sections_run_load_start__ = ALIGN (__vectors_ram_end__, 0x4)

.nrf_sections_run
                0x0000000020002da0        0x0
                0x0000000020002da0                __nrf_sections_run_start__ = .
                0x0000000020002da0                __start_nrf_sections_run = __nrf_sections_run_start__
 *(.nrf_sections_run .nrf_sections_run.*)
                0x0000000020002da0                __nrf_sections_run_end__ = (__nrf_sections_run_start__ + SIZEOF (.nrf_sections_run))
                0x0000000000000000                __nrf_sections_run_size__ = SIZEOF (.nrf_sections_run)
                0x0000000020002da0                __nrf_sections_run_load_end__ = __nrf_sections_run_end__
                0x0000000000000001                . = ASSERT (((__nrf_sections_run_start__ == __nrf_sections_run_end__) || ((__nrf_sections_run_end__ >= __RAM_segment_start__) && (__nrf_sections_run_end__ <= __RAM_segment_end__))), error: .nrf_sections_run is too large to fit in RAM memory segment)
                0x0000000000000000                __reserved_flash_load_start__ = 0x0

.reserved_flash
                0x0000000000000000    0x26000
                0x0000000000000000                __reserved_flash_start__ = .
 *(.reserved_flash .reserved_flash.*)
                0x0000000000026000                . = MAX (((__reserved_flash_start__ + 0x26000) - 0x0), .)
 *fill*         0x0000000000000000    0x26000 
                0x0000000000026000                __reserved_flash_end__ = (__reserved_flash_start__ + SIZEOF (.reserved_flash))
                0x0000000000026000                __reserved_flash_size__ = SIZEOF (.reserved_flash)
                0x0000000000026000                __reserved_flash_load_end__ = __reserved_flash_end__
                0x0000000000000001                . = ASSERT (((__reserved_flash_start__ == __reserved_flash_end__) || ((__reserved_flash_end__ >= __FLASH_segment_start__) && (__reserved_flash_end__ <= __FLASH_segment_end__))), error: .reserved_flash is too large to fit in FLASH memory segment)
                0x0000000000026000                __vectors_load_start__ = 0x26000

.vectors        0x0000000000026000      0x200
                0x0000000000026000                __vectors_start__ = .
 *(.vectors .vectors.*)
 .vectors       0x0000000000026000      0x200 build/light_switch_provisioner_nrf52840_xxAA_s140_6.1.0_Release/obj/ses_startup_nrf52840.o
                0x0000000000026000                _vectors
                0x0000000000026200                __vectors_end__ = (__vectors_start__ + SIZEOF (.vectors))
                0x0000000000000200                __vectors_size__ = SIZEOF (.vectors)
                0x0000000000026200                __vectors_load_end__ = __vectors_end__
                0x0000000000000001                . = ASSERT (((__vectors_start__ == __vectors_end__) || ((__vectors_end__ >= __FLASH_segment_start__) && (__vectors_end__ <= __FLASH_segment_end__))), error: .vectors is too large to fit in FLASH memory segment)
                0x0000000000000001                . = ASSERT ((__reserved_flash_end__ <= __vectors_start__), error: section .reserved_flash overlaps absolute placed section .vectors)
                0x0000000000026200                __init_load_start__ = ALIGN (__vectors_end__, 0x4)

.init           0x0000000000026200      0x1a8
                0x0000000000026200                __init_start__ = .
 *(.init .init.*)
 .init          0x0000000000026200      0x158 build/light_switch_provisioner_nrf52840_xxAA_s140_6.1.0_Release/obj/thumb_crt0.o
                0x0000000000026200                _start
                0x00000000000262b2                exit
 .init          0x0000000000026358       0x18 build/light_switch_provisioner_nrf52840_xxAA_s140_6.1.0_Release/obj/ses_startup_nrf52840.o
                0x0000000000026358                NMI_Handler
                0x000000000002635a                HardFault_Handler
                0x000000000002635c                MemoryManagement_Handler
                0x000000000002635e                BusFault_Handler
                0x0000000000026360                UsageFault_Handler
                0x0000000000026362                SVC_Handler
                0x0000000000026364                DebugMon_Handler
                0x0000000000026366                PendSV_Handler
                0x0000000000026368                SysTick_Handler
                0x000000000002636a                RTC0_IRQHandler
                0x000000000002636a                PWM1_IRQHandler
                0x000000000002636a                POWER_CLOCK_IRQHandler
                0x000000000002636a                RADIO_IRQHandler
                0x000000000002636a                PDM_IRQHandler
                0x000000000002636a                TEMP_IRQHandler
                0x000000000002636a                TIMER3_IRQHandler
                0x000000000002636a                PWM3_IRQHandler
                0x000000000002636a                FPU_IRQHandler
                0x000000000002636a                USBD_IRQHandler
                0x000000000002636a                SPIM0_SPIS0_TWIM0_TWIS0_SPI0_TWI0_IRQHandler
                0x000000000002636a                UARTE0_UART0_IRQHandler
                0x000000000002636a                TIMER4_IRQHandler
                0x000000000002636a                CRYPTOCELL_IRQHandler
                0x000000000002636a                I2S_IRQHandler
                0x000000000002636a                SWI4_EGU4_IRQHandler
                0x000000000002636a                TIMER0_IRQHandler
                0x000000000002636a                UARTE1_IRQHandler
                0x000000000002636a                Dummy_Handler
                0x000000000002636a                TIMER1_IRQHandler
                0x000000000002636a                SPIM3_IRQHandler
                0x000000000002636a                PWM2_IRQHandler
                0x000000000002636a                ECB_IRQHandler
                0x000000000002636a                SPIM1_SPIS1_TWIM1_TWIS1_SPI1_TWI1_IRQHandler
                0x000000000002636a                SAADC_IRQHandler
                0x000000000002636a                CCM_AAR_IRQHandler
                0x000000000002636a                WDT_IRQHandler
                0x000000000002636a                SWI5_EGU5_IRQHandler
                0x000000000002636a                RNG_IRQHandler
                0x000000000002636a                RTC2_IRQHandler
                0x000000000002636a                PWM0_IRQHandler
                0x000000000002636a                SWI3_EGU3_IRQHandler
                0x000000000002636a                SWI1_EGU1_IRQHandler
                0x000000000002636a                SPIM2_SPIS2_SPI2_IRQHandler
                0x000000000002636a                NFCT_IRQHandler
                0x000000000002636a                MWU_IRQHandler
                0x000000000002636a                QSPI_IRQHandler
                0x000000000002636a                COMP_LPCOMP_IRQHandler
                0x000000000002636c                nRFInitialize
 .init          0x0000000000026370       0x38 build/light_switch_provisioner_nrf52840_xxAA_s140_6.1.0_Release/obj/ses_startup_nrf_common.o
                0x0000000000026370                Reset_Handler
                0x00000000000263a8                __init_end__ = (__init_start__ + SIZEOF (.init))
                0x00000000000001a8                __init_size__ = SIZEOF (.init)
                0x00000000000263a8                __init_load_end__ = __init_end__
                0x0000000000000001                . = ASSERT (((__init_start__ == __init_end__) || ((__init_end__ >= __FLASH_segment_start__) && (__init_end__ <= __FLASH_segment_end__))), error: .init is too large to fit in FLASH memory segment)
                0x00000000000263a8                __init_rodata_load_start__ = ALIGN (__init_end__, 0x4)

.init_rodata    0x00000000000263a8        0x0
                0x00000000000263a8                __init_rodata_start__ = .
 *(.init_rodata .init_rodata.*)
                0x00000000000263a8                __init_rodata_end__ = (__init_rodata_start__ + SIZEOF (.init_rodata))
                0x0000000000000000                __init_rodata_size__ = SIZEOF (.init_rodata)
                0x00000000000263a8                __init_rodata_load_end__ = __init_rodata_end__
                0x0000000000000001                . = ASSERT (((__init_rodata_start__ == __init_rodata_end__) || ((__init_rodata_end__ >= __FLASH_segment_start__) && (__init_rodata_end__ <= __FLASH_segment_end__))), error: .init_rodata is too large to fit in FLASH memory segment)
                0x00000000000263a8                __text_load_start__ = ALIGN (__init_rodata_end__, 0x4)

.text           0x00000000000263a8    0x15c9e
                0x00000000000263a8                __text_start__ = .
 *(.text .text.* .glue_7t .glue_7 .gnu.linkonce.t.* .gcc_except_table .ARM.extab* .gnu.linkonce.armextab.*)
 .glue_7        0x00000000000263a8        0x0 linker stubs
 .glue_7t       0x00000000000263a8        0x0 linker stubs
 .text.sd_app_evt_wait
                0x00000000000263a8        0x4 build/light_switch_provisioner_nrf52840_xxAA_s140_6.1.0_Release/obj/main.o
 .text.flash_manager_mem_available
                0x00000000000263ac        0x2 build/light_switch_provisioner_nrf52840_xxAA_s140_6.1.0_Release/obj/main.o
 *fill*         0x00000000000263ae        0x2 
 .text.flash_invalidate_complete
                0x00000000000263b0       0x10 build/light_switch_provisioner_nrf52840_xxAA_s140_6.1.0_Release/obj/main.o
 .text.app_start
                0x00000000000263c0      0x1d4 build/light_switch_provisioner_nrf52840_xxAA_s140_6.1.0_Release/obj/main.o
 .text.models_init_cb
                0x0000000000026594      0x158 build/light_switch_provisioner_nrf52840_xxAA_s140_6.1.0_Release/obj/main.o
                0x0000000000026594                models_init_cb
 .text.app_config_client_event_cb
                0x00000000000266ec       0x54 build/light_switch_provisioner_nrf52840_xxAA_s140_6.1.0_Release/obj/main.o
 .text.app_config_failed_cb
                0x0000000000026740       0x5c build/light_switch_provisioner_nrf52840_xxAA_s140_6.1.0_Release/obj/main.o
 .text.app_prov_failed_cb
                0x000000000002679c       0x54 build/light_switch_provisioner_nrf52840_xxAA_s140_6.1.0_Release/obj/main.o
 .text.clear_app_data
                0x00000000000267f0       0x2c build/light_switch_provisioner_nrf52840_xxAA_s140_6.1.0_Release/obj/main.o
 .text.button_event_handler
                0x000000000002681c      0x278 build/light_switch_provisioner_nrf52840_xxAA_s140_6.1.0_Release/obj/main.o
 .text.app_rtt_input_handler
                0x0000000000026a94        0xc build/light_switch_provisioner_nrf52840_xxAA_s140_6.1.0_Release/obj/main.o
 .text.store_app_data
                0x0000000000026aa0       0x4c build/light_switch_provisioner_nrf52840_xxAA_s140_6.1.0_Release/obj/main.o
 .text.app_prov_success_cb
                0x0000000000026aec       0x6c build/light_switch_provisioner_nrf52840_xxAA_s140_6.1.0_Release/obj/main.o
 .text.app_data_store_cb
                0x0000000000026b58       0x1c build/light_switch_provisioner_nrf52840_xxAA_s140_6.1.0_Release/obj/main.o
 .text.app_config_successful_cb
                0x0000000000026b74      0x140 build/light_switch_provisioner_nrf52840_xxAA_s140_6.1.0_Release/obj/main.o
 .text.app_config_server_event_cb
                0x0000000000026cb4       0x58 build/light_switch_provisioner_nrf52840_xxAA_s140_6.1.0_Release/obj/main.o
 .text.app_bsense_event_cb
                0x0000000000026d0c       0xa4 build/light_switch_provisioner_nrf52840_xxAA_s140_6.1.0_Release/obj/main.o
 .text.app_health_event_cb
                0x0000000000026db0       0xac build/light_switch_provisioner_nrf52840_xxAA_s140_6.1.0_Release/obj/main.o
 .text.app_mesh_core_event_cb
                0x0000000000026e5c       0x58 build/light_switch_provisioner_nrf52840_xxAA_s140_6.1.0_Release/obj/main.o
 .text.flash_remove_complete
                0x0000000000026eb4       0x40 build/light_switch_provisioner_nrf52840_xxAA_s140_6.1.0_Release/obj/main.o
 .text.flash_write_complete
                0x0000000000026ef4       0x6c build/light_switch_provisioner_nrf52840_xxAA_s140_6.1.0_Release/obj/main.o
 .text.app_flash_manager_add
                0x0000000000026f60       0x98 build/light_switch_provisioner_nrf52840_xxAA_s140_6.1.0_Release/obj/main.o
 .text.app_default_models_bind_setup
                0x0000000000026ff8       0x7c build/light_switch_provisioner_nrf52840_xxAA_s140_6.1.0_Release/obj/main.o
                0x0000000000026ff8                app_default_models_bind_setup
 .text.startup.main
                0x0000000000027074      0x24c build/light_switch_provisioner_nrf52840_xxAA_s140_6.1.0_Release/obj/main.o
                0x0000000000027074                main
 .text.prov_evt_handler
                0x00000000000272c0      0x60c build/light_switch_provisioner_nrf52840_xxAA_s140_6.1.0_Release/obj/provisioner_helper.o
 .text.prov_helper_provision_next_device
                0x00000000000278cc       0xf4 build/light_switch_provisioner_nrf52840_xxAA_s140_6.1.0_Release/obj/provisioner_helper.o
                0x00000000000278cc                prov_helper_provision_next_device
 .text.prov_helper_scan_start
                0x00000000000279c0       0x64 build/light_switch_provisioner_nrf52840_xxAA_s140_6.1.0_Release/obj/provisioner_helper.o
                0x00000000000279c0                prov_helper_scan_start
 .text.prov_helper_device_handles_load
                0x0000000000027a24       0xb8 build/light_switch_provisioner_nrf52840_xxAA_s140_6.1.0_Release/obj/provisioner_helper.o
                0x0000000000027a24                prov_helper_device_handles_load
 .text.prov_helper_init
                0x0000000000027adc       0x48 build/light_switch_provisioner_nrf52840_xxAA_s140_6.1.0_Release/obj/provisioner_helper.o
                0x0000000000027adc                prov_helper_init
 .text.prov_helper_provision_self
                0x0000000000027b24       0xdc build/light_switch_provisioner_nrf52840_xxAA_s140_6.1.0_Release/obj/provisioner_helper.o
                0x0000000000027b24                prov_helper_provision_self
 .text.client_pub_state_set.constprop.2
                0x0000000000027c00       0x88 build/light_switch_provisioner_nrf52840_xxAA_s140_6.1.0_Release/obj/node_setup.o
 .text.node_setup_fail
                0x0000000000027c88       0x28 build/light_switch_provisioner_nrf52840_xxAA_s140_6.1.0_Release/obj/node_setup.o
 .text.config_step_execute
                0x0000000000027cb0      0x7e0 build/light_switch_provisioner_nrf52840_xxAA_s140_6.1.0_Release/obj/node_setup.o
 .text.client_send_timer_cb
                0x0000000000028490        0x4 build/light_switch_provisioner_nrf52840_xxAA_s140_6.1.0_Release/obj/node_setup.o
 .text.node_setup_config_client_event_process
                0x0000000000028494      0x298 build/light_switch_provisioner_nrf52840_xxAA_s140_6.1.0_Release/obj/node_setup.o
                0x0000000000028494                node_setup_config_client_event_process
 .text.node_setup_start
                0x000000000002872c      0x20c build/light_switch_provisioner_nrf52840_xxAA_s140_6.1.0_Release/obj/node_setup.o
                0x000000000002872c                node_setup_start
 .text.node_setup_cb_set
                0x0000000000028938       0x28 build/light_switch_provisioner_nrf52840_xxAA_s140_6.1.0_Release/obj/node_setup.o
                0x0000000000028938                node_setup_cb_set
 .text.timeout_handler
                0x0000000000028960       0x1c build/light_switch_provisioner_nrf52840_xxAA_s140_6.1.0_Release/obj/rtt_input.o
                0x0000000000028960                timeout_handler
 .text.rtt_input_enable
                0x000000000002897c       0x6c build/light_switch_provisioner_nrf52840_xxAA_s140_6.1.0_Release/obj/rtt_input.o
                0x000000000002897c                rtt_input_enable
 .text.led_timeout_handler
                0x00000000000289e8       0x48 build/light_switch_provisioner_nrf52840_xxAA_s140_6.1.0_Release/obj/simple_hal.o
 .text.hal_led_pin_get
                0x0000000000028a30       0x18 build/light_switch_provisioner_nrf52840_xxAA_s140_6.1.0_Release/obj/simple_hal.o
                0x0000000000028a30                hal_led_pin_get
 .text.hal_led_pin_set
                0x0000000000028a48       0x18 build/light_switch_provisioner_nrf52840_xxAA_s140_6.1.0_Release/obj/simple_hal.o
                0x0000000000028a48                hal_led_pin_set
 .text.hal_led_mask_set
                0x0000000000028a60       0x12 build/light_switch_provisioner_nrf52840_xxAA_s140_6.1.0_Release/obj/simple_hal.o
                0x0000000000028a60                hal_led_mask_set
 *fill*         0x0000000000028a72        0x2 
 .text.hal_led_blink_ms
                0x0000000000028a74       0x68 build/light_switch_provisioner_nrf52840_xxAA_s140_6.1.0_Release/obj/simple_hal.o
                0x0000000000028a74                hal_led_blink_ms
 .text.hal_leds_init
                0x0000000000028adc       0x58 build/light_switch_provisioner_nrf52840_xxAA_s140_6.1.0_Release/obj/simple_hal.o
                0x0000000000028adc                hal_leds_init
 .text.hal_buttons_init
                0x0000000000028b34       0x50 build/light_switch_provisioner_nrf52840_xxAA_s140_6.1.0_Release/obj/simple_hal.o
                0x0000000000028b34                hal_buttons_init
 .text.GPIOTE_IRQHandler
                0x0000000000028b84       0x60 build/light_switch_provisioner_nrf52840_xxAA_s140_6.1.0_Release/obj/simple_hal.o
                0x0000000000028b84                GPIOTE_IRQHandler
 .text.sd_ble_enable
                0x0000000000028be4        0x4 build/light_switch_provisioner_nrf52840_xxAA_s140_6.1.0_Release/obj/ble_softdevice_support.o
 .text.sd_ble_cfg_set
                0x0000000000028be8        0x4 build/light_switch_provisioner_nrf52840_xxAA_s140_6.1.0_Release/obj/ble_softdevice_support.o
 .text.on_sd_evt
                0x0000000000028bec        0x4 build/light_switch_provisioner_nrf52840_xxAA_s140_6.1.0_Release/obj/ble_softdevice_support.o
 .text.ble_stack_init
                0x0000000000028bf0       0xa0 build/light_switch_provisioner_nrf52840_xxAA_s140_6.1.0_Release/obj/ble_softdevice_support.o
                0x0000000000028bf0                ble_stack_init
 .text._weak_handler
                0x0000000000028c90        0x4 build/light_switch_provisioner_nrf52840_xxAA_s140_6.1.0_Release/obj/nrf_mesh_weak.o
                0x0000000000028c90                nrf_mesh_dfu_init
                0x0000000000028c90                nrf_mesh_dfu_jump_to_bootloader
                0x0000000000028c90                nrf_mesh_dfu_rx
                0x0000000000028c90                nrf_mesh_dfu_bank_info_get
                0x0000000000028c90                nrf_mesh_dfu_request
                0x0000000000028c90                nrf_mesh_dfu_bank_flash
                0x0000000000028c90                nrf_mesh_dfu_enable
                0x0000000000028c90                _weak_handler
                0x0000000000028c90                prov_provisionee_auth_data
                0x0000000000028c90                nrf_mesh_dfu_relay
                0x0000000000028c90                prov_provisionee_shared_secret
                0x0000000000028c90                nrf_mesh_dfu_abort
                0x0000000000028c90                mesh_flash_op_execute
                0x0000000000028c90                prov_provisionee_init
                0x0000000000028c90                nrf_mesh_dfu_state_get
                0x0000000000028c90                prov_provisionee_listen
 .text.app_error_fault_handler
                0x0000000000028c94      0x140 build/light_switch_provisioner_nrf52840_xxAA_s140_6.1.0_Release/obj/app_error_weak.o
                0x0000000000028c94                app_error_fault_handler
 .text.mesh_assertion_handler
                0x0000000000028dd4       0x24 build/light_switch_provisioner_nrf52840_xxAA_s140_6.1.0_Release/obj/assertion_handler_weak.o
                0x0000000000028dd4                mesh_assertion_handler
 .text.nrf_mesh_configure_device_uuid_set
                0x0000000000028df8       0x18 build/light_switch_provisioner_nrf52840_xxAA_s140_6.1.0_Release/obj/nrf_mesh_configure.o
                0x0000000000028df8                nrf_mesh_configure_device_uuid_set
 .text.nrf_mesh_configure_device_uuid_reset
                0x0000000000028e10       0x30 build/light_switch_provisioner_nrf52840_xxAA_s140_6.1.0_Release/obj/nrf_mesh_configure.o
                0x0000000000028e10                nrf_mesh_configure_device_uuid_reset
 .text.nrf_mesh_configure_device_uuid_get
                0x0000000000028e40        0x8 build/light_switch_provisioner_nrf52840_xxAA_s140_6.1.0_Release/obj/nrf_mesh_configure.o
                0x0000000000028e40                nrf_mesh_configure_device_uuid_get
 .text.msg_cache_init
                0x0000000000028e48       0x24 build/light_switch_provisioner_nrf52840_xxAA_s140_6.1.0_Release/obj/msg_cache.o
                0x0000000000028e48                msg_cache_init
 .text.msg_cache_entry_exists
                0x0000000000028e6c       0x3c build/light_switch_provisioner_nrf52840_xxAA_s140_6.1.0_Release/obj/msg_cache.o
                0x0000000000028e6c                msg_cache_entry_exists
 .text.msg_cache_entry_add
                0x0000000000028ea8       0x2c build/light_switch_provisioner_nrf52840_xxAA_s140_6.1.0_Release/obj/msg_cache.o
                0x0000000000028ea8                msg_cache_entry_add
 .text.seqauth_sequence_number_get
                0x0000000000028ed4       0x12 build/light_switch_provisioner_nrf52840_xxAA_s140_6.1.0_Release/obj/transport.o
 *fill*         0x0000000000028ee6        0x2 
 .text.control_packet_callback_get
                0x0000000000028ee8       0x40 build/light_switch_provisioner_nrf52840_xxAA_s140_6.1.0_Release/obj/transport.o
 .text.tx_complete
                0x0000000000028f28       0x2c build/light_switch_provisioner_nrf52840_xxAA_s140_6.1.0_Release/obj/transport.o
 .text.block_ack_full
                0x0000000000028f54       0x1a build/light_switch_provisioner_nrf52840_xxAA_s140_6.1.0_Release/obj/transport.o
 *fill*         0x0000000000028f6e        0x2 
 .text.sar_rx_session_mark_as_handled
                0x0000000000028f70       0x48 build/light_switch_provisioner_nrf52840_xxAA_s140_6.1.0_Release/obj/transport.o
 .text.upper_trs_packet_encrypt
                0x0000000000028fb8       0x86 build/light_switch_provisioner_nrf52840_xxAA_s140_6.1.0_Release/obj/transport.o
 .text.sar_ctx_free
                0x000000000002903e       0x4e build/light_switch_provisioner_nrf52840_xxAA_s140_6.1.0_Release/obj/transport.o
 .text.sar_ctx_tx_complete
                0x000000000002908c       0x2e build/light_switch_provisioner_nrf52840_xxAA_s140_6.1.0_Release/obj/transport.o
 *fill*         0x00000000000290ba        0x2 
 .text.sar_ctx_alloc
                0x00000000000290bc       0xe0 build/light_switch_provisioner_nrf52840_xxAA_s140_6.1.0_Release/obj/transport.o
 .text.test_transport_decrypt
                0x000000000002919c       0x64 build/light_switch_provisioner_nrf52840_xxAA_s140_6.1.0_Release/obj/transport.o
 .text.upper_transport_access_packet_in
                0x0000000000029200      0x178 build/light_switch_provisioner_nrf52840_xxAA_s140_6.1.0_Release/obj/transport.o
 .text.trs_packet_header_build
                0x0000000000029378       0x82 build/light_switch_provisioner_nrf52840_xxAA_s140_6.1.0_Release/obj/transport.o
 *fill*         0x00000000000293fa        0x2 
 .text.tx_retry_timer_reset
                0x00000000000293fc       0x3c build/light_switch_provisioner_nrf52840_xxAA_s140_6.1.0_Release/obj/transport.o
 .text.sar_ctx_cancel
                0x0000000000029438       0x84 build/light_switch_provisioner_nrf52840_xxAA_s140_6.1.0_Release/obj/transport.o
 .text.abort_timeout
                0x00000000000294bc        0x8 build/light_switch_provisioner_nrf52840_xxAA_s140_6.1.0_Release/obj/transport.o
 .text.retry_timeout
                0x00000000000294c4       0x4c build/light_switch_provisioner_nrf52840_xxAA_s140_6.1.0_Release/obj/transport.o
 .text.trs_sar_packet_out
                0x0000000000029510       0xf8 build/light_switch_provisioner_nrf52840_xxAA_s140_6.1.0_Release/obj/transport.o
 .text.upper_transport_packet_in
                0x0000000000029608      0x124 build/light_switch_provisioner_nrf52840_xxAA_s140_6.1.0_Release/obj/transport.o
 .text.segmented_packet_tx
                0x000000000002972c      0x120 build/light_switch_provisioner_nrf52840_xxAA_s140_6.1.0_Release/obj/transport.o
 .text.upper_transport_tx
                0x000000000002984c       0xba build/light_switch_provisioner_nrf52840_xxAA_s140_6.1.0_Release/obj/transport.o
 *fill*         0x0000000000029906        0x2 
 .text.transport_init
                0x0000000000029908       0x84 build/light_switch_provisioner_nrf52840_xxAA_s140_6.1.0_Release/obj/transport.o
                0x0000000000029908                transport_init
 .text.transport_enable
                0x000000000002998c        0x4 build/light_switch_provisioner_nrf52840_xxAA_s140_6.1.0_Release/obj/transport.o
                0x000000000002998c                transport_enable
 .text.transport_tx
                0x0000000000029990       0xb8 build/light_switch_provisioner_nrf52840_xxAA_s140_6.1.0_Release/obj/transport.o
                0x0000000000029990                transport_tx
 .text.transport_control_tx
                0x0000000000029a48       0x96 build/light_switch_provisioner_nrf52840_xxAA_s140_6.1.0_Release/obj/transport.o
                0x0000000000029a48                transport_control_tx
 *fill*         0x0000000000029ade        0x2 
 .text.sar_ack_send
                0x0000000000029ae0       0x90 build/light_switch_provisioner_nrf52840_xxAA_s140_6.1.0_Release/obj/transport.o
 .text.transport_sar_process
                0x0000000000029b70       0x88 build/light_switch_provisioner_nrf52840_xxAA_s140_6.1.0_Release/obj/transport.o
 .text.transport_packet_in
                0x0000000000029bf8      0x3e0 build/light_switch_provisioner_nrf52840_xxAA_s140_6.1.0_Release/obj/transport.o
                0x0000000000029bf8                transport_packet_in
 .text.ack_timeout
                0x0000000000029fd8       0x28 build/light_switch_provisioner_nrf52840_xxAA_s140_6.1.0_Release/obj/transport.o
 .text.transport_control_packet_consumer_add
                0x000000000002a000       0x5c build/light_switch_provisioner_nrf52840_xxAA_s140_6.1.0_Release/obj/transport.o
                0x000000000002a000                transport_control_packet_consumer_add
 .text.event_handle
                0x000000000002a05c       0x54 build/light_switch_provisioner_nrf52840_xxAA_s140_6.1.0_Release/obj/event.o
                0x000000000002a05c                event_handle
 .text.event_handler_add
                0x000000000002a0b0       0x20 build/light_switch_provisioner_nrf52840_xxAA_s140_6.1.0_Release/obj/event.o
                0x000000000002a0b0                event_handler_add
 .text.m_index_increment
                0x000000000002a0d0       0x1e build/light_switch_provisioner_nrf52840_xxAA_s140_6.1.0_Release/obj/packet_buffer.o
 .text.m_get_next_packet
                0x000000000002a0ee       0x1c build/light_switch_provisioner_nrf52840_xxAA_s140_6.1.0_Release/obj/packet_buffer.o
 .text.packet_buffer_init
                0x000000000002a10a       0xac build/light_switch_provisioner_nrf52840_xxAA_s140_6.1.0_Release/obj/packet_buffer.o
                0x000000000002a10a                packet_buffer_init
 .text.packet_buffer_flush
                0x000000000002a1b6       0x50 build/light_switch_provisioner_nrf52840_xxAA_s140_6.1.0_Release/obj/packet_buffer.o
                0x000000000002a1b6                packet_buffer_flush
 .text.packet_buffer_reserve
                0x000000000002a206       0xa2 build/light_switch_provisioner_nrf52840_xxAA_s140_6.1.0_Release/obj/packet_buffer.o
                0x000000000002a206                packet_buffer_reserve
 .text.packet_buffer_commit
                0x000000000002a2a8       0x62 build/light_switch_provisioner_nrf52840_xxAA_s140_6.1.0_Release/obj/packet_buffer.o
                0x000000000002a2a8                packet_buffer_commit
 .text.packet_buffer_pop
                0x000000000002a30a       0x5a build/light_switch_provisioner_nrf52840_xxAA_s140_6.1.0_Release/obj/packet_buffer.o
                0x000000000002a30a                packet_buffer_pop
 .text.packet_buffer_can_pop
                0x000000000002a364       0x34 build/light_switch_provisioner_nrf52840_xxAA_s140_6.1.0_Release/obj/packet_buffer.o
                0x000000000002a364                packet_buffer_can_pop
 .text.packet_buffer_packets_ready_to_pop
                0x000000000002a398       0x36 build/light_switch_provisioner_nrf52840_xxAA_s140_6.1.0_Release/obj/packet_buffer.o
                0x000000000002a398                packet_buffer_packets_ready_to_pop
 .text.packet_buffer_free
                0x000000000002a3ce       0x74 build/light_switch_provisioner_nrf52840_xxAA_s140_6.1.0_Release/obj/packet_buffer.o
                0x000000000002a3ce                packet_buffer_free
 .text.packet_buffer_is_empty
                0x000000000002a442       0x28 build/light_switch_provisioner_nrf52840_xxAA_s140_6.1.0_Release/obj/packet_buffer.o
                0x000000000002a442                packet_buffer_is_empty
 .text.get_last_page
                0x000000000002a46a       0x14 build/light_switch_provisioner_nrf52840_xxAA_s140_6.1.0_Release/obj/flash_manager_defrag.o
 *fill*         0x000000000002a47e        0x2 
 .text.defrag_on_end
                0x000000000002a480       0x1c build/light_switch_provisioner_nrf52840_xxAA_s140_6.1.0_Release/obj/flash_manager_defrag.o
 .text.execute_procedure_step
                0x000000000002a49c       0x70 build/light_switch_provisioner_nrf52840_xxAA_s140_6.1.0_Release/obj/flash_manager_defrag.o
 .text.get_next_entry
                0x000000000002a50c       0x34 build/light_switch_provisioner_nrf52840_xxAA_s140_6.1.0_Release/obj/flash_manager_defrag.o
 .text.get_next_data_entry
                0x000000000002a540       0x26 build/light_switch_provisioner_nrf52840_xxAA_s140_6.1.0_Release/obj/flash_manager_defrag.o
 *fill*         0x000000000002a566        0x2 
 .text.on_flash_op_end
                0x000000000002a568       0x2c build/light_switch_provisioner_nrf52840_xxAA_s140_6.1.0_Release/obj/flash_manager_defrag.o
 .text.check_for_invalid_entries
                0x000000000002a594       0x38 build/light_switch_provisioner_nrf52840_xxAA_s140_6.1.0_Release/obj/flash_manager_defrag.o
 .text.erase_recovery_area
                0x000000000002a5cc       0x34 build/light_switch_provisioner_nrf52840_xxAA_s140_6.1.0_Release/obj/flash_manager_defrag.o
 .text.flash.constprop.6
                0x000000000002a600       0x24 build/light_switch_provisioner_nrf52840_xxAA_s140_6.1.0_Release/obj/flash_manager_defrag.o
 .text.invalidate_duplicate_entries
                0x000000000002a624       0xa8 build/light_switch_provisioner_nrf52840_xxAA_s140_6.1.0_Release/obj/flash_manager_defrag.o
 .text.seal_storage_page
                0x000000000002a6cc       0x50 build/light_switch_provisioner_nrf52840_xxAA_s140_6.1.0_Release/obj/flash_manager_defrag.o
 .text.copy_metadata
                0x000000000002a71c       0x3c build/light_switch_provisioner_nrf52840_xxAA_s140_6.1.0_Release/obj/flash_manager_defrag.o
 .text.write_defrag_start_pointer
                0x000000000002a758       0x20 build/light_switch_provisioner_nrf52840_xxAA_s140_6.1.0_Release/obj/flash_manager_defrag.o
 .text.write_back
                0x000000000002a778       0x28 build/light_switch_provisioner_nrf52840_xxAA_s140_6.1.0_Release/obj/flash_manager_defrag.o
 .text.post_process
                0x000000000002a7a0       0x40 build/light_switch_provisioner_nrf52840_xxAA_s140_6.1.0_Release/obj/flash_manager_defrag.o
 .text.backup_entries
                0x000000000002a7e0       0xd8 build/light_switch_provisioner_nrf52840_xxAA_s140_6.1.0_Release/obj/flash_manager_defrag.o
 .text.erase_source
                0x000000000002a8b8       0x34 build/light_switch_provisioner_nrf52840_xxAA_s140_6.1.0_Release/obj/flash_manager_defrag.o
 .text.flash_manager_defrag_init
                0x000000000002a8ec       0x8c build/light_switch_provisioner_nrf52840_xxAA_s140_6.1.0_Release/obj/flash_manager_defrag.o
                0x000000000002a8ec                flash_manager_defrag_init
 .text.flash_manager_defragging
                0x000000000002a978       0x38 build/light_switch_provisioner_nrf52840_xxAA_s140_6.1.0_Release/obj/flash_manager_defrag.o
                0x000000000002a978                flash_manager_defragging
 .text.flash_manager_defrag_is_running
                0x000000000002a9b0       0x10 build/light_switch_provisioner_nrf52840_xxAA_s140_6.1.0_Release/obj/flash_manager_defrag.o
                0x000000000002a9b0                flash_manager_defrag_is_running
 .text.flash_manager_defrag
                0x000000000002a9c0       0x44 build/light_switch_provisioner_nrf52840_xxAA_s140_6.1.0_Release/obj/flash_manager_defrag.o
                0x000000000002a9c0                flash_manager_defrag
 .text.flash_manager_defrag_recovery_page_get
                0x000000000002aa04        0xc build/light_switch_provisioner_nrf52840_xxAA_s140_6.1.0_Release/obj/flash_manager_defrag.o
                0x000000000002aa04                flash_manager_defrag_recovery_page_get
 .text.fifo_init
                0x000000000002aa10       0x34 build/light_switch_provisioner_nrf52840_xxAA_s140_6.1.0_Release/obj/fifo.o
                0x000000000002aa10                fifo_init
 .text.fifo_pop
                0x000000000002aa44       0x52 build/light_switch_provisioner_nrf52840_xxAA_s140_6.1.0_Release/obj/fifo.o
                0x000000000002aa44                fifo_pop
 *fill*         0x000000000002aa96        0x2 
 .text.wait_for_ready
                0x000000000002aa98       0x10 build/light_switch_provisioner_nrf52840_xxAA_s140_6.1.0_Release/obj/nrf_flash.o
 .text.nrf_flash_erase
                0x000000000002aaa8       0x50 build/light_switch_provisioner_nrf52840_xxAA_s140_6.1.0_Release/obj/nrf_flash.o
                0x000000000002aaa8                nrf_flash_erase
 .text.nrf_flash_write
                0x000000000002aaf8       0x50 build/light_switch_provisioner_nrf52840_xxAA_s140_6.1.0_Release/obj/nrf_flash.o
                0x000000000002aaf8                nrf_flash_write
 .text.entry_recover_cb
                0x000000000002ab48       0x18 build/light_switch_provisioner_nrf52840_xxAA_s140_6.1.0_Release/obj/net_state.o
 .text.flash_store_iv_index
                0x000000000002ab60       0x38 build/light_switch_provisioner_nrf52840_xxAA_s140_6.1.0_Release/obj/net_state.o
 .text.flash_mem_available
                0x000000000002ab98       0x14 build/light_switch_provisioner_nrf52840_xxAA_s140_6.1.0_Release/obj/net_state.o
 .text.iv_index_notify
                0x000000000002abac       0x30 build/light_switch_provisioner_nrf52840_xxAA_s140_6.1.0_Release/obj/net_state.o
 .text.seqnum_block_allocate
                0x000000000002abdc       0x4c build/light_switch_provisioner_nrf52840_xxAA_s140_6.1.0_Release/obj/net_state.o
 .text.net_state_reset
                0x000000000002ac28       0x48 build/light_switch_provisioner_nrf52840_xxAA_s140_6.1.0_Release/obj/net_state.o
                0x000000000002ac28                net_state_reset
 .text.flash_write_complete
                0x000000000002ac70       0x64 build/light_switch_provisioner_nrf52840_xxAA_s140_6.1.0_Release/obj/net_state.o
 .text.net_state_recover_from_flash
                0x000000000002acd4       0x60 build/light_switch_provisioner_nrf52840_xxAA_s140_6.1.0_Release/obj/net_state.o
                0x000000000002acd4                net_state_recover_from_flash
 .text.net_state_flash_area_get
                0x000000000002ad34        0xc build/light_switch_provisioner_nrf52840_xxAA_s140_6.1.0_Release/obj/net_state.o
                0x000000000002ad34                net_state_flash_area_get
 .text.init_flash_storage
                0x000000000002ad40       0x3c build/light_switch_provisioner_nrf52840_xxAA_s140_6.1.0_Release/obj/net_state.o
 .text.net_state_init
                0x000000000002ad7c       0x44 build/light_switch_provisioner_nrf52840_xxAA_s140_6.1.0_Release/obj/net_state.o
                0x000000000002ad7c                net_state_init
 .text.net_state_enable
                0x000000000002adc0       0x30 build/light_switch_provisioner_nrf52840_xxAA_s140_6.1.0_Release/obj/net_state.o
                0x000000000002adc0                net_state_enable
 .text.net_state_iv_update_start
                0x000000000002adf0       0x50 build/light_switch_provisioner_nrf52840_xxAA_s140_6.1.0_Release/obj/net_state.o
                0x000000000002adf0                net_state_iv_update_start
 .text.iv_update_trigger_if_pending
                0x000000000002ae40       0x6c build/light_switch_provisioner_nrf52840_xxAA_s140_6.1.0_Release/obj/net_state.o
 .text.iv_update_timer_handler
                0x000000000002aeac       0x64 build/light_switch_provisioner_nrf52840_xxAA_s140_6.1.0_Release/obj/net_state.o
 .text.mesh_evt_handler
                0x000000000002af10       0x8c build/light_switch_provisioner_nrf52840_xxAA_s140_6.1.0_Release/obj/net_state.o
 .text.net_state_seqnum_alloc
                0x000000000002af9c       0x68 build/light_switch_provisioner_nrf52840_xxAA_s140_6.1.0_Release/obj/net_state.o
                0x000000000002af9c                net_state_seqnum_alloc
 .text.net_state_iv_index_lock
                0x000000000002b004       0x3c build/light_switch_provisioner_nrf52840_xxAA_s140_6.1.0_Release/obj/net_state.o
                0x000000000002b004                net_state_iv_index_lock
 .text.net_state_key_refresh_phase_changed
                0x000000000002b040       0x20 build/light_switch_provisioner_nrf52840_xxAA_s140_6.1.0_Release/obj/net_state.o
                0x000000000002b040                net_state_key_refresh_phase_changed
 .text.net_state_beacon_iv_index_get
                0x000000000002b060        0xc build/light_switch_provisioner_nrf52840_xxAA_s140_6.1.0_Release/obj/net_state.o
                0x000000000002b060                net_state_beacon_iv_index_get
 .text.net_state_tx_iv_index_get
                0x000000000002b06c       0x14 build/light_switch_provisioner_nrf52840_xxAA_s140_6.1.0_Release/obj/net_state.o
                0x000000000002b06c                net_state_tx_iv_index_get
 .text.net_state_rx_iv_index_get
                0x000000000002b080       0x18 build/light_switch_provisioner_nrf52840_xxAA_s140_6.1.0_Release/obj/net_state.o
                0x000000000002b080                net_state_rx_iv_index_get
 .text.net_state_iv_update_get
                0x000000000002b098        0xc build/light_switch_provisioner_nrf52840_xxAA_s140_6.1.0_Release/obj/net_state.o
                0x000000000002b098                net_state_iv_update_get
 .text.send_end_events
                0x000000000002b0a4       0x84 build/light_switch_provisioner_nrf52840_xxAA_s140_6.1.0_Release/obj/mesh_flash.o
 .text.flash_op_action_prepare
                0x000000000002b128       0x78 build/light_switch_provisioner_nrf52840_xxAA_s140_6.1.0_Release/obj/mesh_flash.o
 .text.flash_op_schedule
                0x000000000002b1a0       0x20 build/light_switch_provisioner_nrf52840_xxAA_s140_6.1.0_Release/obj/mesh_flash.o
 .text.flash_op_start
                0x000000000002b1c0      0x13c build/light_switch_provisioner_nrf52840_xxAA_s140_6.1.0_Release/obj/mesh_flash.o
 .text.mesh_flash_init
                0x000000000002b2fc       0x7c build/light_switch_provisioner_nrf52840_xxAA_s140_6.1.0_Release/obj/mesh_flash.o
                0x000000000002b2fc                mesh_flash_init
 .text.mesh_flash_user_callback_set
                0x000000000002b378       0x20 build/light_switch_provisioner_nrf52840_xxAA_s140_6.1.0_Release/obj/mesh_flash.o
                0x000000000002b378                mesh_flash_user_callback_set
 .text.mesh_flash_op_push
                0x000000000002b398      0x118 build/light_switch_provisioner_nrf52840_xxAA_s140_6.1.0_Release/obj/mesh_flash.o
                0x000000000002b398                mesh_flash_op_push
 .text.mesh_flash_set_suspended
                0x000000000002b4b0       0x70 build/light_switch_provisioner_nrf52840_xxAA_s140_6.1.0_Release/obj/mesh_flash.o
                0x000000000002b4b0                mesh_flash_set_suspended
 .text.nrf_mesh_address_type_get
                0x000000000002b520       0x10 build/light_switch_provisioner_nrf52840_xxAA_s140_6.1.0_Release/obj/nrf_mesh_utils.o
                0x000000000002b520                nrf_mesh_address_type_get
 .text.sd_softdevice_is_enabled
                0x000000000002b530        0x4 build/light_switch_provisioner_nrf52840_xxAA_s140_6.1.0_Release/obj/nrf_mesh.o
 .text.nrf_mesh_listen
                0x000000000002b534       0xe8 build/light_switch_provisioner_nrf52840_xxAA_s140_6.1.0_Release/obj/nrf_mesh.o
 .text.scanner_packet_process_cb
                0x000000000002b61c       0x8c build/light_switch_provisioner_nrf52840_xxAA_s140_6.1.0_Release/obj/nrf_mesh.o
 .text.nrf_mesh_init
                0x000000000002b6a8       0xcc build/light_switch_provisioner_nrf52840_xxAA_s140_6.1.0_Release/obj/nrf_mesh.o
                0x000000000002b6a8                nrf_mesh_init
 .text.nrf_mesh_enable
                0x000000000002b774       0x88 build/light_switch_provisioner_nrf52840_xxAA_s140_6.1.0_Release/obj/nrf_mesh.o
                0x000000000002b774                nrf_mesh_enable
 .text.nrf_mesh_packet_send
                0x000000000002b7fc        0x4 build/light_switch_provisioner_nrf52840_xxAA_s140_6.1.0_Release/obj/nrf_mesh.o
                0x000000000002b7fc                nrf_mesh_packet_send
 .text.nrf_mesh_evt_handler_add
                0x000000000002b800        0x4 build/light_switch_provisioner_nrf52840_xxAA_s140_6.1.0_Release/obj/nrf_mesh.o
                0x000000000002b800                nrf_mesh_evt_handler_add
 .text.nrf_mesh_on_sd_evt
                0x000000000002b804        0xa build/light_switch_provisioner_nrf52840_xxAA_s140_6.1.0_Release/obj/nrf_mesh.o
                0x000000000002b804                nrf_mesh_on_sd_evt
 .text.nrf_mesh_subnet_added
                0x000000000002b80e        0x2 build/light_switch_provisioner_nrf52840_xxAA_s140_6.1.0_Release/obj/nrf_mesh.o
                0x000000000002b80e                nrf_mesh_subnet_added
 .text.nrf_mesh_unique_token_get
                0x000000000002b810       0x18 build/light_switch_provisioner_nrf52840_xxAA_s140_6.1.0_Release/obj/nrf_mesh.o
                0x000000000002b810                nrf_mesh_unique_token_get
 .text.queue_init
                0x000000000002b828       0x14 build/light_switch_provisioner_nrf52840_xxAA_s140_6.1.0_Release/obj/queue.o
                0x000000000002b828                queue_init
 .text.queue_push
                0x000000000002b83c       0x34 build/light_switch_provisioner_nrf52840_xxAA_s140_6.1.0_Release/obj/queue.o
                0x000000000002b83c                queue_push
 .text.queue_pop
                0x000000000002b870       0x26 build/light_switch_provisioner_nrf52840_xxAA_s140_6.1.0_Release/obj/queue.o
                0x000000000002b870                queue_pop
 .text.queue_peek
                0x000000000002b896       0x10 build/light_switch_provisioner_nrf52840_xxAA_s140_6.1.0_Release/obj/queue.o
                0x000000000002b896                queue_peek
 .text.sd_power_reset_reason_clr
                0x000000000002b8a6        0x4 build/light_switch_provisioner_nrf52840_xxAA_s140_6.1.0_Release/obj/hal.o
 *fill*         0x000000000002b8aa        0x2 
 .text.hal_device_reset
                0x000000000002b8ac       0x2c build/light_switch_provisioner_nrf52840_xxAA_s140_6.1.0_Release/obj/hal.o
                0x000000000002b8ac                hal_device_reset
 .text.hal_lfclk_ppm_get
                0x000000000002b8d8       0x14 build/light_switch_provisioner_nrf52840_xxAA_s140_6.1.0_Release/obj/hal.o
                0x000000000002b8d8                hal_lfclk_ppm_get
 .text.hal_irq_active_get
                0x000000000002b8ec       0x10 build/light_switch_provisioner_nrf52840_xxAA_s140_6.1.0_Release/obj/hal.o
                0x000000000002b8ec                hal_irq_active_get
 .text.hal_irq_is_enabled
                0x000000000002b8fc       0x28 build/light_switch_provisioner_nrf52840_xxAA_s140_6.1.0_Release/obj/hal.o
                0x000000000002b8fc                hal_irq_is_enabled
 .text.sd_ecb_block_encrypt
                0x000000000002b924        0x4 build/light_switch_provisioner_nrf52840_xxAA_s140_6.1.0_Release/obj/aes_cmac.o
 .text.utils_xor.constprop.1
                0x000000000002b928       0x20 build/light_switch_provisioner_nrf52840_xxAA_s140_6.1.0_Release/obj/aes_cmac.o
 .text.aes_cmac
                0x000000000002b948      0x126 build/light_switch_provisioner_nrf52840_xxAA_s140_6.1.0_Release/obj/aes_cmac.o
                0x000000000002b948                aes_cmac
 *fill*         0x000000000002ba6e        0x2 
 .text.add_evt  0x000000000002ba70       0x50 build/light_switch_provisioner_nrf52840_xxAA_s140_6.1.0_Release/obj/timer_scheduler.o
 .text.remove_evt
                0x000000000002bac0       0x50 build/light_switch_provisioner_nrf52840_xxAA_s140_6.1.0_Release/obj/timer_scheduler.o
 .text.timer_cb
                0x000000000002bb10        0xc build/light_switch_provisioner_nrf52840_xxAA_s140_6.1.0_Release/obj/timer_scheduler.o
 .text.setup_timeout.isra.0
                0x000000000002bb1c       0x1c build/light_switch_provisioner_nrf52840_xxAA_s140_6.1.0_Release/obj/timer_scheduler.o
 .text.flag_event_cb
                0x000000000002bb38       0xa4 build/light_switch_provisioner_nrf52840_xxAA_s140_6.1.0_Release/obj/timer_scheduler.o
 .text.timer_sch_init
                0x000000000002bbdc       0x28 build/light_switch_provisioner_nrf52840_xxAA_s140_6.1.0_Release/obj/timer_scheduler.o
                0x000000000002bbdc                timer_sch_init
 .text.timer_sch_schedule
                0x000000000002bc04       0x44 build/light_switch_provisioner_nrf52840_xxAA_s140_6.1.0_Release/obj/timer_scheduler.o
                0x000000000002bc04                timer_sch_schedule
 .text.timer_sch_abort
                0x000000000002bc48       0x2e build/light_switch_provisioner_nrf52840_xxAA_s140_6.1.0_Release/obj/timer_scheduler.o
                0x000000000002bc48                timer_sch_abort
 .text.timer_sch_reschedule
                0x000000000002bc76       0x38 build/light_switch_provisioner_nrf52840_xxAA_s140_6.1.0_Release/obj/timer_scheduler.o
                0x000000000002bc76                timer_sch_reschedule
 .text.timer_sch_is_scheduled
                0x000000000002bcae       0x16 build/light_switch_provisioner_nrf52840_xxAA_s140_6.1.0_Release/obj/timer_scheduler.o
                0x000000000002bcae                timer_sch_is_scheduled
 .text.timer_init
                0x000000000002bcc4       0x1a build/light_switch_provisioner_nrf52840_xxAA_s140_6.1.0_Release/obj/timer.o
                0x000000000002bcc4                timer_init
 *fill*         0x000000000002bcde        0x2 
 .text.timer_now
                0x000000000002bce0       0x48 build/light_switch_provisioner_nrf52840_xxAA_s140_6.1.0_Release/obj/timer.o
                0x000000000002bce0                timer_now
 .text.nrf_mesh_timer_tail_handle
                0x000000000002bd28       0x34 build/light_switch_provisioner_nrf52840_xxAA_s140_6.1.0_Release/obj/timer.o
                0x000000000002bd28                nrf_mesh_timer_tail_handle
 .text.nrf_mesh_timer_ovfw_handle
                0x000000000002bd5c       0x98 build/light_switch_provisioner_nrf52840_xxAA_s140_6.1.0_Release/obj/timer.o
                0x000000000002bd5c                nrf_mesh_timer_ovfw_handle
 .text.timer_start
                0x000000000002bdf4       0xac build/light_switch_provisioner_nrf52840_xxAA_s140_6.1.0_Release/obj/timer.o
                0x000000000002bdf4                timer_start
 .text.timer_stop
                0x000000000002bea0       0x30 build/light_switch_provisioner_nrf52840_xxAA_s140_6.1.0_Release/obj/timer.o
                0x000000000002bea0                timer_stop
 .text.sd_rand_application_bytes_available_get
                0x000000000002bed0        0x4 build/light_switch_provisioner_nrf52840_xxAA_s140_6.1.0_Release/obj/rand.o
 .text.sd_rand_application_vector_get
                0x000000000002bed4        0x4 build/light_switch_provisioner_nrf52840_xxAA_s140_6.1.0_Release/obj/rand.o
 .text.rand_prng_get
                0x000000000002bed8       0x24 build/light_switch_provisioner_nrf52840_xxAA_s140_6.1.0_Release/obj/rand.o
                0x000000000002bed8                rand_prng_get
 .text.rand_hw_rng_get
                0x000000000002befc       0x44 build/light_switch_provisioner_nrf52840_xxAA_s140_6.1.0_Release/obj/rand.o
                0x000000000002befc                rand_hw_rng_get
 .text.rand_prng_seed
                0x000000000002bf40       0x34 build/light_switch_provisioner_nrf52840_xxAA_s140_6.1.0_Release/obj/rand.o
                0x000000000002bf40                rand_prng_seed
 .text.mesh_opt_init
                0x000000000002bf74        0x2 build/light_switch_provisioner_nrf52840_xxAA_s140_6.1.0_Release/obj/mesh_opt.o
                0x000000000002bf74                mesh_opt_init
 .text.sd_radio_session_open
                0x000000000002bf76        0x4 build/light_switch_provisioner_nrf52840_xxAA_s140_6.1.0_Release/obj/timeslot.o
 .text.sd_radio_session_close
                0x000000000002bf7a        0x4 build/light_switch_provisioner_nrf52840_xxAA_s140_6.1.0_Release/obj/timeslot.o
 .text.sd_radio_request
                0x000000000002bf7e        0x4 build/light_switch_provisioner_nrf52840_xxAA_s140_6.1.0_Release/obj/timeslot.o
 *fill*         0x000000000002bf82        0x2 
 .text.end_timer_handler
                0x000000000002bf84       0x24 build/light_switch_provisioner_nrf52840_xxAA_s140_6.1.0_Release/obj/timeslot.o
 .text.get_end_time.isra.3
                0x000000000002bfa8       0x20 build/light_switch_provisioner_nrf52840_xxAA_s140_6.1.0_Release/obj/timeslot.o
 .text.on_ts_begin.constprop.9
                0x000000000002bfc8       0x48 build/light_switch_provisioner_nrf52840_xxAA_s140_6.1.0_Release/obj/timeslot.o
 .text.handle_extend_end.constprop.5
                0x000000000002c010       0x88 build/light_switch_provisioner_nrf52840_xxAA_s140_6.1.0_Release/obj/timeslot.o
 .text.radio_signal_callback
                0x000000000002c098      0x12c build/light_switch_provisioner_nrf52840_xxAA_s140_6.1.0_Release/obj/timeslot.o
 .text.timeslot_sd_event_handler
                0x000000000002c1c4       0x60 build/light_switch_provisioner_nrf52840_xxAA_s140_6.1.0_Release/obj/timeslot.o
                0x000000000002c1c4                timeslot_sd_event_handler
 .text.timeslot_init
                0x000000000002c224       0x50 build/light_switch_provisioner_nrf52840_xxAA_s140_6.1.0_Release/obj/timeslot.o
                0x000000000002c224                timeslot_init
 .text.timeslot_start
                0x000000000002c274       0x48 build/light_switch_provisioner_nrf52840_xxAA_s140_6.1.0_Release/obj/timeslot.o
                0x000000000002c274                timeslot_start
 .text.timeslot_end_is_pending
                0x000000000002c2bc       0x28 build/light_switch_provisioner_nrf52840_xxAA_s140_6.1.0_Release/obj/timeslot.o
                0x000000000002c2bc                timeslot_end_is_pending
 .text.timeslot_length_get
                0x000000000002c2e4        0xc build/light_switch_provisioner_nrf52840_xxAA_s140_6.1.0_Release/obj/timeslot.o
                0x000000000002c2e4                timeslot_length_get
 .text.timeslot_remaining_time_get
                0x000000000002c2f0       0x24 build/light_switch_provisioner_nrf52840_xxAA_s140_6.1.0_Release/obj/timeslot.o
                0x000000000002c2f0                timeslot_remaining_time_get
 .text.timeslot_is_in_cb
                0x000000000002c314        0xc build/light_switch_provisioner_nrf52840_xxAA_s140_6.1.0_Release/obj/timeslot.o
                0x000000000002c314                timeslot_is_in_cb
 .text.timeslot_trigger
                0x000000000002c320       0x24 build/light_switch_provisioner_nrf52840_xxAA_s140_6.1.0_Release/obj/timeslot.o
                0x000000000002c320                timeslot_trigger
 .text.timeslot_stop
                0x000000000002c344       0x1c build/light_switch_provisioner_nrf52840_xxAA_s140_6.1.0_Release/obj/timeslot.o
                0x000000000002c344                timeslot_stop
 .text.timeslot_restart
                0x000000000002c360       0x24 build/light_switch_provisioner_nrf52840_xxAA_s140_6.1.0_Release/obj/timeslot.o
                0x000000000002c360                timeslot_restart
 .text.timeslot_state_lock
                0x000000000002c384       0x24 build/light_switch_provisioner_nrf52840_xxAA_s140_6.1.0_Release/obj/timeslot.o
                0x000000000002c384                timeslot_state_lock
 .text.timer_mut_unlock
                0x000000000002c3a8       0x10 build/light_switch_provisioner_nrf52840_xxAA_s140_6.1.0_Release/obj/timeslot_timer.o
 .text.ts_timer_order_cb
                0x000000000002c3b8       0x64 build/light_switch_provisioner_nrf52840_xxAA_s140_6.1.0_Release/obj/timeslot_timer.o
                0x000000000002c3b8                ts_timer_order_cb
 .text.ts_timer_now
                0x000000000002c41c       0x40 build/light_switch_provisioner_nrf52840_xxAA_s140_6.1.0_Release/obj/timeslot_timer.o
                0x000000000002c41c                ts_timer_now
 .text.ts_timer_event_handler
                0x000000000002c45c       0x6c build/light_switch_provisioner_nrf52840_xxAA_s140_6.1.0_Release/obj/timeslot_timer.o
                0x000000000002c45c                ts_timer_event_handler
 .text.ts_timer_to_device_time
                0x000000000002c4c8        0xc build/light_switch_provisioner_nrf52840_xxAA_s140_6.1.0_Release/obj/timeslot_timer.o
                0x000000000002c4c8                ts_timer_to_device_time
 .text.ts_timer_on_ts_begin
                0x000000000002c4d4       0x64 build/light_switch_provisioner_nrf52840_xxAA_s140_6.1.0_Release/obj/timeslot_timer.o
                0x000000000002c4d4                ts_timer_on_ts_begin
 .text.ts_timer_on_ts_end
                0x000000000002c538       0x48 build/light_switch_provisioner_nrf52840_xxAA_s140_6.1.0_Release/obj/timeslot_timer.o
                0x000000000002c538                ts_timer_on_ts_end
 .text.trigger_event_handler
                0x000000000002c580       0x1c build/light_switch_provisioner_nrf52840_xxAA_s140_6.1.0_Release/obj/bearer_event.o
 .text.bearer_event_init
                0x000000000002c59c       0x58 build/light_switch_provisioner_nrf52840_xxAA_s140_6.1.0_Release/obj/bearer_event.o
                0x000000000002c59c                bearer_event_init
 .text.bearer_event_start
                0x000000000002c5f4       0x44 build/light_switch_provisioner_nrf52840_xxAA_s140_6.1.0_Release/obj/bearer_event.o
                0x000000000002c5f4                bearer_event_start
 .text.bearer_event_critical_section_begin
                0x000000000002c638       0x80 build/light_switch_provisioner_nrf52840_xxAA_s140_6.1.0_Release/obj/bearer_event.o
                0x000000000002c638                bearer_event_critical_section_begin
 .text.bearer_event_critical_section_end
                0x000000000002c6b8       0x60 build/light_switch_provisioner_nrf52840_xxAA_s140_6.1.0_Release/obj/bearer_event.o
                0x000000000002c6b8                bearer_event_critical_section_end
 .text.bearer_event_flag_add
                0x000000000002c718       0x3c build/light_switch_provisioner_nrf52840_xxAA_s140_6.1.0_Release/obj/bearer_event.o
                0x000000000002c718                bearer_event_flag_add
 .text.bearer_event_flag_set
                0x000000000002c754       0x44 build/light_switch_provisioner_nrf52840_xxAA_s140_6.1.0_Release/obj/bearer_event.o
                0x000000000002c754                bearer_event_flag_set
 .text.bearer_event_sequential_add
                0x000000000002c798       0x2e build/light_switch_provisioner_nrf52840_xxAA_s140_6.1.0_Release/obj/bearer_event.o
                0x000000000002c798                bearer_event_sequential_add
 *fill*         0x000000000002c7c6        0x2 
 .text.bearer_event_sequential_post
                0x000000000002c7c8       0x44 build/light_switch_provisioner_nrf52840_xxAA_s140_6.1.0_Release/obj/bearer_event.o
                0x000000000002c7c8                bearer_event_sequential_post
 .text.bearer_event_sequential_pending
                0x000000000002c80c       0x10 build/light_switch_provisioner_nrf52840_xxAA_s140_6.1.0_Release/obj/bearer_event.o
                0x000000000002c80c                bearer_event_sequential_pending
 .text.bearer_event_handler
                0x000000000002c81c       0xe8 build/light_switch_provisioner_nrf52840_xxAA_s140_6.1.0_Release/obj/bearer_event.o
                0x000000000002c81c                bearer_event_handler
 .text.QDEC_IRQHandler
                0x000000000002c904        0x4 build/light_switch_provisioner_nrf52840_xxAA_s140_6.1.0_Release/obj/bearer_event.o
                0x000000000002c904                QDEC_IRQHandler
 .text.bearer_event_in_correct_irq_priority
                0x000000000002c908       0x74 build/light_switch_provisioner_nrf52840_xxAA_s140_6.1.0_Release/obj/bearer_event.o
                0x000000000002c908                bearer_event_in_correct_irq_priority
 .text.sd_ecb_block_encrypt
                0x000000000002c97c        0x4 build/light_switch_provisioner_nrf52840_xxAA_s140_6.1.0_Release/obj/enc.o
 .text.enc_aes_encrypt
                0x000000000002c980       0x56 build/light_switch_provisioner_nrf52840_xxAA_s140_6.1.0_Release/obj/enc.o
                0x000000000002c980                enc_aes_encrypt
 .text.enc_aes_cmac
                0x000000000002c9d6        0x4 build/light_switch_provisioner_nrf52840_xxAA_s140_6.1.0_Release/obj/enc.o
                0x000000000002c9d6                enc_aes_cmac
 .text.enc_aes_ccm_encrypt
                0x000000000002c9da        0x4 build/light_switch_provisioner_nrf52840_xxAA_s140_6.1.0_Release/obj/enc.o
                0x000000000002c9da                enc_aes_ccm_encrypt
 .text.enc_aes_ccm_decrypt
                0x000000000002c9de        0x4 build/light_switch_provisioner_nrf52840_xxAA_s140_6.1.0_Release/obj/enc.o
                0x000000000002c9de                enc_aes_ccm_decrypt
 .text.enc_nonce_generate
                0x000000000002c9e2       0xb8 build/light_switch_provisioner_nrf52840_xxAA_s140_6.1.0_Release/obj/enc.o
                0x000000000002c9e2                enc_nonce_generate
 .text.enc_s1   0x000000000002ca9a       0x2c build/light_switch_provisioner_nrf52840_xxAA_s140_6.1.0_Release/obj/enc.o
                0x000000000002ca9a                enc_s1
 .text.enc_k1   0x000000000002cac6       0x3c build/light_switch_provisioner_nrf52840_xxAA_s140_6.1.0_Release/obj/enc.o
                0x000000000002cac6                enc_k1
 *fill*         0x000000000002cb02        0x2 
 .text.enc_k2   0x000000000002cb04       0xc8 build/light_switch_provisioner_nrf52840_xxAA_s140_6.1.0_Release/obj/enc.o
                0x000000000002cb04                enc_k2
 .text.enc_k3   0x000000000002cbcc       0x5c build/light_switch_provisioner_nrf52840_xxAA_s140_6.1.0_Release/obj/enc.o
                0x000000000002cbcc                enc_k3
 .text.enc_k4   0x000000000002cc28       0x54 build/light_switch_provisioner_nrf52840_xxAA_s140_6.1.0_Release/obj/enc.o
                0x000000000002cc28                enc_k4
 .text.allocate_packet
                0x000000000002cc7c       0x70 build/light_switch_provisioner_nrf52840_xxAA_s140_6.1.0_Release/obj/network.o
 .text.network_init
                0x000000000002ccec       0x24 build/light_switch_provisioner_nrf52840_xxAA_s140_6.1.0_Release/obj/network.o
                0x000000000002ccec                network_init
 .text.network_enable
                0x000000000002cd10        0xe build/light_switch_provisioner_nrf52840_xxAA_s140_6.1.0_Release/obj/network.o
                0x000000000002cd10                network_enable
 .text.network_packet_alloc
                0x000000000002cd1e       0x38 build/light_switch_provisioner_nrf52840_xxAA_s140_6.1.0_Release/obj/network.o
                0x000000000002cd1e                network_packet_alloc
 .text.network_packet_send
                0x000000000002cd56       0x46 build/light_switch_provisioner_nrf52840_xxAA_s140_6.1.0_Release/obj/network.o
                0x000000000002cd56                network_packet_send
 .text.network_packet_in
                0x000000000002cd9c      0x148 build/light_switch_provisioner_nrf52840_xxAA_s140_6.1.0_Release/obj/network.o
                0x000000000002cd9c                network_packet_in
 .text.nonce_type_get
                0x000000000002cee4       0x16 build/light_switch_provisioner_nrf52840_xxAA_s140_6.1.0_Release/obj/net_packet.o
 .text.header_transfuscate
                0x000000000002cefa       0x5a build/light_switch_provisioner_nrf52840_xxAA_s140_6.1.0_Release/obj/net_packet.o
 .text.try_decrypt
                0x000000000002cf54      0x178 build/light_switch_provisioner_nrf52840_xxAA_s140_6.1.0_Release/obj/net_packet.o
 .text.net_packet_decrypt
                0x000000000002d0cc       0x94 build/light_switch_provisioner_nrf52840_xxAA_s140_6.1.0_Release/obj/net_packet.o
                0x000000000002d0cc                net_packet_decrypt
 .text.net_packet_encrypt
                0x000000000002d160       0x7e build/light_switch_provisioner_nrf52840_xxAA_s140_6.1.0_Release/obj/net_packet.o
                0x000000000002d160                net_packet_encrypt
 .text.net_packet_header_set
                0x000000000002d1de       0xaa build/light_switch_provisioner_nrf52840_xxAA_s140_6.1.0_Release/obj/net_packet.o
                0x000000000002d1de                net_packet_header_set
 .text.net_packet_payload_len_get
                0x000000000002d288       0x10 build/light_switch_provisioner_nrf52840_xxAA_s140_6.1.0_Release/obj/net_packet.o
                0x000000000002d288                net_packet_payload_len_get
 .text.net_packet_from_payload
                0x000000000002d298        0x4 build/light_switch_provisioner_nrf52840_xxAA_s140_6.1.0_Release/obj/net_packet.o
                0x000000000002d298                net_packet_from_payload
 .text.net_packet_obfuscation_start_get
                0x000000000002d29c        0x4 build/light_switch_provisioner_nrf52840_xxAA_s140_6.1.0_Release/obj/net_packet.o
                0x000000000002d29c                net_packet_obfuscation_start_get
 .text.stage_get_available
                0x000000000002d2a0       0x24 build/light_switch_provisioner_nrf52840_xxAA_s140_6.1.0_Release/obj/msqueue.o
 .text.msq_get  0x000000000002d2c4       0x38 build/light_switch_provisioner_nrf52840_xxAA_s140_6.1.0_Release/obj/msqueue.o
                0x000000000002d2c4                msq_get
 .text.msq_move
                0x000000000002d2fc       0x2e build/light_switch_provisioner_nrf52840_xxAA_s140_6.1.0_Release/obj/msqueue.o
                0x000000000002d2fc                msq_move
 .text.msq_reset
                0x000000000002d32a       0x20 build/light_switch_provisioner_nrf52840_xxAA_s140_6.1.0_Release/obj/msqueue.o
                0x000000000002d32a                msq_reset
 .text.msq_init
                0x000000000002d34a       0x48 build/light_switch_provisioner_nrf52840_xxAA_s140_6.1.0_Release/obj/msqueue.o
                0x000000000002d34a                msq_init
 .text.msq_available
                0x000000000002d392       0x26 build/light_switch_provisioner_nrf52840_xxAA_s140_6.1.0_Release/obj/msqueue.o
                0x000000000002d392                msq_available
 .text.nrf_mesh_keygen_aid
                0x000000000002d3b8       0x12 build/light_switch_provisioner_nrf52840_xxAA_s140_6.1.0_Release/obj/nrf_mesh_keygen.o
                0x000000000002d3b8                nrf_mesh_keygen_aid
 .text.nrf_mesh_keygen_network_secmat
                0x000000000002d3ca       0x20 build/light_switch_provisioner_nrf52840_xxAA_s140_6.1.0_Release/obj/nrf_mesh_keygen.o
                0x000000000002d3ca                nrf_mesh_keygen_network_secmat
 *fill*         0x000000000002d3ea        0x2 
 .text.nrf_mesh_keygen_beacon_secmat
                0x000000000002d3ec       0x50 build/light_switch_provisioner_nrf52840_xxAA_s140_6.1.0_Release/obj/nrf_mesh_keygen.o
                0x000000000002d3ec                nrf_mesh_keygen_beacon_secmat
 .text.nrf_mesh_keygen_virtual_address
                0x000000000002d43c       0x50 build/light_switch_provisioner_nrf52840_xxAA_s140_6.1.0_Release/obj/nrf_mesh_keygen.o
                0x000000000002d43c                nrf_mesh_keygen_virtual_address
 .text.list_insert
                0x000000000002d48c       0x1c build/light_switch_provisioner_nrf52840_xxAA_s140_6.1.0_Release/obj/list.o
 .text.list_add
                0x000000000002d4a8       0x42 build/light_switch_provisioner_nrf52840_xxAA_s140_6.1.0_Release/obj/list.o
                0x000000000002d4a8                list_add
 .text.list_remove
                0x000000000002d4ea       0x3a build/light_switch_provisioner_nrf52840_xxAA_s140_6.1.0_Release/obj/list.o
                0x000000000002d4ea                list_remove
 .text.list_compare_add
                0x000000000002d524       0x56 build/light_switch_provisioner_nrf52840_xxAA_s140_6.1.0_Release/obj/list.o
                0x000000000002d524                list_compare_add
 *fill*         0x000000000002d57a        0x2 
 .text.log_callback_rtt
                0x000000000002d57c       0x2c build/light_switch_provisioner_nrf52840_xxAA_s140_6.1.0_Release/obj/log.o
                0x000000000002d57c                log_callback_rtt
 .text.log_init
                0x000000000002d5a8       0x1c build/light_switch_provisioner_nrf52840_xxAA_s140_6.1.0_Release/obj/log.o
                0x000000000002d5a8                log_init
 .text.log_vprintf
                0x000000000002d5c4       0x1c build/light_switch_provisioner_nrf52840_xxAA_s140_6.1.0_Release/obj/log.o
                0x000000000002d5c4                log_vprintf
 .text.log_printf
                0x000000000002d5e0       0x18 build/light_switch_provisioner_nrf52840_xxAA_s140_6.1.0_Release/obj/log.o
                0x000000000002d5e0                log_printf
 .text.get_area_end
                0x000000000002d5f8        0xc build/light_switch_provisioner_nrf52840_xxAA_s140_6.1.0_Release/obj/flash_manager.o
 .text.handle_matches_filter
                0x000000000002d604       0x26 build/light_switch_provisioner_nrf52840_xxAA_s140_6.1.0_Release/obj/flash_manager.o
 .text.flash_area_is_blank
                0x000000000002d62a       0x2c build/light_switch_provisioner_nrf52840_xxAA_s140_6.1.0_Release/obj/flash_manager.o
 *fill*         0x000000000002d656        0x2 
 .text.get_packet_buffer
                0x000000000002d658       0x20 build/light_switch_provisioner_nrf52840_xxAA_s140_6.1.0_Release/obj/flash_manager.o
 .text.flash    0x000000000002d678       0x1c build/light_switch_provisioner_nrf52840_xxAA_s140_6.1.0_Release/obj/flash_manager.o
 .text.free_packet_buffer
                0x000000000002d694       0x3c build/light_switch_provisioner_nrf52840_xxAA_s140_6.1.0_Release/obj/flash_manager.o
 .text.iterate_callback_entry_copy
                0x000000000002d6d0       0x38 build/light_switch_provisioner_nrf52840_xxAA_s140_6.1.0_Release/obj/flash_manager.o
 .text.reserve_action_buffer
                0x000000000002d708       0x24 build/light_switch_provisioner_nrf52840_xxAA_s140_6.1.0_Release/obj/flash_manager.o
 .text.commit_action_buffer
                0x000000000002d72c       0x18 build/light_switch_provisioner_nrf52840_xxAA_s140_6.1.0_Release/obj/flash_manager.o
 .text.schedule_processing
                0x000000000002d744        0xc build/light_switch_provisioner_nrf52840_xxAA_s140_6.1.0_Release/obj/flash_manager.o
 .text.get_next_entry
                0x000000000002d750       0x34 build/light_switch_provisioner_nrf52840_xxAA_s140_6.1.0_Release/obj/flash_manager.o
 .text.get_last_entry.isra.1
                0x000000000002d784       0x30 build/light_switch_provisioner_nrf52840_xxAA_s140_6.1.0_Release/obj/flash_manager.o
 .text.process_action_queue
                0x000000000002d7b4      0x400 build/light_switch_provisioner_nrf52840_xxAA_s140_6.1.0_Release/obj/flash_manager.o
 .text.flash_op_ended_callback
                0x000000000002dbb4       0x24 build/light_switch_provisioner_nrf52840_xxAA_s140_6.1.0_Release/obj/flash_manager.o
 .text.flash_manager_init
                0x000000000002dbd8       0x68 build/light_switch_provisioner_nrf52840_xxAA_s140_6.1.0_Release/obj/flash_manager.o
                0x000000000002dbd8                flash_manager_init
 .text.flash_manager_remove
                0x000000000002dc40       0x24 build/light_switch_provisioner_nrf52840_xxAA_s140_6.1.0_Release/obj/flash_manager.o
                0x000000000002dc40                flash_manager_remove
 .text.flash_manager_entries_read
                0x000000000002dc64       0xea build/light_switch_provisioner_nrf52840_xxAA_s140_6.1.0_Release/obj/flash_manager.o
                0x000000000002dc64                flash_manager_entries_read
 *fill*         0x000000000002dd4e        0x2 
 .text.flash_manager_entry_read
                0x000000000002dd50       0x50 build/light_switch_provisioner_nrf52840_xxAA_s140_6.1.0_Release/obj/flash_manager.o
                0x000000000002dd50                flash_manager_entry_read
 .text.flash_manager_entry_count_get
                0x000000000002dda0       0x1e build/light_switch_provisioner_nrf52840_xxAA_s140_6.1.0_Release/obj/flash_manager.o
                0x000000000002dda0                flash_manager_entry_count_get
 .text.flash_manager_entry_alloc
                0x000000000002ddbe       0x5c build/light_switch_provisioner_nrf52840_xxAA_s140_6.1.0_Release/obj/flash_manager.o
                0x000000000002ddbe                flash_manager_entry_alloc
 *fill*         0x000000000002de1a        0x2 
 .text.flash_manager_entry_commit
                0x000000000002de1c       0x2c build/light_switch_provisioner_nrf52840_xxAA_s140_6.1.0_Release/obj/flash_manager.o
                0x000000000002de1c                flash_manager_entry_commit
 .text.flash_manager_entry_invalidate
                0x000000000002de48       0x4e build/light_switch_provisioner_nrf52840_xxAA_s140_6.1.0_Release/obj/flash_manager.o
                0x000000000002de48                flash_manager_entry_invalidate
 *fill*         0x000000000002de96        0x2 
 .text.flash_manager_add
                0x000000000002de98      0x228 build/light_switch_provisioner_nrf52840_xxAA_s140_6.1.0_Release/obj/flash_manager.o
                0x000000000002de98                flash_manager_add
 .text.flash_manager_mem_listener_register
                0x000000000002e0c0       0x30 build/light_switch_provisioner_nrf52840_xxAA_s140_6.1.0_Release/obj/flash_manager.o
                0x000000000002e0c0                flash_manager_mem_listener_register
 .text.flash_manager_is_stable
                0x000000000002e0f0       0x20 build/light_switch_provisioner_nrf52840_xxAA_s140_6.1.0_Release/obj/flash_manager.o
                0x000000000002e0f0                flash_manager_is_stable
 .text.flash_manager_on_defrag_end
                0x000000000002e110       0x4c build/light_switch_provisioner_nrf52840_xxAA_s140_6.1.0_Release/obj/flash_manager.o
                0x000000000002e110                flash_manager_on_defrag_end
 .text.flash_manager_recovery_page_get
                0x000000000002e15c        0x4 build/light_switch_provisioner_nrf52840_xxAA_s140_6.1.0_Release/obj/flash_manager.o
                0x000000000002e15c                flash_manager_recovery_page_get
 .text.flash_manager_action_queue_empty_cb_set
                0x000000000002e160       0x1c build/light_switch_provisioner_nrf52840_xxAA_s140_6.1.0_Release/obj/flash_manager.o
                0x000000000002e160                flash_manager_action_queue_empty_cb_set
 .text.utils_xor
                0x000000000002e17c       0x14 build/light_switch_provisioner_nrf52840_xxAA_s140_6.1.0_Release/obj/ccm_soft.o
 .text.sd_ecb_block_encrypt
                0x000000000002e190        0x4 build/light_switch_provisioner_nrf52840_xxAA_s140_6.1.0_Release/obj/ccm_soft.o
 .text.ccm_soft_crypt
                0x000000000002e194       0x4c build/light_switch_provisioner_nrf52840_xxAA_s140_6.1.0_Release/obj/ccm_soft.o
 .text.ccm_soft_authenticate_blocks
                0x000000000002e1e0       0x6c build/light_switch_provisioner_nrf52840_xxAA_s140_6.1.0_Release/obj/ccm_soft.o
 .text.ccm_soft_authenticate
                0x000000000002e24c       0xa2 build/light_switch_provisioner_nrf52840_xxAA_s140_6.1.0_Release/obj/ccm_soft.o
 .text.ccm_soft_encrypt
                0x000000000002e2ee       0x70 build/light_switch_provisioner_nrf52840_xxAA_s140_6.1.0_Release/obj/ccm_soft.o
                0x000000000002e2ee                ccm_soft_encrypt
 .text.ccm_soft_decrypt
                0x000000000002e35e       0xc6 build/light_switch_provisioner_nrf52840_xxAA_s140_6.1.0_Release/obj/ccm_soft.o
                0x000000000002e35e                ccm_soft_decrypt
 .text.iv_index_get.isra.0
                0x000000000002e424       0x34 build/light_switch_provisioner_nrf52840_xxAA_s140_6.1.0_Release/obj/replay_cache.o
 .text.evt_handler
                0x000000000002e458       0x60 build/light_switch_provisioner_nrf52840_xxAA_s140_6.1.0_Release/obj/replay_cache.o
 .text.replay_cache_enable
                0x000000000002e4b8       0x10 build/light_switch_provisioner_nrf52840_xxAA_s140_6.1.0_Release/obj/replay_cache.o
                0x000000000002e4b8                replay_cache_enable
 .text.replay_cache_add
                0x000000000002e4c8       0x4c build/light_switch_provisioner_nrf52840_xxAA_s140_6.1.0_Release/obj/replay_cache.o
                0x000000000002e4c8                replay_cache_add
 .text.replay_cache_has_elem
                0x000000000002e514       0x50 build/light_switch_provisioner_nrf52840_xxAA_s140_6.1.0_Release/obj/replay_cache.o
                0x000000000002e514                replay_cache_has_elem
 .text.replay_cache_clear
                0x000000000002e564       0x18 build/light_switch_provisioner_nrf52840_xxAA_s140_6.1.0_Release/obj/replay_cache.o
                0x000000000002e564                replay_cache_clear
 .text.replay_cache_init
                0x000000000002e57c       0x14 build/light_switch_provisioner_nrf52840_xxAA_s140_6.1.0_Release/obj/replay_cache.o
                0x000000000002e57c                replay_cache_init
 .text.beacon_create
                0x000000000002e590       0x46 build/light_switch_provisioner_nrf52840_xxAA_s140_6.1.0_Release/obj/beacon.o
                0x000000000002e590                beacon_create
 *fill*         0x000000000002e5d6        0x2 
 .text.beacon_packet_in
                0x000000000002e5d8       0xec build/light_switch_provisioner_nrf52840_xxAA_s140_6.1.0_Release/obj/beacon.o
                0x000000000002e5d8                beacon_packet_in
 .text.entry_get
                0x000000000002e6c4       0x78 build/light_switch_provisioner_nrf52840_xxAA_s140_6.1.0_Release/obj/flash_manager_internal.o
                0x000000000002e6c4                entry_get
 .text.core_tx_complete_cb_set
                0x000000000002e73c        0xc build/light_switch_provisioner_nrf52840_xxAA_s140_6.1.0_Release/obj/core_tx.o
                0x000000000002e73c                core_tx_complete_cb_set
 .text.core_tx_packet_alloc
                0x000000000002e748       0xa4 build/light_switch_provisioner_nrf52840_xxAA_s140_6.1.0_Release/obj/core_tx.o
                0x000000000002e748                core_tx_packet_alloc
 .text.core_tx_packet_send
                0x000000000002e7ec       0x4c build/light_switch_provisioner_nrf52840_xxAA_s140_6.1.0_Release/obj/core_tx.o
                0x000000000002e7ec                core_tx_packet_send
 .text.core_tx_packet_discard
                0x000000000002e838       0x40 build/light_switch_provisioner_nrf52840_xxAA_s140_6.1.0_Release/obj/core_tx.o
                0x000000000002e838                core_tx_packet_discard
 .text.core_tx_complete
                0x000000000002e878       0x34 build/light_switch_provisioner_nrf52840_xxAA_s140_6.1.0_Release/obj/core_tx.o
                0x000000000002e878                core_tx_complete
 .text.core_tx_bearer_add
                0x000000000002e8ac       0x70 build/light_switch_provisioner_nrf52840_xxAA_s140_6.1.0_Release/obj/core_tx.o
                0x000000000002e8ac                core_tx_bearer_add
 .text.hb_pub_deleter
                0x000000000002e91c       0x28 build/light_switch_provisioner_nrf52840_xxAA_s140_6.1.0_Release/obj/heartbeat.o
 .text.hb_pub_getter
                0x000000000002e944       0x3c build/light_switch_provisioner_nrf52840_xxAA_s140_6.1.0_Release/obj/heartbeat.o
 .text.hb_pub_setter
                0x000000000002e980       0xd0 build/light_switch_provisioner_nrf52840_xxAA_s140_6.1.0_Release/obj/heartbeat.o
 .text.heartbeat_subscription_timer_cb
                0x000000000002ea50       0x3c build/light_switch_provisioner_nrf52840_xxAA_s140_6.1.0_Release/obj/heartbeat.o
 .text.heartbeat_opcode_handle
                0x000000000002ea8c       0x88 build/light_switch_provisioner_nrf52840_xxAA_s140_6.1.0_Release/obj/heartbeat.o
 .text.heartbeat_publish
                0x000000000002eb14       0xa4 build/light_switch_provisioner_nrf52840_xxAA_s140_6.1.0_Release/obj/heartbeat.o
 .text.heartbeat_core_evt_cb
                0x000000000002ebb8       0x18 build/light_switch_provisioner_nrf52840_xxAA_s140_6.1.0_Release/obj/heartbeat.o
 .text.heartbeat_publication_timer_cb
                0x000000000002ebd0       0x54 build/light_switch_provisioner_nrf52840_xxAA_s140_6.1.0_Release/obj/heartbeat.o
 .text.heartbeat_relay_listener_cb
                0x000000000002ec24       0x48 build/light_switch_provisioner_nrf52840_xxAA_s140_6.1.0_Release/obj/heartbeat.o
 .text.heartbeat_init
                0x000000000002ec6c       0x58 build/light_switch_provisioner_nrf52840_xxAA_s140_6.1.0_Release/obj/heartbeat.o
                0x000000000002ec6c                heartbeat_init
 .text.heartbeat_subscription_set
                0x000000000002ecc4       0xd0 build/light_switch_provisioner_nrf52840_xxAA_s140_6.1.0_Release/obj/heartbeat.o
                0x000000000002ecc4                heartbeat_subscription_set
 .text.heartbeat_subscription_get
                0x000000000002ed94        0x8 build/light_switch_provisioner_nrf52840_xxAA_s140_6.1.0_Release/obj/heartbeat.o
                0x000000000002ed94                heartbeat_subscription_get
 .text.heartbeat_publication_get
                0x000000000002ed9c        0x8 build/light_switch_provisioner_nrf52840_xxAA_s140_6.1.0_Release/obj/heartbeat.o
                0x000000000002ed9c                heartbeat_publication_get
 .text.heartbeat_publication_set
                0x000000000002eda4       0x18 build/light_switch_provisioner_nrf52840_xxAA_s140_6.1.0_Release/obj/heartbeat.o
                0x000000000002eda4                heartbeat_publication_set
 .text.heartbeat_public_info_getter_register
                0x000000000002edbc       0x14 build/light_switch_provisioner_nrf52840_xxAA_s140_6.1.0_Release/obj/heartbeat.o
                0x000000000002edbc                heartbeat_public_info_getter_register
 .text.beacon_getter
                0x000000000002edd0       0x24 build/light_switch_provisioner_nrf52840_xxAA_s140_6.1.0_Release/obj/net_beacon.o
 .text.beacon_setter
                0x000000000002edf4       0x5c build/light_switch_provisioner_nrf52840_xxAA_s140_6.1.0_Release/obj/net_beacon.o
 .text.make_network_beacon_packet
                0x000000000002ee50       0x4e build/light_switch_provisioner_nrf52840_xxAA_s140_6.1.0_Release/obj/net_beacon.o
 *fill*         0x000000000002ee9e        0x2 
 .text.beacon_tx
                0x000000000002eea0      0x114 build/light_switch_provisioner_nrf52840_xxAA_s140_6.1.0_Release/obj/net_beacon.o
 .text.tx_complete_cb
                0x000000000002efb4        0xe build/light_switch_provisioner_nrf52840_xxAA_s140_6.1.0_Release/obj/net_beacon.o
 .text.beacon_tx_timeout
                0x000000000002efc2        0x4 build/light_switch_provisioner_nrf52840_xxAA_s140_6.1.0_Release/obj/net_beacon.o
 .text.is_valid_beacon_pkt.part.0
                0x000000000002efc6       0x30 build/light_switch_provisioner_nrf52840_xxAA_s140_6.1.0_Release/obj/net_beacon.o
 *fill*         0x000000000002eff6        0x2 
 .text.net_beacon_init
                0x000000000002eff8       0x7c build/light_switch_provisioner_nrf52840_xxAA_s140_6.1.0_Release/obj/net_beacon.o
                0x000000000002eff8                net_beacon_init
 .text.net_beacon_enable
                0x000000000002f074       0x28 build/light_switch_provisioner_nrf52840_xxAA_s140_6.1.0_Release/obj/net_beacon.o
                0x000000000002f074                net_beacon_enable
 .text.net_beacon_state_set
                0x000000000002f09c       0x20 build/light_switch_provisioner_nrf52840_xxAA_s140_6.1.0_Release/obj/net_beacon.o
                0x000000000002f09c                net_beacon_state_set
 .text.net_beacon_state_get
                0x000000000002f0bc       0x24 build/light_switch_provisioner_nrf52840_xxAA_s140_6.1.0_Release/obj/net_beacon.o
                0x000000000002f0bc                net_beacon_state_get
 .text.net_beacon_packet_in
                0x000000000002f0e0       0xda build/light_switch_provisioner_nrf52840_xxAA_s140_6.1.0_Release/obj/net_beacon.o
                0x000000000002f0e0                net_beacon_packet_in
 *fill*         0x000000000002f1ba        0x2 
 .text.listeners_notify
                0x000000000002f1bc       0x4c build/light_switch_provisioner_nrf52840_xxAA_s140_6.1.0_Release/obj/mesh_config.o
 .text.entry_flags_get.isra.0
                0x000000000002f208       0x1c build/light_switch_provisioner_nrf52840_xxAA_s140_6.1.0_Release/obj/mesh_config.o
 .text.entry_params_find
                0x000000000002f224       0x38 build/light_switch_provisioner_nrf52840_xxAA_s140_6.1.0_Release/obj/mesh_config.o
 .text.restore_callback
                0x000000000002f25c       0x66 build/light_switch_provisioner_nrf52840_xxAA_s140_6.1.0_Release/obj/mesh_config.o
 *fill*         0x000000000002f2c2        0x2 
 .text.dirty_entries_process
                0x000000000002f2c4       0xd4 build/light_switch_provisioner_nrf52840_xxAA_s140_6.1.0_Release/obj/mesh_config.o
 .text.mesh_config_init
                0x000000000002f398       0xa0 build/light_switch_provisioner_nrf52840_xxAA_s140_6.1.0_Release/obj/mesh_config.o
                0x000000000002f398                mesh_config_init
 .text.mesh_config_load
                0x000000000002f438        0xc build/light_switch_provisioner_nrf52840_xxAA_s140_6.1.0_Release/obj/mesh_config.o
                0x000000000002f438                mesh_config_load
 .text.mesh_config_is_busy
                0x000000000002f444       0x34 build/light_switch_provisioner_nrf52840_xxAA_s140_6.1.0_Release/obj/mesh_config.o
                0x000000000002f444                mesh_config_is_busy
 .text.backend_evt_handler
                0x000000000002f478       0x88 build/light_switch_provisioner_nrf52840_xxAA_s140_6.1.0_Release/obj/mesh_config.o
 .text.mesh_config_entry_set
                0x000000000002f500       0x80 build/light_switch_provisioner_nrf52840_xxAA_s140_6.1.0_Release/obj/mesh_config.o
                0x000000000002f500                mesh_config_entry_set
 .text.mesh_config_entry_get
                0x000000000002f580       0x3c build/light_switch_provisioner_nrf52840_xxAA_s140_6.1.0_Release/obj/mesh_config.o
                0x000000000002f580                mesh_config_entry_get
 .text.mesh_config_entry_delete
                0x000000000002f5bc       0x4a build/light_switch_provisioner_nrf52840_xxAA_s140_6.1.0_Release/obj/mesh_config.o
                0x000000000002f5bc                mesh_config_entry_delete
 *fill*         0x000000000002f606        0x2 
 .text.mesh_config_clear
                0x000000000002f608       0x4c build/light_switch_provisioner_nrf52840_xxAA_s140_6.1.0_Release/obj/mesh_config.o
                0x000000000002f608                mesh_config_clear
 .text.dummy_event
                0x000000000002f654        0x2 build/light_switch_provisioner_nrf52840_xxAA_s140_6.1.0_Release/obj/mesh_config_backend.o
 *fill*         0x000000000002f656        0x2 
 .text.file_get
                0x000000000002f658       0x34 build/light_switch_provisioner_nrf52840_xxAA_s140_6.1.0_Release/obj/mesh_config_backend.o
 .text.mesh_config_backend_init
                0x000000000002f68c      0x118 build/light_switch_provisioner_nrf52840_xxAA_s140_6.1.0_Release/obj/mesh_config_backend.o
                0x000000000002f68c                mesh_config_backend_init
 .text.mesh_config_backend_store
                0x000000000002f7a4       0x4c build/light_switch_provisioner_nrf52840_xxAA_s140_6.1.0_Release/obj/mesh_config_backend.o
                0x000000000002f7a4                mesh_config_backend_store
 .text.mesh_config_backend_erase
                0x000000000002f7f0       0x32 build/light_switch_provisioner_nrf52840_xxAA_s140_6.1.0_Release/obj/mesh_config_backend.o
                0x000000000002f7f0                mesh_config_backend_erase
 *fill*         0x000000000002f822        0x2 
 .text.mesh_config_backend_read_all
                0x000000000002f824       0x38 build/light_switch_provisioner_nrf52840_xxAA_s140_6.1.0_Release/obj/mesh_config_backend.o
                0x000000000002f824                mesh_config_backend_read_all
 .text.entry_read_cb
                0x000000000002f85c       0x34 build/light_switch_provisioner_nrf52840_xxAA_s140_6.1.0_Release/obj/mesh_config_flashman_glue.o
 .text.write_complete_cb
                0x000000000002f890       0x30 build/light_switch_provisioner_nrf52840_xxAA_s140_6.1.0_Release/obj/mesh_config_flashman_glue.o
 .text.invalidate_complete_cb
                0x000000000002f8c0       0x2c build/light_switch_provisioner_nrf52840_xxAA_s140_6.1.0_Release/obj/mesh_config_flashman_glue.o
 .text.remove_complete_cb
                0x000000000002f8ec        0x2 build/light_switch_provisioner_nrf52840_xxAA_s140_6.1.0_Release/obj/mesh_config_flashman_glue.o
 .text.flash_stable_cb
                0x000000000002f8ee       0x20 build/light_switch_provisioner_nrf52840_xxAA_s140_6.1.0_Release/obj/mesh_config_flashman_glue.o
 *fill*         0x000000000002f90e        0x2 
 .text.mesh_config_backend_glue_init
                0x000000000002f910       0x28 build/light_switch_provisioner_nrf52840_xxAA_s140_6.1.0_Release/obj/mesh_config_flashman_glue.o
                0x000000000002f910                mesh_config_backend_glue_init
 .text.mesh_config_backend_file_create
                0x000000000002f938       0x58 build/light_switch_provisioner_nrf52840_xxAA_s140_6.1.0_Release/obj/mesh_config_flashman_glue.o
                0x000000000002f938                mesh_config_backend_file_create
 .text.mesh_config_backend_record_write
                0x000000000002f990       0x2c build/light_switch_provisioner_nrf52840_xxAA_s140_6.1.0_Release/obj/mesh_config_flashman_glue.o
                0x000000000002f990                mesh_config_backend_record_write
 .text.mesh_config_backend_record_erase
                0x000000000002f9bc       0x30 build/light_switch_provisioner_nrf52840_xxAA_s140_6.1.0_Release/obj/mesh_config_flashman_glue.o
                0x000000000002f9bc                mesh_config_backend_record_erase
 .text.mesh_config_backend_records_read
                0x000000000002f9ec       0x30 build/light_switch_provisioner_nrf52840_xxAA_s140_6.1.0_Release/obj/mesh_config_flashman_glue.o
                0x000000000002f9ec                mesh_config_backend_records_read
 .text.mesh_config_record_size_calculate
                0x000000000002fa1c        0xa build/light_switch_provisioner_nrf52840_xxAA_s140_6.1.0_Release/obj/mesh_config_flashman_glue.o
                0x000000000002fa1c                mesh_config_record_size_calculate
 *fill*         0x000000000002fa26        0x2 
 .text.mesh_config_backend_flash_usage_get
                0x000000000002fa28       0x24 build/light_switch_provisioner_nrf52840_xxAA_s140_6.1.0_Release/obj/mesh_config_flashman_glue.o
                0x000000000002fa28                mesh_config_backend_flash_usage_get
 .text.mesh_config_backend_file_power_down_time_get
                0x000000000002fa4c       0x24 build/light_switch_provisioner_nrf52840_xxAA_s140_6.1.0_Release/obj/mesh_config_flashman_glue.o
                0x000000000002fa4c                mesh_config_backend_file_power_down_time_get
 .text.core_tx_adv_get
                0x000000000002fa70       0x3c build/light_switch_provisioner_nrf52840_xxAA_s140_6.1.0_Release/obj/core_tx_adv.o
 .text.core_tx_tx_power_get
                0x000000000002faac       0x30 build/light_switch_provisioner_nrf52840_xxAA_s140_6.1.0_Release/obj/core_tx_adv.o
 .text.core_tx_adv_set
                0x000000000002fadc       0x6c build/light_switch_provisioner_nrf52840_xxAA_s140_6.1.0_Release/obj/core_tx_adv.o
 .text.core_tx_tx_power_delete
                0x000000000002fb48       0x30 build/light_switch_provisioner_nrf52840_xxAA_s140_6.1.0_Release/obj/core_tx_adv.o
 .text.core_tx_tx_power_set
                0x000000000002fb78       0x34 build/light_switch_provisioner_nrf52840_xxAA_s140_6.1.0_Release/obj/core_tx_adv.o
 .text.core_tx_adv_addr_get
                0x000000000002fbac       0x38 build/light_switch_provisioner_nrf52840_xxAA_s140_6.1.0_Release/obj/core_tx_adv.o
 .text.core_tx_adv_addr_set
                0x000000000002fbe4       0x40 build/light_switch_provisioner_nrf52840_xxAA_s140_6.1.0_Release/obj/core_tx_adv.o
 .text.packet_discard
                0x000000000002fc24       0x40 build/light_switch_provisioner_nrf52840_xxAA_s140_6.1.0_Release/obj/core_tx_adv.o
 .text.packet_send
                0x000000000002fc64       0x58 build/light_switch_provisioner_nrf52840_xxAA_s140_6.1.0_Release/obj/core_tx_adv.o
 .text.packet_alloc
                0x000000000002fcbc       0x58 build/light_switch_provisioner_nrf52840_xxAA_s140_6.1.0_Release/obj/core_tx_adv.o
 .text.adv_tx_complete_callback
                0x000000000002fd14       0x20 build/light_switch_provisioner_nrf52840_xxAA_s140_6.1.0_Release/obj/core_tx_adv.o
 .text.mesh_opt_core_adv_set