Archive member included to satisfy reference by file (symbol)

/usr/share/segger_embedded_studio_for_arm_4.12/lib/libc_v7em_fpv4_sp_d16_hard_t_le_eabi.a(libc_asm.o)
                              build/light_switch_provisioner_nrf52840_xxAA_s140_6.1.0_Release/obj/rtt_input.o (__aeabi_uldivmod)
/usr/share/segger_embedded_studio_for_arm_4.12/lib/libc_v7em_fpv4_sp_d16_hard_t_le_eabi.a(libc2.o)
                              build/light_switch_provisioner_nrf52840_xxAA_s140_6.1.0_Release/obj/mesh_mem_stdlib.o (malloc)
/usr/share/segger_embedded_studio_for_arm_4.12/lib/libc_v7em_fpv4_sp_d16_hard_t_le_eabi.a(libc2_asm.o)
                              build/light_switch_provisioner_nrf52840_xxAA_s140_6.1.0_Release/obj/transport.o (memcpy)
/usr/share/segger_embedded_studio_for_arm_4.12/lib/libc_v7em_fpv4_sp_d16_hard_t_le_eabi.a(libc.o)
                              /usr/share/segger_embedded_studio_for_arm_4.12/lib/libc_v7em_fpv4_sp_d16_hard_t_le_eabi.a(libc2.o) (__heap_lock)
/usr/share/segger_embedded_studio_for_arm_4.12/lib/libdebugio_v7em_fpv4_sp_d16_hard_t_le_eabi.a(libdebugio.o)
                              build/light_switch_provisioner_nrf52840_xxAA_s140_6.1.0_Release/obj/thumb_crt0.o (debug_fopen)
/usr/share/segger_embedded_studio_for_arm_4.12/lib/libdebugio_mempoll_v7em_fpv4_sp_d16_hard_t_le_eabi.a(mempoll_debug_operations.o)
                              /usr/share/segger_embedded_studio_for_arm_4.12/lib/libdebugio_v7em_fpv4_sp_d16_hard_t_le_eabi.a(libdebugio.o) (__do_debug_operation)
/usr/share/segger_embedded_studio_for_arm_4.12/lib/libdebugio_mempoll_v7em_fpv4_sp_d16_hard_t_le_eabi.a(do_nv_debug_operation.o)
                              /usr/share/segger_embedded_studio_for_arm_4.12/lib/libdebugio_v7em_fpv4_sp_d16_hard_t_le_eabi.a(libdebugio.o) (__do_nvdebug_operation)
/usr/share/segger_embedded_studio_for_arm_4.12/lib/libm_v7em_fpv4_sp_d16_hard_t_le_eabi.a(libm_asm.o)
                              /usr/share/segger_embedded_studio_for_arm_4.12/lib/libc_v7em_fpv4_sp_d16_hard_t_le_eabi.a(libc2.o) (__aeabi_i2d)
/usr/share/segger_embedded_studio_for_arm_4.12/lib/libm_v7em_fpv4_sp_d16_hard_t_le_eabi.a(libm2.o)
                              /usr/share/segger_embedded_studio_for_arm_4.12/lib/libvfprintf_v7em_fpv4_sp_d16_hard_t_le_eabi.o (frexp)
/usr/share/segger_embedded_studio_for_arm_4.12/lib/libm_v7em_fpv4_sp_d16_hard_t_le_eabi.a(libm2_asm.o)
                              /usr/share/segger_embedded_studio_for_arm_4.12/lib/libm_v7em_fpv4_sp_d16_hard_t_le_eabi.a(libm2.o) (fabs)

Discarded input sections

 .text          0x0000000000000000        0x0 build/light_switch_provisioner_nrf52840_xxAA_s140_6.1.0_Release/obj/main.o
 .data          0x0000000000000000        0x0 build/light_switch_provisioner_nrf52840_xxAA_s140_6.1.0_Release/obj/main.o
 .bss           0x0000000000000000        0x0 build/light_switch_provisioner_nrf52840_xxAA_s140_6.1.0_Release/obj/main.o
 .text          0x0000000000000000        0x0 build/light_switch_provisioner_nrf52840_xxAA_s140_6.1.0_Release/obj/provisioner_helper.o
 .data          0x0000000000000000        0x0 build/light_switch_provisioner_nrf52840_xxAA_s140_6.1.0_Release/obj/provisioner_helper.o
 .bss           0x0000000000000000        0x0 build/light_switch_provisioner_nrf52840_xxAA_s140_6.1.0_Release/obj/provisioner_helper.o
 .text.self_prov_client_self
                0x0000000000000000      0x140 build/light_switch_provisioner_nrf52840_xxAA_s140_6.1.0_Release/obj/provisioner_helper.o
 .text.prov_helper_element_count_get
                0x0000000000000000        0xc build/light_switch_provisioner_nrf52840_xxAA_s140_6.1.0_Release/obj/provisioner_helper.o
 .bss.m_group_handle
                0x0000000000000000        0x2 build/light_switch_provisioner_nrf52840_xxAA_s140_6.1.0_Release/obj/provisioner_helper.o
 .rodata.self_prov_client_self.str1.1
                0x0000000000000000       0x70 build/light_switch_provisioner_nrf52840_xxAA_s140_6.1.0_Release/obj/provisioner_helper.o
 .text          0x0000000000000000        0x0 build/light_switch_provisioner_nrf52840_xxAA_s140_6.1.0_Release/obj/node_setup.o
 .data          0x0000000000000000        0x0 build/light_switch_provisioner_nrf52840_xxAA_s140_6.1.0_Release/obj/node_setup.o
 .bss           0x0000000000000000        0x0 build/light_switch_provisioner_nrf52840_xxAA_s140_6.1.0_Release/obj/node_setup.o
 .text          0x0000000000000000        0x0 build/light_switch_provisioner_nrf52840_xxAA_s140_6.1.0_Release/obj/rtt_input.o
 .data          0x0000000000000000        0x0 build/light_switch_provisioner_nrf52840_xxAA_s140_6.1.0_Release/obj/rtt_input.o
 .bss           0x0000000000000000        0x0 build/light_switch_provisioner_nrf52840_xxAA_s140_6.1.0_Release/obj/rtt_input.o
 .text.rtt_input_disable
                0x0000000000000000       0x28 build/light_switch_provisioner_nrf52840_xxAA_s140_6.1.0_Release/obj/rtt_input.o
[...]
Memory Configuration

Name             Origin             Length             Attributes
UNPLACED_SECTIONS 0x0000000100000000 0x0000000000000000 xw
RAM              0x0000000020000000 0x000000000003f000 xw
FLASH            0x0000000000000000 0x00000000000f8000 xw
*default*        0x0000000000000000 0xffffffffffffffff

Linker script and memory map

                0x0000000000000000                __vfprintf = __vfprintf_int
                0x0000000000000000                __vfscanf = __vfscanf_int
                0x0000000020000000                __RAM_segment_start__ = 0x20000000
                0x000000002003f000                __RAM_segment_end__ = 0x2003f000
                0x000000000003f000                __RAM_segment_size__ = 0x3f000
                0x0000000000000000                __FLASH_segment_start__ = 0x0
                0x00000000000f8000                __FLASH_segment_end__ = 0xf8000
                0x00000000000f8000                __FLASH_segment_size__ = 0xf8000
                0x0000000000000400                __HEAPSIZE__ = 0x400
                0x0000000000000000                __STACKSIZE_PROCESS__ = 0x0
                0x0000000000000800                __STACKSIZE__ = 0x800
                0x0000000020000000                __reserved_ram_load_start__ = 0x20000000

.reserved_ram   0x0000000020000000     0x2da0
                0x0000000020000000                __reserved_ram_start__ = .
 *(.reserved_ram .reserved_ram.*)
                0x0000000020002da0                . = MAX (((__reserved_ram_start__ + 0x20002da0) - 0x20000000), .)
 *fill*         0x0000000020000000     0x2da0 
                0x0000000020002da0                __reserved_ram_end__ = (__reserved_ram_start__ + SIZEOF (.reserved_ram))
                0x0000000000002da0                __reserved_ram_size__ = SIZEOF (.reserved_ram)
                0x0000000020002da0                __reserved_ram_load_end__ = __reserved_ram_end__
                0x0000000000000001                . = ASSERT (((__reserved_ram_start__ == __reserved_ram_end__) || ((__reserved_ram_end__ >= __RAM_segment_start__) && (__reserved_ram_end__ <= __RAM_segment_end__))), error: .reserved_ram is too large to fit in RAM memory segment)
                0x0000000020002da0                __vectors_ram_load_start__ = 0x20002da0

.vectors_ram    0x0000000020002da0        0x0
                0x0000000020002da0                __vectors_ram_start__ = .
                0x0000000020002da0                __app_ram_start__ = __vectors_ram_start__
 *(.vectors_ram .vectors_ram.*)
                0x0000000020002da0                __vectors_ram_end__ = (__vectors_ram_start__ + SIZEOF (.vectors_ram))
                0x0000000000000000                __vectors_ram_size__ = SIZEOF (.vectors_ram)
                0x0000000020002da0                __vectors_ram_load_end__ = __vectors_ram_end__
                0x0000000000000001                . = ASSERT (((__vectors_ram_start__ == __vectors_ram_end__) || ((__vectors_ram_end__ >= __RAM_segment_start__) && (__vectors_ram_end__ <= __RAM_segment_end__))), error: .vectors_ram is too large to fit in RAM memory segment)
                0x0000000000000001                . = ASSERT ((__reserved_ram_end__ <= __vectors_ram_start__), error: section .reserved_ram overlaps absolute placed section .vectors_ram)
                0x0000000020002da0                __nrf_sections_run_load_start__ = ALIGN (__vectors_ram_end__, 0x4)

.nrf_sections_run
                0x0000000020002da0        0x0
                0x0000000020002da0                __nrf_sections_run_start__ = .
                0x0000000020002da0                __start_nrf_sections_run = __nrf_sections_run_start__
 *(.nrf_sections_run .nrf_sections_run.*)
                0x0000000020002da0                __nrf_sections_run_end__ = (__nrf_sections_run_start__ + SIZEOF (.nrf_sections_run))
                0x0000000000000000                __nrf_sections_run_size__ = SIZEOF (.nrf_sections_run)
                0x0000000020002da0                __nrf_sections_run_load_end__ = __nrf_sections_run_end__
                0x0000000000000001                . = ASSERT (((__nrf_sections_run_start__ == __nrf_sections_run_end__) || ((__nrf_sections_run_end__ >= __RAM_segment_start__) && (__nrf_sections_run_end__ <= __RAM_segment_end__))), error: .nrf_sections_run is too large to fit in RAM memory segment)
                0x0000000000000000                __reserved_flash_load_start__ = 0x0

.reserved_flash
                0x0000000000000000    0x26000
                0x0000000000000000                __reserved_flash_start__ = .
 *(.reserved_flash .reserved_flash.*)
                0x0000000000026000                . = MAX (((__reserved_flash_start__ + 0x26000) - 0x0), .)
 *fill*         0x0000000000000000    0x26000 
                0x0000000000026000                __reserved_flash_end__ = (__reserved_flash_start__ + SIZEOF (.reserved_flash))
                0x0000000000026000                __reserved_flash_size__ = SIZEOF (.reserved_flash)
                0x0000000000026000                __reserved_flash_load_end__ = __reserved_flash_end__
                0x0000000000000001                . = ASSERT (((__reserved_flash_start__ == __reserved_flash_end__) || ((__reserved_flash_end__ >= __FLASH_segment_start__) && (__reserved_flash_end__ <= __FLASH_segment_end__))), error: .reserved_flash is too large to fit in FLASH memory segment)
                0x0000000000026000                __vectors_load_start__ = 0x26000

.vectors        0x0000000000026000      0x200
                0x0000000000026000                __vectors_start__ = .
 *(.vectors .vectors.*)
 .vectors       0x0000000000026000      0x200 build/light_switch_provisioner_nrf52840_xxAA_s140_6.1.0_Release/obj/ses_startup_nrf52840.o
                0x0000000000026000                _vectors
                0x0000000000026200                __vectors_end__ = (__vectors_start__ + SIZEOF (.vectors))
                0x0000000000000200                __vectors_size__ = SIZEOF (.vectors)
                0x0000000000026200                __vectors_load_end__ = __vectors_end__
                0x0000000000000001                . = ASSERT (((__vectors_start__ == __vectors_end__) || ((__vectors_end__ >= __FLASH_segment_start__) && (__vectors_end__ <= __FLASH_segment_end__))), error: .vectors is too large to fit in FLASH memory segment)
                0x0000000000000001                . = ASSERT ((__reserved_flash_end__ <= __vectors_start__), error: section .reserved_flash overlaps absolute placed section .vectors)
                0x0000000000026200                __init_load_start__ = ALIGN (__vectors_end__, 0x4)

.init           0x0000000000026200      0x1a8
                0x0000000000026200                __init_start__ = .
 *(.init .init.*)
 .init          0x0000000000026200      0x158 build/light_switch_provisioner_nrf52840_xxAA_s140_6.1.0_Release/obj/thumb_crt0.o
                0x0000000000026200                _start
                0x00000000000262b2                exit
 .init          0x0000000000026358       0x18 build/light_switch_provisioner_nrf52840_xxAA_s140_6.1.0_Release/obj/ses_startup_nrf52840.o
                0x0000000000026358                NMI_Handler
                0x000000000002635a                HardFault_Handler
                0x000000000002635c                MemoryManagement_Handler
                0x000000000002635e                BusFault_Handler
                0x0000000000026360                UsageFault_Handler
                0x0000000000026362                SVC_Handler
                0x0000000000026364                DebugMon_Handler
                0x0000000000026366                PendSV_Handler
                0x0000000000026368                SysTick_Handler
                0x000000000002636a                RTC0_IRQHandler
                0x000000000002636a                PWM1_IRQHandler
                0x000000000002636a                POWER_CLOCK_IRQHandler
                0x000000000002636a                RADIO_IRQHandler
                0x000000000002636a                PDM_IRQHandler
                0x000000000002636a                TEMP_IRQHandler
                0x000000000002636a                TIMER3_IRQHandler
                0x000000000002636a                PWM3_IRQHandler
                0x000000000002636a                FPU_IRQHandler
                0x000000000002636a                USBD_IRQHandler
                0x000000000002636a                SPIM0_SPIS0_TWIM0_TWIS0_SPI0_TWI0_IRQHandler
                0x000000000002636a                UARTE0_UART0_IRQHandler
                0x000000000002636a                TIMER4_IRQHandler
                0x000000000002636a                CRYPTOCELL_IRQHandler
                0x000000000002636a                I2S_IRQHandler
                0x000000000002636a                SWI4_EGU4_IRQHandler
                0x000000000002636a                TIMER0_IRQHandler
                0x000000000002636a                UARTE1_IRQHandler
                0x000000000002636a                Dummy_Handler
                0x000000000002636a                TIMER1_IRQHandler
                0x000000000002636a                SPIM3_IRQHandler
                0x000000000002636a                PWM2_IRQHandler
                0x000000000002636a                ECB_IRQHandler
                0x000000000002636a                SPIM1_SPIS1_TWIM1_TWIS1_SPI1_TWI1_IRQHandler
                0x000000000002636a                SAADC_IRQHandler
                0x000000000002636a                CCM_AAR_IRQHandler
                0x000000000002636a                WDT_IRQHandler
                0x000000000002636a                SWI5_EGU5_IRQHandler
                0x000000000002636a                RNG_IRQHandler
                0x000000000002636a                RTC2_IRQHandler
                0x000000000002636a                PWM0_IRQHandler
                0x000000000002636a                SWI3_EGU3_IRQHandler
                0x000000000002636a                SWI1_EGU1_IRQHandler
                0x000000000002636a                SPIM2_SPIS2_SPI2_IRQHandler
                0x000000000002636a                NFCT_IRQHandler
                0x000000000002636a                MWU_IRQHandler
                0x000000000002636a                QSPI_IRQHandler
                0x000000000002636a                COMP_LPCOMP_IRQHandler
                0x000000000002636c                nRFInitialize
 .init          0x0000000000026370       0x38 build/light_switch_provisioner_nrf52840_xxAA_s140_6.1.0_Release/obj/ses_startup_nrf_common.o
                0x0000000000026370                Reset_Handler
                0x00000000000263a8                __init_end__ = (__init_start__ + SIZEOF (.init))
                0x00000000000001a8                __init_size__ = SIZEOF (.init)
                0x00000000000263a8                __init_load_end__ = __init_end__
                0x0000000000000001                . = ASSERT (((__init_start__ == __init_end__) || ((__init_end__ >= __FLASH_segment_start__) && (__init_end__ <= __FLASH_segment_end__))), error: .init is too large to fit in FLASH memory segment)
                0x00000000000263a8                __init_rodata_load_start__ = ALIGN (__init_end__, 0x4)

.init_rodata    0x00000000000263a8        0x0
                0x00000000000263a8                __init_rodata_start__ = .
 *(.init_rodata .init_rodata.*)
                0x00000000000263a8                __init_rodata_end__ = (__init_rodata_start__ + SIZEOF (.init_rodata))
                0x0000000000000000                __init_rodata_size__ = SIZEOF (.init_rodata)
                0x00000000000263a8                __init_rodata_load_end__ = __init_rodata_end__
                0x0000000000000001                . = ASSERT (((__init_rodata_start__ == __init_rodata_end__) || ((__init_rodata_end__ >= __FLASH_segment_start__) && (__init_rodata_end__ <= __FLASH_segment_end__))), error: .init_rodata is too large to fit in FLASH memory segment)
                0x00000000000263a8                __text_load_start__ = ALIGN (__init_rodata_end__, 0x4)

.text           0x00000000000263a8    0x15c7e
                0x00000000000263a8                __text_start__ = .
 *(.text .text.* .glue_7t .glue_7 .gnu.linkonce.t.* .gcc_except_table .ARM.extab* .gnu.linkonce.armextab.*)
 .glue_7        0x00000000000263a8        0x0 linker stubs
 .glue_7t       0x00000000000263a8        0x0 linker stubs
 .text.sd_app_evt_wait
                0x00000000000263a8        0x4 build/light_switch_provisioner_nrf52840_xxAA_s140_6.1.0_Release/obj/main.o
 .text.flash_manager_mem_available
                0x00000000000263ac        0x2 build/light_switch_provisioner_nrf52840_xxAA_s140_6.1.0_Release/obj/main.o
 *fill*         0x00000000000263ae        0x2 
 .text.flash_invalidate_complete
                0x00000000000263b0       0x10 build/light_switch_provisioner_nrf52840_xxAA_s140_6.1.0_Release/obj/main.o
 .text.app_start
                0x00000000000263c0      0x1d4 build/light_switch_provisioner_nrf52840_xxAA_s140_6.1.0_Release/obj/main.o
 .text.models_init_cb
                0x0000000000026594      0x158 build/light_switch_provisioner_nrf52840_xxAA_s140_6.1.0_Release/obj/main.o
                0x0000000000026594                models_init_cb
 .text.app_config_client_event_cb
                0x00000000000266ec       0x54 build/light_switch_provisioner_nrf52840_xxAA_s140_6.1.0_Release/obj/main.o
 .text.app_config_failed_cb
                0x0000000000026740       0x5c build/light_switch_provisioner_nrf52840_xxAA_s140_6.1.0_Release/obj/main.o
 .text.app_prov_failed_cb
                0x000000000002679c       0x54 build/light_switch_provisioner_nrf52840_xxAA_s140_6.1.0_Release/obj/main.o
 .text.clear_app_data
                0x00000000000267f0       0x2c build/light_switch_provisioner_nrf52840_xxAA_s140_6.1.0_Release/obj/main.o
 .text.button_event_handler
                0x000000000002681c      0x278 build/light_switch_provisioner_nrf52840_xxAA_s140_6.1.0_Release/obj/main.o
 .text.app_rtt_input_handler
                0x0000000000026a94        0xc build/light_switch_provisioner_nrf52840_xxAA_s140_6.1.0_Release/obj/main.o
 .text.store_app_data
                0x0000000000026aa0       0x4c build/light_switch_provisioner_nrf52840_xxAA_s140_6.1.0_Release/obj/main.o
 .text.app_prov_success_cb
                0x0000000000026aec       0x6c build/light_switch_provisioner_nrf52840_xxAA_s140_6.1.0_Release/obj/main.o
 .text.app_data_store_cb
                0x0000000000026b58       0x1c build/light_switch_provisioner_nrf52840_xxAA_s140_6.1.0_Release/obj/main.o
 .text.app_config_successful_cb
                0x0000000000026b74      0x140 build/light_switch_provisioner_nrf52840_xxAA_s140_6.1.0_Release/obj/main.o
 .text.app_config_server_event_cb
                0x0000000000026cb4       0x58 build/light_switch_provisioner_nrf52840_xxAA_s140_6.1.0_Release/obj/main.o
 .text.app_bsense_event_cb
                0x0000000000026d0c       0x84 build/light_switch_provisioner_nrf52840_xxAA_s140_6.1.0_Release/obj/main.o
 .text.app_health_event_cb
                0x0000000000026d90       0xac build/light_switch_provisioner_nrf52840_xxAA_s140_6.1.0_Release/obj/main.o
 .text.app_mesh_core_event_cb
                0x0000000000026e3c       0x58 build/light_switch_provisioner_nrf52840_xxAA_s140_6.1.0_Release/obj/main.o
 .text.flash_remove_complete
                0x0000000000026e94       0x40 build/light_switch_provisioner_nrf52840_xxAA_s140_6.1.0_Release/obj/main.o
 .text.flash_write_complete
                0x0000000000026ed4       0x6c build/light_switch_provisioner_nrf52840_xxAA_s140_6.1.0_Release/obj/main.o
 .text.app_flash_manager_add
                0x0000000000026f40       0x98 build/light_switch_provisioner_nrf52840_xxAA_s140_6.1.0_Release/obj/main.o
 .text.app_default_models_bind_setup
                0x0000000000026fd8       0x7c build/light_switch_provisioner_nrf52840_xxAA_s140_6.1.0_Release/obj/main.o
                0x0000000000026fd8                app_default_models_bind_setup
 .text.startup.main
                0x0000000000027054      0x24c build/light_switch_provisioner_nrf52840_xxAA_s140_6.1.0_Release/obj/main.o
                0x0000000000027054                main
 .text.prov_evt_handler
                0x00000000000272a0      0x60c build/light_switch_provisioner_nrf52840_xxAA_s140_6.1.0_Release/obj/provisioner_helper.o
 .text.prov_helper_provision_next_device
                0x00000000000278ac       0xf4 build/light_switch_provisioner_nrf52840_xxAA_s140_6.1.0_Release/obj/provisioner_helper.o
                0x00000000000278ac                prov_helper_provision_next_device
 .text.prov_helper_scan_start
                0x00000000000279a0       0x64 build/light_switch_provisioner_nrf52840_xxAA_s140_6.1.0_Release/obj/provisioner_helper.o
                0x00000000000279a0                prov_helper_scan_start
 .text.prov_helper_device_handles_load
                0x0000000000027a04       0xb8 build/light_switch_provisioner_nrf52840_xxAA_s140_6.1.0_Release/obj/provisioner_helper.o
                0x0000000000027a04                prov_helper_device_handles_load
 .text.prov_helper_init
                0x0000000000027abc       0x48 build/light_switch_provisioner_nrf52840_xxAA_s140_6.1.0_Release/obj/provisioner_helper.o
                0x0000000000027abc                prov_helper_init
 .text.prov_helper_provision_self
                0x0000000000027b04       0xdc build/light_switch_provisioner_nrf52840_xxAA_s140_6.1.0_Release/obj/provisioner_helper.o
                0x0000000000027b04                prov_helper_provision_self
 .text.client_pub_state_set.constprop.2
                0x0000000000027be0       0x88 build/light_switch_provisioner_nrf52840_xxAA_s140_6.1.0_Release/obj/node_setup.o
 .text.node_setup_fail
                0x0000000000027c68       0x28 build/light_switch_provisioner_nrf52840_xxAA_s140_6.1.0_Release/obj/node_setup.o
 .text.config_step_execute
                0x0000000000027c90      0x7e0 build/light_switch_provisioner_nrf52840_xxAA_s140_6.1.0_Release/obj/node_setup.o
 .text.client_send_timer_cb
                0x0000000000028470        0x4 build/light_switch_provisioner_nrf52840_xxAA_s140_6.1.0_Release/obj/node_setup.o
 .text.node_setup_config_client_event_process
                0x0000000000028474      0x298 build/light_switch_provisioner_nrf52840_xxAA_s140_6.1.0_Release/obj/node_setup.o
                0x0000000000028474                node_setup_config_client_event_process
 .text.node_setup_start
                0x000000000002870c      0x20c build/light_switch_provisioner_nrf52840_xxAA_s140_6.1.0_Release/obj/node_setup.o
                0x000000000002870c                node_setup_start
 .text.node_setup_cb_set
                0x0000000000028918       0x28 build/light_switch_provisioner_nrf52840_xxAA_s140_6.1.0_Release/obj/node_setup.o
                0x0000000000028918                node_setup_cb_set
 .text.timeout_handler
                0x0000000000028940       0x1c build/light_switch_provisioner_nrf52840_xxAA_s140_6.1.0_Release/obj/rtt_input.o
                0x0000000000028940                timeout_handler
 .text.rtt_input_enable
                0x000000000002895c       0x6c build/light_switch_provisioner_nrf52840_xxAA_s140_6.1.0_Release/obj/rtt_input.o
                0x000000000002895c                rtt_input_enable
 .text.led_timeout_handler
                0x00000000000289c8       0x48 build/light_switch_provisioner_nrf52840_xxAA_s140_6.1.0_Release/obj/simple_hal.o
 .text.hal_led_pin_get
                0x0000000000028a10       0x18 build/light_switch_provisioner_nrf52840_xxAA_s140_6.1.0_Release/obj/simple_hal.o
                0x0000000000028a10                hal_led_pin_get
 .text.hal_led_pin_set
                0x0000000000028a28       0x18 build/light_switch_provisioner_nrf52840_xxAA_s140_6.1.0_Release/obj/simple_hal.o
                0x0000000000028a28                hal_led_pin_set
 .text.hal_led_mask_set
                0x0000000000028a40       0x12 build/light_switch_provisioner_nrf52840_xxAA_s140_6.1.0_Release/obj/simple_hal.o
                0x0000000000028a40                hal_led_mask_set
 *fill*         0x0000000000028a52        0x2 
 .text.hal_led_blink_ms
                0x0000000000028a54       0x68 build/light_switch_provisioner_nrf52840_xxAA_s140_6.1.0_Release/obj/simple_hal.o
                0x0000000000028a54                hal_led_blink_ms
 .text.hal_leds_init
                0x0000000000028abc       0x58 build/light_switch_provisioner_nrf52840_xxAA_s140_6.1.0_Release/obj/simple_hal.o
                0x0000000000028abc                hal_leds_init
 .text.hal_buttons_init
                0x0000000000028b14       0x50 build/light_switch_provisioner_nrf52840_xxAA_s140_6.1.0_Release/obj/simple_hal.o
                0x0000000000028b14                hal_buttons_init
 .text.GPIOTE_IRQHandler
                0x0000000000028b64       0x60 build/light_switch_provisioner_nrf52840_xxAA_s140_6.1.0_Release/obj/simple_hal.o
                0x0000000000028b64                GPIOTE_IRQHandler
 .text.sd_ble_enable
                0x0000000000028bc4        0x4 build/light_switch_provisioner_nrf52840_xxAA_s140_6.1.0_Release/obj/ble_softdevice_support.o
 .text.sd_ble_cfg_set
                0x0000000000028bc8        0x4 build/light_switch_provisioner_nrf52840_xxAA_s140_6.1.0_Release/obj/ble_softdevice_support.o
 .text.on_sd_evt
                0x0000000000028bcc        0x4 build/light_switch_provisioner_nrf52840_xxAA_s140_6.1.0_Release/obj/ble_softdevice_support.o
 .text.ble_stack_init
                0x0000000000028bd0       0xa0 build/light_switch_provisioner_nrf52840_xxAA_s140_6.1.0_Release/obj/ble_softdevice_support.o
                0x0000000000028bd0                ble_stack_init
 .text._weak_handler
                0x0000000000028c70        0x4 build/light_switch_provisioner_nrf52840_xxAA_s140_6.1.0_Release/obj/nrf_mesh_weak.o
                0x0000000000028c70                nrf_mesh_dfu_init
                0x0000000000028c70                nrf_mesh_dfu_jump_to_bootloader
                0x0000000000028c70                nrf_mesh_dfu_rx
                0x0000000000028c70                nrf_mesh_dfu_bank_info_get
                0x0000000000028c70                nrf_mesh_dfu_request
                0x0000000000028c70                nrf_mesh_dfu_bank_flash
                0x0000000000028c70                nrf_mesh_dfu_enable
                0x0000000000028c70                _weak_handler
                0x0000000000028c70                prov_provisionee_auth_data
                0x0000000000028c70                nrf_mesh_dfu_relay
                0x0000000000028c70                prov_provisionee_shared_secret
                0x0000000000028c70                nrf_mesh_dfu_abort
                0x0000000000028c70                mesh_flash_op_execute
                0x0000000000028c70                prov_provisionee_init
                0x0000000000028c70                nrf_mesh_dfu_state_get
                0x0000000000028c70                prov_provisionee_listen
 .text.app_error_fault_handler
                0x0000000000028c74      0x140 build/light_switch_provisioner_nrf52840_xxAA_s140_6.1.0_Release/obj/app_error_weak.o
                0x0000000000028c74                app_error_fault_handler
 .text.mesh_assertion_handler
                0x0000000000028db4       0x24 build/light_switch_provisioner_nrf52840_xxAA_s140_6.1.0_Release/obj/assertion_handler_weak.o
                0x0000000000028db4                mesh_assertion_handler
 .text.nrf_mesh_configure_device_uuid_set
                0x0000000000028dd8       0x18 build/light_switch_provisioner_nrf52840_xxAA_s140_6.1.0_Release/obj/nrf_mesh_configure.o
                0x0000000000028dd8                nrf_mesh_configure_device_uuid_set
 .text.nrf_mesh_configure_device_uuid_reset
                0x0000000000028df0       0x30 build/light_switch_provisioner_nrf52840_xxAA_s140_6.1.0_Release/obj/nrf_mesh_configure.o
                0x0000000000028df0                nrf_mesh_configure_device_uuid_reset
 .text.nrf_mesh_configure_device_uuid_get
                0x0000000000028e20        0x8 build/light_switch_provisioner_nrf52840_xxAA_s140_6.1.0_Release/obj/nrf_mesh_configure.o
                0x0000000000028e20                nrf_mesh_configure_device_uuid_get
 .text.msg_cache_init
                0x0000000000028e28       0x24 build/light_switch_provisioner_nrf52840_xxAA_s140_6.1.0_Release/obj/msg_cache.o
                0x0000000000028e28                msg_cache_init
 .text.msg_cache_entry_exists
                0x0000000000028e4c       0x3c build/light_switch_provisioner_nrf52840_xxAA_s140_6.1.0_Release/obj/msg_cache.o
                0x0000000000028e4c                msg_cache_entry_exists
 .text.msg_cache_entry_add
                0x0000000000028e88       0x2c build/light_switch_provisioner_nrf52840_xxAA_s140_6.1.0_Release/obj/msg_cache.o
                0x0000000000028e88                msg_cache_entry_add
 .text.seqauth_sequence_number_get
                0x0000000000028eb4       0x12 build/light_switch_provisioner_nrf52840_xxAA_s140_6.1.0_Release/obj/transport.o
 *fill*         0x0000000000028ec6        0x2 
 .text.control_packet_callback_get
                0x0000000000028ec8       0x40 build/light_switch_provisioner_nrf52840_xxAA_s140_6.1.0_Release/obj/transport.o
 .text.tx_complete
                0x0000000000028f08       0x2c build/light_switch_provisioner_nrf52840_xxAA_s140_6.1.0_Release/obj/transport.o
 .text.block_ack_full
                0x0000000000028f34       0x1a build/light_switch_provisioner_nrf52840_xxAA_s140_6.1.0_Release/obj/transport.o
 *fill*         0x0000000000028f4e        0x2 
 .text.sar_rx_session_mark_as_handled
                0x0000000000028f50       0x48 build/light_switch_provisioner_nrf52840_xxAA_s140_6.1.0_Release/obj/transport.o
 .text.upper_trs_packet_encrypt
                0x0000000000028f98       0x86 build/light_switch_provisioner_nrf52840_xxAA_s140_6.1.0_Release/obj/transport.o
 .text.sar_ctx_free
                0x000000000002901e       0x4e build/light_switch_provisioner_nrf52840_xxAA_s140_6.1.0_Release/obj/transport.o
 .text.sar_ctx_tx_complete
                0x000000000002906c       0x2e build/light_switch_provisioner_nrf52840_xxAA_s140_6.1.0_Release/obj/transport.o
 *fill*         0x000000000002909a        0x2 
 .text.sar_ctx_alloc
                0x000000000002909c       0xe0 build/light_switch_provisioner_nrf52840_xxAA_s140_6.1.0_Release/obj/transport.o
 .text.test_transport_decrypt
                0x000000000002917c       0x64 build/light_switch_provisioner_nrf52840_xxAA_s140_6.1.0_Release/obj/transport.o
 .text.upper_transport_access_packet_in
                0x00000000000291e0      0x178 build/light_switch_provisioner_nrf52840_xxAA_s140_6.1.0_Release/obj/transport.o
 .text.trs_packet_header_build
                0x0000000000029358       0x82 build/light_switch_provisioner_nrf52840_xxAA_s140_6.1.0_Release/obj/transport.o
 *fill*         0x00000000000293da        0x2 
 .text.tx_retry_timer_reset
                0x00000000000293dc       0x3c build/light_switch_provisioner_nrf52840_xxAA_s140_6.1.0_Release/obj/transport.o
 .text.sar_ctx_cancel
                0x0000000000029418       0x84 build/light_switch_provisioner_nrf52840_xxAA_s140_6.1.0_Release/obj/transport.o
 .text.abort_timeout
                0x000000000002949c        0x8 build/light_switch_provisioner_nrf52840_xxAA_s140_6.1.0_Release/obj/transport.o
 .text.retry_timeout
                0x00000000000294a4       0x4c build/light_switch_provisioner_nrf52840_xxAA_s140_6.1.0_Release/obj/transport.o
 .text.trs_sar_packet_out
                0x00000000000294f0       0xf8 build/light_switch_provisioner_nrf52840_xxAA_s140_6.1.0_Release/obj/transport.o
 .text.upper_transport_packet_in
                0x00000000000295e8      0x124 build/light_switch_provisioner_nrf52840_xxAA_s140_6.1.0_Release/obj/transport.o
 .text.segmented_packet_tx
                0x000000000002970c      0x120 build/light_switch_provisioner_nrf52840_xxAA_s140_6.1.0_Release/obj/transport.o
 .text.upper_transport_tx
                0x000000000002982c       0xba build/light_switch_provisioner_nrf52840_xxAA_s140_6.1.0_Release/obj/transport.o
 *fill*         0x00000000000298e6        0x2 
 .text.transport_init
                0x00000000000298e8       0x84 build/light_switch_provisioner_nrf52840_xxAA_s140_6.1.0_Release/obj/transport.o
                0x00000000000298e8                transport_init
 .text.transport_enable
                0x000000000002996c        0x4 build/light_switch_provisioner_nrf52840_xxAA_s140_6.1.0_Release/obj/transport.o
                0x000000000002996c                transport_enable
 .text.transport_tx
                0x0000000000029970       0xb8 build/light_switch_provisioner_nrf52840_xxAA_s140_6.1.0_Release/obj/transport.o
                0x0000000000029970                transport_tx
 .text.transport_control_tx
                0x0000000000029a28       0x96 build/light_switch_provisioner_nrf52840_xxAA_s140_6.1.0_Release/obj/transport.o
                0x0000000000029a28                transport_control_tx
 *fill*         0x0000000000029abe        0x2 
 .text.sar_ack_send
                0x0000000000029ac0       0x90 build/light_switch_provisioner_nrf52840_xxAA_s140_6.1.0_Release/obj/transport.o
 .text.transport_sar_process
                0x0000000000029b50       0x88 build/light_switch_provisioner_nrf52840_xxAA_s140_6.1.0_Release/obj/transport.o
 .text.transport_packet_in
                0x0000000000029bd8      0x3e0 build/light_switch_provisioner_nrf52840_xxAA_s140_6.1.0_Release/obj/transport.o
                0x0000000000029bd8                transport_packet_in
 .text.ack_timeout
                0x0000000000029fb8       0x28 build/light_switch_provisioner_nrf52840_xxAA_s140_6.1.0_Release/obj/transport.o
 .text.transport_control_packet_consumer_add
                0x0000000000029fe0       0x5c build/light_switch_provisioner_nrf52840_xxAA_s140_6.1.0_Release/obj/transport.o
                0x0000000000029fe0                transport_control_packet_consumer_add
 .text.event_handle
                0x000000000002a03c       0x54 build/light_switch_provisioner_nrf52840_xxAA_s140_6.1.0_Release/obj/event.o
                0x000000000002a03c                event_handle
 .text.event_handler_add
                0x000000000002a090       0x20 build/light_switch_provisioner_nrf52840_xxAA_s140_6.1.0_Release/obj/event.o
                0x000000000002a090                event_handler_add
 .text.m_index_increment
                0x000000000002a0b0       0x1e build/light_switch_provisioner_nrf52840_xxAA_s140_6.1.0_Release/obj/packet_buffer.o
 .text.m_get_next_packet
                0x000000000002a0ce       0x1c build/light_switch_provisioner_nrf52840_xxAA_s140_6.1.0_Release/obj/packet_buffer.o
 .text.packet_buffer_init
                0x000000000002a0ea       0xac build/light_switch_provisioner_nrf52840_xxAA_s140_6.1.0_Release/obj/packet_buffer.o
                0x000000000002a0ea                packet_buffer_init
 .text.packet_buffer_flush
                0x000000000002a196       0x50 build/light_switch_provisioner_nrf52840_xxAA_s140_6.1.0_Release/obj/packet_buffer.o
                0x000000000002a196                packet_buffer_flush
 .text.packet_buffer_reserve
                0x000000000002a1e6       0xa2 build/light_switch_provisioner_nrf52840_xxAA_s140_6.1.0_Release/obj/packet_buffer.o
                0x000000000002a1e6                packet_buffer_reserve
 .text.packet_buffer_commit
                0x000000000002a288       0x62 build/light_switch_provisioner_nrf52840_xxAA_s140_6.1.0_Release/obj/packet_buffer.o
                0x000000000002a288                packet_buffer_commit
 .text.packet_buffer_pop
                0x000000000002a2ea       0x5a build/light_switch_provisioner_nrf52840_xxAA_s140_6.1.0_Release/obj/packet_buffer.o
                0x000000000002a2ea                packet_buffer_pop
 .text.packet_buffer_can_pop
                0x000000000002a344       0x34 build/light_switch_provisioner_nrf52840_xxAA_s140_6.1.0_Release/obj/packet_buffer.o
                0x000000000002a344                packet_buffer_can_pop
 .text.packet_buffer_packets_ready_to_pop
                0x000000000002a378       0x36 build/light_switch_provisioner_nrf52840_xxAA_s140_6.1.0_Release/obj/packet_buffer.o
                0x000000000002a378                packet_buffer_packets_ready_to_pop
 .text.packet_buffer_free
                0x000000000002a3ae       0x74 build/light_switch_provisioner_nrf52840_xxAA_s140_6.1.0_Release/obj/packet_buffer.o
                0x000000000002a3ae                packet_buffer_free
 .text.packet_buffer_is_empty
                0x000000000002a422       0x28 build/light_switch_provisioner_nrf52840_xxAA_s140_6.1.0_Release/obj/packet_buffer.o
                0x000000000002a422                packet_buffer_is_empty
 .text.get_last_page
                0x000000000002a44a       0x14 build/light_switch_provisioner_nrf52840_xxAA_s140_6.1.0_Release/obj/flash_manager_defrag.o
 *fill*         0x000000000002a45e        0x2 
 .text.defrag_on_end
                0x000000000002a460       0x1c build/light_switch_provisioner_nrf52840_xxAA_s140_6.1.0_Release/obj/flash_manager_defrag.o
 .text.execute_procedure_step
                0x000000000002a47c       0x70 build/light_switch_provisioner_nrf52840_xxAA_s140_6.1.0_Release/obj/flash_manager_defrag.o
 .text.get_next_entry
                0x000000000002a4ec       0x34 build/light_switch_provisioner_nrf52840_xxAA_s140_6.1.0_Release/obj/flash_manager_defrag.o
 .text.get_next_data_entry
                0x000000000002a520       0x26 build/light_switch_provisioner_nrf52840_xxAA_s140_6.1.0_Release/obj/flash_manager_defrag.o
 *fill*         0x000000000002a546        0x2 
 .text.on_flash_op_end
                0x000000000002a548       0x2c build/light_switch_provisioner_nrf52840_xxAA_s140_6.1.0_Release/obj/flash_manager_defrag.o
 .text.check_for_invalid_entries
                0x000000000002a574       0x38 build/light_switch_provisioner_nrf52840_xxAA_s140_6.1.0_Release/obj/flash_manager_defrag.o
 .text.erase_recovery_area
                0x000000000002a5ac       0x34 build/light_switch_provisioner_nrf52840_xxAA_s140_6.1.0_Release/obj/flash_manager_defrag.o
 .text.flash.constprop.6
                0x000000000002a5e0       0x24 build/light_switch_provisioner_nrf52840_xxAA_s140_6.1.0_Release/obj/flash_manager_defrag.o
 .text.invalidate_duplicate_entries
                0x000000000002a604       0xa8 build/light_switch_provisioner_nrf52840_xxAA_s140_6.1.0_Release/obj/flash_manager_defrag.o
 .text.seal_storage_page
                0x000000000002a6ac       0x50 build/light_switch_provisioner_nrf52840_xxAA_s140_6.1.0_Release/obj/flash_manager_defrag.o
 .text.copy_metadata
                0x000000000002a6fc       0x3c build/light_switch_provisioner_nrf52840_xxAA_s140_6.1.0_Release/obj/flash_manager_defrag.o
 .text.write_defrag_start_pointer
                0x000000000002a738       0x20 build/light_switch_provisioner_nrf52840_xxAA_s140_6.1.0_Release/obj/flash_manager_defrag.o
 .text.write_back
                0x000000000002a758       0x28 build/light_switch_provisioner_nrf52840_xxAA_s140_6.1.0_Release/obj/flash_manager_defrag.o
 .text.post_process
                0x000000000002a780       0x40 build/light_switch_provisioner_nrf52840_xxAA_s140_6.1.0_Release/obj/flash_manager_defrag.o
 .text.backup_entries
                0x000000000002a7c0       0xd8 build/light_switch_provisioner_nrf52840_xxAA_s140_6.1.0_Release/obj/flash_manager_defrag.o
 .text.erase_source
                0x000000000002a898       0x34 build/light_switch_provisioner_nrf52840_xxAA_s140_6.1.0_Release/obj/flash_manager_defrag.o
 .text.flash_manager_defrag_init
                0x000000000002a8cc       0x8c build/light_switch_provisioner_nrf52840_xxAA_s140_6.1.0_Release/obj/flash_manager_defrag.o
                0x000000000002a8cc                flash_manager_defrag_init
 .text.flash_manager_defragging
                0x000000000002a958       0x38 build/light_switch_provisioner_nrf52840_xxAA_s140_6.1.0_Release/obj/flash_manager_defrag.o
                0x000000000002a958                flash_manager_defragging
 .text.flash_manager_defrag_is_running
                0x000000000002a990       0x10 build/light_switch_provisioner_nrf52840_xxAA_s140_6.1.0_Release/obj/flash_manager_defrag.o
                0x000000000002a990                flash_manager_defrag_is_running
 .text.flash_manager_defrag
                0x000000000002a9a0       0x44 build/light_switch_provisioner_nrf52840_xxAA_s140_6.1.0_Release/obj/flash_manager_defrag.o
                0x000000000002a9a0                flash_manager_defrag
 .text.flash_manager_defrag_recovery_page_get
                0x000000000002a9e4        0xc build/light_switch_provisioner_nrf52840_xxAA_s140_6.1.0_Release/obj/flash_manager_defrag.o
                0x000000000002a9e4                flash_manager_defrag_recovery_page_get
 .text.fifo_init
                0x000000000002a9f0       0x34 build/light_switch_provisioner_nrf52840_xxAA_s140_6.1.0_Release/obj/fifo.o
                0x000000000002a9f0                fifo_init
 .text.fifo_pop
                0x000000000002aa24       0x52 build/light_switch_provisioner_nrf52840_xxAA_s140_6.1.0_Release/obj/fifo.o
                0x000000000002aa24                fifo_pop
 *fill*         0x000000000002aa76        0x2 
 .text.wait_for_ready
                0x000000000002aa78       0x10 build/light_switch_provisioner_nrf52840_xxAA_s140_6.1.0_Release/obj/nrf_flash.o
 .text.nrf_flash_erase
                0x000000000002aa88       0x50 build/light_switch_provisioner_nrf52840_xxAA_s140_6.1.0_Release/obj/nrf_flash.o
                0x000000000002aa88                nrf_flash_erase
 .text.nrf_flash_write
                0x000000000002aad8       0x50 build/light_switch_provisioner_nrf52840_xxAA_s140_6.1.0_Release/obj/nrf_flash.o
                0x000000000002aad8                nrf_flash_write
 .text.entry_recover_cb
                0x000000000002ab28       0x18 build/light_switch_provisioner_nrf52840_xxAA_s140_6.1.0_Release/obj/net_state.o
 .text.flash_store_iv_index
                0x000000000002ab40       0x38 build/light_switch_provisioner_nrf52840_xxAA_s140_6.1.0_Release/obj/net_state.o
 .text.flash_mem_available
                0x000000000002ab78       0x14 build/light_switch_provisioner_nrf52840_xxAA_s140_6.1.0_Release/obj/net_state.o
 .text.iv_index_notify
                0x000000000002ab8c       0x30 build/light_switch_provisioner_nrf52840_xxAA_s140_6.1.0_Release/obj/net_state.o
 .text.seqnum_block_allocate
                0x000000000002abbc       0x4c build/light_switch_provisioner_nrf52840_xxAA_s140_6.1.0_Release/obj/net_state.o
 .text.net_state_reset
                0x000000000002ac08       0x48 build/light_switch_provisioner_nrf52840_xxAA_s140_6.1.0_Release/obj/net_state.o
                0x000000000002ac08                net_state_reset
 .text.flash_write_complete
                0x000000000002ac50       0x64 build/light_switch_provisioner_nrf52840_xxAA_s140_6.1.0_Release/obj/net_state.o
 .text.net_state_recover_from_flash
                0x000000000002acb4       0x60 build/light_switch_provisioner_nrf52840_xxAA_s140_6.1.0_Release/obj/net_state.o
                0x000000000002acb4                net_state_recover_from_flash
 .text.net_state_flash_area_get
                0x000000000002ad14        0xc build/light_switch_provisioner_nrf52840_xxAA_s140_6.1.0_Release/obj/net_state.o
                0x000000000002ad14                net_state_flash_area_get
 .text.init_flash_storage
                0x000000000002ad20       0x3c build/light_switch_provisioner_nrf52840_xxAA_s140_6.1.0_Release/obj/net_state.o
 .text.net_state_init
                0x000000000002ad5c       0x44 build/light_switch_provisioner_nrf52840_xxAA_s140_6.1.0_Release/obj/net_state.o
                0x000000000002ad5c                net_state_init
 .text.net_state_enable
                0x000000000002ada0       0x30 build/light_switch_provisioner_nrf52840_xxAA_s140_6.1.0_Release/obj/net_state.o
                0x000000000002ada0                net_state_enable
 .text.net_state_iv_update_start
                0x000000000002add0       0x50 build/light_switch_provisioner_nrf52840_xxAA_s140_6.1.0_Release/obj/net_state.o
                0x000000000002add0                net_state_iv_update_start
 .text.iv_update_trigger_if_pending
                0x000000000002ae20       0x6c build/light_switch_provisioner_nrf52840_xxAA_s140_6.1.0_Release/obj/net_state.o
 .text.iv_update_timer_handler
                0x000000000002ae8c       0x64 build/light_switch_provisioner_nrf52840_xxAA_s140_6.1.0_Release/obj/net_state.o
 .text.mesh_evt_handler
                0x000000000002aef0       0x8c build/light_switch_provisioner_nrf52840_xxAA_s140_6.1.0_Release/obj/net_state.o
 .text.net_state_seqnum_alloc
                0x000000000002af7c       0x68 build/light_switch_provisioner_nrf52840_xxAA_s140_6.1.0_Release/obj/net_state.o
                0x000000000002af7c                net_state_seqnum_alloc
 .text.net_state_iv_index_lock
                0x000000000002afe4       0x3c build/light_switch_provisioner_nrf52840_xxAA_s140_6.1.0_Release/obj/net_state.o
                0x000000000002afe4                net_state_iv_index_lock
 .text.net_state_key_refresh_phase_changed
                0x000000000002b020       0x20 build/light_switch_provisioner_nrf52840_xxAA_s140_6.1.0_Release/obj/net_state.o
                0x000000000002b020                net_state_key_refresh_phase_changed
 .text.net_state_beacon_iv_index_get
                0x000000000002b040        0xc build/light_switch_provisioner_nrf52840_xxAA_s140_6.1.0_Release/obj/net_state.o
                0x000000000002b040                net_state_beacon_iv_index_get
 .text.net_state_tx_iv_index_get
                0x000000000002b04c       0x14 build/light_switch_provisioner_nrf52840_xxAA_s140_6.1.0_Release/obj/net_state.o
                0x000000000002b04c                net_state_tx_iv_index_get
 .text.net_state_rx_iv_index_get
                0x000000000002b060       0x18 build/light_switch_provisioner_nrf52840_xxAA_s140_6.1.0_Release/obj/net_state.o
                0x000000000002b060                net_state_rx_iv_index_get
 .text.net_state_iv_update_get
                0x000000000002b078        0xc build/light_switch_provisioner_nrf52840_xxAA_s140_6.1.0_Release/obj/net_state.o
                0x000000000002b078                net_state_iv_update_get
 .text.send_end_events
                0x000000000002b084       0x84 build/light_switch_provisioner_nrf52840_xxAA_s140_6.1.0_Release/obj/mesh_flash.o
 .text.flash_op_action_prepare
                0x000000000002b108       0x78 build/light_switch_provisioner_nrf52840_xxAA_s140_6.1.0_Release/obj/mesh_flash.o
 .text.flash_op_schedule
                0x000000000002b180       0x20 build/light_switch_provisioner_nrf52840_xxAA_s140_6.1.0_Release/obj/mesh_flash.o
 .text.flash_op_start
                0x000000000002b1a0      0x13c build/light_switch_provisioner_nrf52840_xxAA_s140_6.1.0_Release/obj/mesh_flash.o
 .text.mesh_flash_init
                0x000000000002b2dc       0x7c build/light_switch_provisioner_nrf52840_xxAA_s140_6.1.0_Release/obj/mesh_flash.o
                0x000000000002b2dc                mesh_flash_init
 .text.mesh_flash_user_callback_set
                0x000000000002b358       0x20 build/light_switch_provisioner_nrf52840_xxAA_s140_6.1.0_Release/obj/mesh_flash.o
                0x000000000002b358                mesh_flash_user_callback_set
 .text.mesh_flash_op_push
                0x000000000002b378      0x118 build/light_switch_provisioner_nrf52840_xxAA_s140_6.1.0_Release/obj/mesh_flash.o
                0x000000000002b378                mesh_flash_op_push
 .text.mesh_flash_set_suspended
                0x000000000002b490       0x70 build/light_switch_provisioner_nrf52840_xxAA_s140_6.1.0_Release/obj/mesh_flash.o
                0x000000000002b490                mesh_flash_set_suspended
 .text.nrf_mesh_address_type_get
                0x000000000002b500       0x10 build/light_switch_provisioner_nrf52840_xxAA_s140_6.1.0_Release/obj/nrf_mesh_utils.o
                0x000000000002b500                nrf_mesh_address_type_get
 .text.sd_softdevice_is_enabled
                0x000000000002b510        0x4 build/light_switch_provisioner_nrf52840_xxAA_s140_6.1.0_Release/obj/nrf_mesh.o
 .text.nrf_mesh_listen
                0x000000000002b514       0xe8 build/light_switch_provisioner_nrf52840_xxAA_s140_6.1.0_Release/obj/nrf_mesh.o
 .text.scanner_packet_process_cb
                0x000000000002b5fc       0x8c build/light_switch_provisioner_nrf52840_xxAA_s140_6.1.0_Release/obj/nrf_mesh.o
 .text.nrf_mesh_init
                0x000000000002b688       0xcc build/light_switch_provisioner_nrf52840_xxAA_s140_6.1.0_Release/obj/nrf_mesh.o
                0x000000000002b688                nrf_mesh_init
 .text.nrf_mesh_enable
                0x000000000002b754       0x88 build/light_switch_provisioner_nrf52840_xxAA_s140_6.1.0_Release/obj/nrf_mesh.o
                0x000000000002b754                nrf_mesh_enable
 .text.nrf_mesh_packet_send
                0x000000000002b7dc        0x4 build/light_switch_provisioner_nrf52840_xxAA_s140_6.1.0_Release/obj/nrf_mesh.o
                0x000000000002b7dc                nrf_mesh_packet_send
 .text.nrf_mesh_evt_handler_add
                0x000000000002b7e0        0x4 build/light_switch_provisioner_nrf52840_xxAA_s140_6.1.0_Release/obj/nrf_mesh.o
                0x000000000002b7e0                nrf_mesh_evt_handler_add
 .text.nrf_mesh_on_sd_evt
                0x000000000002b7e4        0xa build/light_switch_provisioner_nrf52840_xxAA_s140_6.1.0_Release/obj/nrf_mesh.o
                0x000000000002b7e4                nrf_mesh_on_sd_evt
 .text.nrf_mesh_subnet_added
                0x000000000002b7ee        0x2 build/light_switch_provisioner_nrf52840_xxAA_s140_6.1.0_Release/obj/nrf_mesh.o
                0x000000000002b7ee                nrf_mesh_subnet_added
 .text.nrf_mesh_unique_token_get
                0x000000000002b7f0       0x18 build/light_switch_provisioner_nrf52840_xxAA_s140_6.1.0_Release/obj/nrf_mesh.o
                0x000000000002b7f0                nrf_mesh_unique_token_get
 .text.queue_init
                0x000000000002b808       0x14 build/light_switch_provisioner_nrf52840_xxAA_s140_6.1.0_Release/obj/queue.o
                0x000000000002b808                queue_init
 .text.queue_push
                0x000000000002b81c       0x34 build/light_switch_provisioner_nrf52840_xxAA_s140_6.1.0_Release/obj/queue.o
                0x000000000002b81c                queue_push
 .text.queue_pop
                0x000000000002b850       0x26 build/light_switch_provisioner_nrf52840_xxAA_s140_6.1.0_Release/obj/queue.o
                0x000000000002b850                queue_pop
 .text.queue_peek
                0x000000000002b876       0x10 build/light_switch_provisioner_nrf52840_xxAA_s140_6.1.0_Release/obj/queue.o
                0x000000000002b876                queue_peek
 .text.sd_power_reset_reason_clr
                0x000000000002b886        0x4 build/light_switch_provisioner_nrf52840_xxAA_s140_6.1.0_Release/obj/hal.o
 *fill*         0x000000000002b88a        0x2 
 .text.hal_device_reset
                0x000000000002b88c       0x2c build/light_switch_provisioner_nrf52840_xxAA_s140_6.1.0_Release/obj/hal.o
                0x000000000002b88c                hal_device_reset
 .text.hal_lfclk_ppm_get
                0x000000000002b8b8       0x14 build/light_switch_provisioner_nrf52840_xxAA_s140_6.1.0_Release/obj/hal.o
                0x000000000002b8b8                hal_lfclk_ppm_get
 .text.hal_irq_active_get
                0x000000000002b8cc       0x10 build/light_switch_provisioner_nrf52840_xxAA_s140_6.1.0_Release/obj/hal.o
                0x000000000002b8cc                hal_irq_active_get
 .text.hal_irq_is_enabled
                0x000000000002b8dc       0x28 build/light_switch_provisioner_nrf52840_xxAA_s140_6.1.0_Release/obj/hal.o
                0x000000000002b8dc                hal_irq_is_enabled
 .text.sd_ecb_block_encrypt
                0x000000000002b904        0x4 build/light_switch_provisioner_nrf52840_xxAA_s140_6.1.0_Release/obj/aes_cmac.o
 .text.utils_xor.constprop.1
                0x000000000002b908       0x20 build/light_switch_provisioner_nrf52840_xxAA_s140_6.1.0_Release/obj/aes_cmac.o
 .text.aes_cmac
                0x000000000002b928      0x126 build/light_switch_provisioner_nrf52840_xxAA_s140_6.1.0_Release/obj/aes_cmac.o
                0x000000000002b928                aes_cmac
 *fill*         0x000000000002ba4e        0x2 
 .text.add_evt  0x000000000002ba50       0x50 build/light_switch_provisioner_nrf52840_xxAA_s140_6.1.0_Release/obj/timer_scheduler.o
 .text.remove_evt
                0x000000000002baa0       0x50 build/light_switch_provisioner_nrf52840_xxAA_s140_6.1.0_Release/obj/timer_scheduler.o
 .text.timer_cb
                0x000000000002baf0        0xc build/light_switch_provisioner_nrf52840_xxAA_s140_6.1.0_Release/obj/timer_scheduler.o
 .text.setup_timeout.isra.0
                0x000000000002bafc       0x1c build/light_switch_provisioner_nrf52840_xxAA_s140_6.1.0_Release/obj/timer_scheduler.o
 .text.flag_event_cb
                0x000000000002bb18       0xa4 build/light_switch_provisioner_nrf52840_xxAA_s140_6.1.0_Release/obj/timer_scheduler.o
 .text.timer_sch_init
                0x000000000002bbbc       0x28 build/light_switch_provisioner_nrf52840_xxAA_s140_6.1.0_Release/obj/timer_scheduler.o
                0x000000000002bbbc                timer_sch_init
 .text.timer_sch_schedule
                0x000000000002bbe4       0x44 build/light_switch_provisioner_nrf52840_xxAA_s140_6.1.0_Release/obj/timer_scheduler.o
                0x000000000002bbe4                timer_sch_schedule
 .text.timer_sch_abort
                0x000000000002bc28       0x2e build/light_switch_provisioner_nrf52840_xxAA_s140_6.1.0_Release/obj/timer_scheduler.o
                0x000000000002bc28                timer_sch_abort
 .text.timer_sch_reschedule
                0x000000000002bc56       0x38 build/light_switch_provisioner_nrf52840_xxAA_s140_6.1.0_Release/obj/timer_scheduler.o
                0x000000000002bc56                timer_sch_reschedule
 .text.timer_sch_is_scheduled
                0x000000000002bc8e       0x16 build/light_switch_provisioner_nrf52840_xxAA_s140_6.1.0_Release/obj/timer_scheduler.o
                0x000000000002bc8e                timer_sch_is_scheduled
 .text.timer_init
                0x000000000002bca4       0x1a build/light_switch_provisioner_nrf52840_xxAA_s140_6.1.0_Release/obj/timer.o
                0x000000000002bca4                timer_init
 *fill*         0x000000000002bcbe        0x2 
 .text.timer_now
                0x000000000002bcc0       0x48 build/light_switch_provisioner_nrf52840_xxAA_s140_6.1.0_Release/obj/timer.o
                0x000000000002bcc0                timer_now
 .text.nrf_mesh_timer_tail_handle
                0x000000000002bd08       0x34 build/light_switch_provisioner_nrf52840_xxAA_s140_6.1.0_Release/obj/timer.o
                0x000000000002bd08                nrf_mesh_timer_tail_handle
 .text.nrf_mesh_timer_ovfw_handle
                0x000000000002bd3c       0x98 build/light_switch_provisioner_nrf52840_xxAA_s140_6.1.0_Release/obj/timer.o
                0x000000000002bd3c                nrf_mesh_timer_ovfw_handle
 .text.timer_start
                0x000000000002bdd4       0xac build/light_switch_provisioner_nrf52840_xxAA_s140_6.1.0_Release/obj/timer.o
                0x000000000002bdd4                timer_start
 .text.timer_stop
                0x000000000002be80       0x30 build/light_switch_provisioner_nrf52840_xxAA_s140_6.1.0_Release/obj/timer.o
                0x000000000002be80                timer_stop
 .text.sd_rand_application_bytes_available_get
                0x000000000002beb0        0x4 build/light_switch_provisioner_nrf52840_xxAA_s140_6.1.0_Release/obj/rand.o
 .text.sd_rand_application_vector_get
                0x000000000002beb4        0x4 build/light_switch_provisioner_nrf52840_xxAA_s140_6.1.0_Release/obj/rand.o
 .text.rand_prng_get
                0x000000000002beb8       0x24 build/light_switch_provisioner_nrf52840_xxAA_s140_6.1.0_Release/obj/rand.o
                0x000000000002beb8                rand_prng_get
 .text.rand_hw_rng_get
                0x000000000002bedc       0x44 build/light_switch_provisioner_nrf52840_xxAA_s140_6.1.0_Release/obj/rand.o
                0x000000000002bedc                rand_hw_rng_get
 .text.rand_prng_seed
                0x000000000002bf20       0x34 build/light_switch_provisioner_nrf52840_xxAA_s140_6.1.0_Release/obj/rand.o
                0x000000000002bf20                rand_prng_seed
 .text.mesh_opt_init
                0x000000000002bf54        0x2 build/light_switch_provisioner_nrf52840_xxAA_s140_6.1.0_Release/obj/mesh_opt.o
                0x000000000002bf54                mesh_opt_init
 .text.sd_radio_session_open
                0x000000000002bf56        0x4 build/light_switch_provisioner_nrf52840_xxAA_s140_6.1.0_Release/obj/timeslot.o
 .text.sd_radio_session_close
                0x000000000002bf5a        0x4 build/light_switch_provisioner_nrf52840_xxAA_s140_6.1.0_Release/obj/timeslot.o
 .text.sd_radio_request
                0x000000000002bf5e        0x4 build/light_switch_provisioner_nrf52840_xxAA_s140_6.1.0_Release/obj/timeslot.o
 *fill*         0x000000000002bf62        0x2 
 .text.end_timer_handler
                0x000000000002bf64       0x24 build/light_switch_provisioner_nrf52840_xxAA_s140_6.1.0_Release/obj/timeslot.o
 .text.get_end_time.isra.3
                0x000000000002bf88       0x20 build/light_switch_provisioner_nrf52840_xxAA_s140_6.1.0_Release/obj/timeslot.o
 .text.on_ts_begin.constprop.9
                0x000000000002bfa8       0x48 build/light_switch_provisioner_nrf52840_xxAA_s140_6.1.0_Release/obj/timeslot.o
 .text.handle_extend_end.constprop.5
                0x000000000002bff0       0x88 build/light_switch_provisioner_nrf52840_xxAA_s140_6.1.0_Release/obj/timeslot.o
 .text.radio_signal_callback
                0x000000000002c078      0x12c build/light_switch_provisioner_nrf52840_xxAA_s140_6.1.0_Release/obj/timeslot.o
 .text.timeslot_sd_event_handler
                0x000000000002c1a4       0x60 build/light_switch_provisioner_nrf52840_xxAA_s140_6.1.0_Release/obj/timeslot.o
                0x000000000002c1a4                timeslot_sd_event_handler
 .text.timeslot_init
                0x000000000002c204       0x50 build/light_switch_provisioner_nrf52840_xxAA_s140_6.1.0_Release/obj/timeslot.o
                0x000000000002c204                timeslot_init
 .text.timeslot_start
                0x000000000002c254       0x48 build/light_switch_provisioner_nrf52840_xxAA_s140_6.1.0_Release/obj/timeslot.o
                0x000000000002c254                timeslot_start
 .text.timeslot_end_is_pending
                0x000000000002c29c       0x28 build/light_switch_provisioner_nrf52840_xxAA_s140_6.1.0_Release/obj/timeslot.o
                0x000000000002c29c                timeslot_end_is_pending
 .text.timeslot_length_get
                0x000000000002c2c4        0xc build/light_switch_provisioner_nrf52840_xxAA_s140_6.1.0_Release/obj/timeslot.o
                0x000000000002c2c4                timeslot_length_get
 .text.timeslot_remaining_time_get
                0x000000000002c2d0       0x24 build/light_switch_provisioner_nrf52840_xxAA_s140_6.1.0_Release/obj/timeslot.o
                0x000000000002c2d0                timeslot_remaining_time_get
 .text.timeslot_is_in_cb
                0x000000000002c2f4        0xc build/light_switch_provisioner_nrf52840_xxAA_s140_6.1.0_Release/obj/timeslot.o
                0x000000000002c2f4                timeslot_is_in_cb
 .text.timeslot_trigger
                0x000000000002c300       0x24 build/light_switch_provisioner_nrf52840_xxAA_s140_6.1.0_Release/obj/timeslot.o
                0x000000000002c300                timeslot_trigger
 .text.timeslot_stop
                0x000000000002c324       0x1c build/light_switch_provisioner_nrf52840_xxAA_s140_6.1.0_Release/obj/timeslot.o
                0x000000000002c324                timeslot_stop
 .text.timeslot_restart
                0x000000000002c340       0x24 build/light_switch_provisioner_nrf52840_xxAA_s140_6.1.0_Release/obj/timeslot.o
                0x000000000002c340                timeslot_restart
 .text.timeslot_state_lock
                0x000000000002c364       0x24 build/light_switch_provisioner_nrf52840_xxAA_s140_6.1.0_Release/obj/timeslot.o
                0x000000000002c364                timeslot_state_lock
 .text.timer_mut_unlock
                0x000000000002c388       0x10 build/light_switch_provisioner_nrf52840_xxAA_s140_6.1.0_Release/obj/timeslot_timer.o
 .text.ts_timer_order_cb
                0x000000000002c398       0x64 build/light_switch_provisioner_nrf52840_xxAA_s140_6.1.0_Release/obj/timeslot_timer.o
                0x000000000002c398                ts_timer_order_cb
 .text.ts_timer_now
                0x000000000002c3fc       0x40 build/light_switch_provisioner_nrf52840_xxAA_s140_6.1.0_Release/obj/timeslot_timer.o
                0x000000000002c3fc                ts_timer_now
 .text.ts_timer_event_handler
                0x000000000002c43c       0x6c build/light_switch_provisioner_nrf52840_xxAA_s140_6.1.0_Release/obj/timeslot_timer.o
                0x000000000002c43c                ts_timer_event_handler
 .text.ts_timer_to_device_time
                0x000000000002c4a8        0xc build/light_switch_provisioner_nrf52840_xxAA_s140_6.1.0_Release/obj/timeslot_timer.o
                0x000000000002c4a8                ts_timer_to_device_time
 .text.ts_timer_on_ts_begin
                0x000000000002c4b4       0x64 build/light_switch_provisioner_nrf52840_xxAA_s140_6.1.0_Release/obj/timeslot_timer.o
                0x000000000002c4b4                ts_timer_on_ts_begin
 .text.ts_timer_on_ts_end
                0x000000000002c518       0x48 build/light_switch_provisioner_nrf52840_xxAA_s140_6.1.0_Release/obj/timeslot_timer.o
                0x000000000002c518                ts_timer_on_ts_end
 .text.trigger_event_handler
                0x000000000002c560       0x1c build/light_switch_provisioner_nrf52840_xxAA_s140_6.1.0_Release/obj/bearer_event.o
 .text.bearer_event_init
                0x000000000002c57c       0x58 build/light_switch_provisioner_nrf52840_xxAA_s140_6.1.0_Release/obj/bearer_event.o
                0x000000000002c57c                bearer_event_init
 .text.bearer_event_start
                0x000000000002c5d4       0x44 build/light_switch_provisioner_nrf52840_xxAA_s140_6.1.0_Release/obj/bearer_event.o
                0x000000000002c5d4                bearer_event_start
 .text.bearer_event_critical_section_begin
                0x000000000002c618       0x80 build/light_switch_provisioner_nrf52840_xxAA_s140_6.1.0_Release/obj/bearer_event.o
                0x000000000002c618                bearer_event_critical_section_begin
 .text.bearer_event_critical_section_end
                0x000000000002c698       0x60 build/light_switch_provisioner_nrf52840_xxAA_s140_6.1.0_Release/obj/bearer_event.o
                0x000000000002c698                bearer_event_critical_section_end
 .text.bearer_event_flag_add
                0x000000000002c6f8       0x3c build/light_switch_provisioner_nrf52840_xxAA_s140_6.1.0_Release/obj/bearer_event.o
                0x000000000002c6f8                bearer_event_flag_add
 .text.bearer_event_flag_set
                0x000000000002c734       0x44 build/light_switch_provisioner_nrf52840_xxAA_s140_6.1.0_Release/obj/bearer_event.o
                0x000000000002c734                bearer_event_flag_set
 .text.bearer_event_sequential_add
                0x000000000002c778       0x2e build/light_switch_provisioner_nrf52840_xxAA_s140_6.1.0_Release/obj/bearer_event.o
                0x000000000002c778                bearer_event_sequential_add
 *fill*         0x000000000002c7a6        0x2 
 .text.bearer_event_sequential_post
                0x000000000002c7a8       0x44 build/light_switch_provisioner_nrf52840_xxAA_s140_6.1.0_Release/obj/bearer_event.o
                0x000000000002c7a8                bearer_event_sequential_post
 .text.bearer_event_sequential_pending
                0x000000000002c7ec       0x10 build/light_switch_provisioner_nrf52840_xxAA_s140_6.1.0_Release/obj/bearer_event.o
                0x000000000002c7ec                bearer_event_sequential_pending
 .text.bearer_event_handler
                0x000000000002c7fc       0xe8 build/light_switch_provisioner_nrf52840_xxAA_s140_6.1.0_Release/obj/bearer_event.o
                0x000000000002c7fc                bearer_event_handler
 .text.QDEC_IRQHandler
                0x000000000002c8e4        0x4 build/light_switch_provisioner_nrf52840_xxAA_s140_6.1.0_Release/obj/bearer_event.o
                0x000000000002c8e4                QDEC_IRQHandler
 .text.bearer_event_in_correct_irq_priority
                0x000000000002c8e8       0x74 build/light_switch_provisioner_nrf52840_xxAA_s140_6.1.0_Release/obj/bearer_event.o
                0x000000000002c8e8                bearer_event_in_correct_irq_priority
 .text.sd_ecb_block_encrypt
                0x000000000002c95c        0x4 build/light_switch_provisioner_nrf52840_xxAA_s140_6.1.0_Release/obj/enc.o
 .text.enc_aes_encrypt
                0x000000000002c960       0x56 build/light_switch_provisioner_nrf52840_xxAA_s140_6.1.0_Release/obj/enc.o
                0x000000000002c960                enc_aes_encrypt
 .text.enc_aes_cmac
                0x000000000002c9b6        0x4 build/light_switch_provisioner_nrf52840_xxAA_s140_6.1.0_Release/obj/enc.o
                0x000000000002c9b6                enc_aes_cmac
 .text.enc_aes_ccm_encrypt
                0x000000000002c9ba        0x4 build/light_switch_provisioner_nrf52840_xxAA_s140_6.1.0_Release/obj/enc.o
                0x000000000002c9ba                enc_aes_ccm_encrypt
 .text.enc_aes_ccm_decrypt
                0x000000000002c9be        0x4 build/light_switch_provisioner_nrf52840_xxAA_s140_6.1.0_Release/obj/enc.o
                0x000000000002c9be                enc_aes_ccm_decrypt
 .text.enc_nonce_generate
                0x000000000002c9c2       0xb8 build/light_switch_provisioner_nrf52840_xxAA_s140_6.1.0_Release/obj/enc.o
                0x000000000002c9c2                enc_nonce_generate
 .text.enc_s1   0x000000000002ca7a       0x2c build/light_switch_provisioner_nrf52840_xxAA_s140_6.1.0_Release/obj/enc.o
                0x000000000002ca7a                enc_s1
 .text.enc_k1   0x000000000002caa6       0x3c build/light_switch_provisioner_nrf52840_xxAA_s140_6.1.0_Release/obj/enc.o
                0x000000000002caa6                enc_k1
 *fill*         0x000000000002cae2        0x2 
 .text.enc_k2   0x000000000002cae4       0xc8 build/light_switch_provisioner_nrf52840_xxAA_s140_6.1.0_Release/obj/enc.o
                0x000000000002cae4                enc_k2
 .text.enc_k3   0x000000000002cbac       0x5c build/light_switch_provisioner_nrf52840_xxAA_s140_6.1.0_Release/obj/enc.o
                0x000000000002cbac                enc_k3
 .text.enc_k4   0x000000000002cc08       0x54 build/light_switch_provisioner_nrf52840_xxAA_s140_6.1.0_Release/obj/enc.o
                0x000000000002cc08                enc_k4
 .text.allocate_packet
                0x000000000002cc5c       0x70 build/light_switch_provisioner_nrf52840_xxAA_s140_6.1.0_Release/obj/network.o
 .text.network_init
                0x000000000002cccc       0x24 build/light_switch_provisioner_nrf52840_xxAA_s140_6.1.0_Release/obj/network.o
                0x000000000002cccc                network_init
 .text.network_enable
                0x000000000002ccf0        0xe build/light_switch_provisioner_nrf52840_xxAA_s140_6.1.0_Release/obj/network.o
                0x000000000002ccf0                network_enable
 .text.network_packet_alloc
                0x000000000002ccfe       0x38 build/light_switch_provisioner_nrf52840_xxAA_s140_6.1.0_Release/obj/network.o
                0x000000000002ccfe                network_packet_alloc
 .text.network_packet_send
                0x000000000002cd36       0x46 build/light_switch_provisioner_nrf52840_xxAA_s140_6.1.0_Release/obj/network.o
                0x000000000002cd36                network_packet_send
 .text.network_packet_in
                0x000000000002cd7c      0x148 build/light_switch_provisioner_nrf52840_xxAA_s140_6.1.0_Release/obj/network.o
                0x000000000002cd7c                network_packet_in
 .text.nonce_type_get
                0x000000000002cec4       0x16 build/light_switch_provisioner_nrf52840_xxAA_s140_6.1.0_Release/obj/net_packet.o
 .text.header_transfuscate
                0x000000000002ceda       0x5a build/light_switch_provisioner_nrf52840_xxAA_s140_6.1.0_Release/obj/net_packet.o
 .text.try_decrypt
                0x000000000002cf34      0x178 build/light_switch_provisioner_nrf52840_xxAA_s140_6.1.0_Release/obj/net_packet.o
 .text.net_packet_decrypt
                0x000000000002d0ac       0x94 build/light_switch_provisioner_nrf52840_xxAA_s140_6.1.0_Release/obj/net_packet.o
                0x000000000002d0ac                net_packet_decrypt
 .text.net_packet_encrypt
                0x000000000002d140       0x7e build/light_switch_provisioner_nrf52840_xxAA_s140_6.1.0_Release/obj/net_packet.o
                0x000000000002d140                net_packet_encrypt
 .text.net_packet_header_set
                0x000000000002d1be       0xaa build/light_switch_provisioner_nrf52840_xxAA_s140_6.1.0_Release/obj/net_packet.o
                0x000000000002d1be                net_packet_header_set
 .text.net_packet_payload_len_get
                0x000000000002d268       0x10 build/light_switch_provisioner_nrf52840_xxAA_s140_6.1.0_Release/obj/net_packet.o
                0x000000000002d268                net_packet_payload_len_get
 .text.net_packet_from_payload
                0x000000000002d278        0x4 build/light_switch_provisioner_nrf52840_xxAA_s140_6.1.0_Release/obj/net_packet.o
                0x000000000002d278                net_packet_from_payload
 .text.net_packet_obfuscation_start_get
                0x000000000002d27c        0x4 build/light_switch_provisioner_nrf52840_xxAA_s140_6.1.0_Release/obj/net_packet.o
                0x000000000002d27c                net_packet_obfuscation_start_get
 .text.stage_get_available
                0x000000000002d280       0x24 build/light_switch_provisioner_nrf52840_xxAA_s140_6.1.0_Release/obj/msqueue.o
 .text.msq_get  0x000000000002d2a4       0x38 build/light_switch_provisioner_nrf52840_xxAA_s140_6.1.0_Release/obj/msqueue.o
                0x000000000002d2a4                msq_get
 .text.msq_move
                0x000000000002d2dc       0x2e build/light_switch_provisioner_nrf52840_xxAA_s140_6.1.0_Release/obj/msqueue.o
                0x000000000002d2dc                msq_move
 .text.msq_reset
                0x000000000002d30a       0x20 build/light_switch_provisioner_nrf52840_xxAA_s140_6.1.0_Release/obj/msqueue.o
                0x000000000002d30a                msq_reset
 .text.msq_init
                0x000000000002d32a       0x48 build/light_switch_provisioner_nrf52840_xxAA_s140_6.1.0_Release/obj/msqueue.o
                0x000000000002d32a                msq_init
 .text.msq_available
                0x000000000002d372       0x26 build/light_switch_provisioner_nrf52840_xxAA_s140_6.1.0_Release/obj/msqueue.o
                0x000000000002d372                msq_available
 .text.nrf_mesh_keygen_aid
                0x000000000002d398       0x12 build/light_switch_provisioner_nrf52840_xxAA_s140_6.1.0_Release/obj/nrf_mesh_keygen.o
                0x000000000002d398                nrf_mesh_keygen_aid
 .text.nrf_mesh_keygen_network_secmat
                0x000000000002d3aa       0x20 build/light_switch_provisioner_nrf52840_xxAA_s140_6.1.0_Release/obj/nrf_mesh_keygen.o
                0x000000000002d3aa                nrf_mesh_keygen_network_secmat
 *fill*         0x000000000002d3ca        0x2 
 .text.nrf_mesh_keygen_beacon_secmat
                0x000000000002d3cc       0x50 build/light_switch_provisioner_nrf52840_xxAA_s140_6.1.0_Release/obj/nrf_mesh_keygen.o
                0x000000000002d3cc                nrf_mesh_keygen_beacon_secmat
 .text.nrf_mesh_keygen_virtual_address
                0x000000000002d41c       0x50 build/light_switch_provisioner_nrf52840_xxAA_s140_6.1.0_Release/obj/nrf_mesh_keygen.o
                0x000000000002d41c                nrf_mesh_keygen_virtual_address
 .text.list_insert
                0x000000000002d46c       0x1c build/light_switch_provisioner_nrf52840_xxAA_s140_6.1.0_Release/obj/list.o
 .text.list_add
                0x000000000002d488       0x42 build/light_switch_provisioner_nrf52840_xxAA_s140_6.1.0_Release/obj/list.o
                0x000000000002d488                list_add
 .text.list_remove
                0x000000000002d4ca       0x3a build/light_switch_provisioner_nrf52840_xxAA_s140_6.1.0_Release/obj/list.o
                0x000000000002d4ca                list_remove
 .text.list_compare_add
                0x000000000002d504       0x56 build/light_switch_provisioner_nrf52840_xxAA_s140_6.1.0_Release/obj/list.o
                0x000000000002d504                list_compare_add
 *fill*         0x000000000002d55a        0x2 
 .text.log_callback_rtt
                0x000000000002d55c       0x2c build/light_switch_provisioner_nrf52840_xxAA_s140_6.1.0_Release/obj/log.o
                0x000000000002d55c                log_callback_rtt
 .text.log_init
                0x000000000002d588       0x1c build/light_switch_provisioner_nrf52840_xxAA_s140_6.1.0_Release/obj/log.o
                0x000000000002d588                log_init
 .text.log_vprintf
                0x000000000002d5a4       0x1c build/light_switch_provisioner_nrf52840_xxAA_s140_6.1.0_Release/obj/log.o
                0x000000000002d5a4                log_vprintf
 .text.log_printf
                0x000000000002d5c0       0x18 build/light_switch_provisioner_nrf52840_xxAA_s140_6.1.0_Release/obj/log.o
                0x000000000002d5c0                log_printf
 .text.get_area_end
                0x000000000002d5d8        0xc build/light_switch_provisioner_nrf52840_xxAA_s140_6.1.0_Release/obj/flash_manager.o
 .text.handle_matches_filter
                0x000000000002d5e4       0x26 build/light_switch_provisioner_nrf52840_xxAA_s140_6.1.0_Release/obj/flash_manager.o
 .text.flash_area_is_blank
                0x000000000002d60a       0x2c build/light_switch_provisioner_nrf52840_xxAA_s140_6.1.0_Release/obj/flash_manager.o
 *fill*         0x000000000002d636        0x2 
 .text.get_packet_buffer
                0x000000000002d638       0x20 build/light_switch_provisioner_nrf52840_xxAA_s140_6.1.0_Release/obj/flash_manager.o
 .text.flash    0x000000000002d658       0x1c build/light_switch_provisioner_nrf52840_xxAA_s140_6.1.0_Release/obj/flash_manager.o
 .text.free_packet_buffer
                0x000000000002d674       0x3c build/light_switch_provisioner_nrf52840_xxAA_s140_6.1.0_Release/obj/flash_manager.o
 .text.iterate_callback_entry_copy
                0x000000000002d6b0       0x38 build/light_switch_provisioner_nrf52840_xxAA_s140_6.1.0_Release/obj/flash_manager.o
 .text.reserve_action_buffer
                0x000000000002d6e8       0x24 build/light_switch_provisioner_nrf52840_xxAA_s140_6.1.0_Release/obj/flash_manager.o
 .text.commit_action_buffer
                0x000000000002d70c       0x18 build/light_switch_provisioner_nrf52840_xxAA_s140_6.1.0_Release/obj/flash_manager.o
 .text.schedule_processing
                0x000000000002d724        0xc build/light_switch_provisioner_nrf52840_xxAA_s140_6.1.0_Release/obj/flash_manager.o
 .text.get_next_entry
                0x000000000002d730       0x34 build/light_switch_provisioner_nrf52840_xxAA_s140_6.1.0_Release/obj/flash_manager.o
 .text.get_last_entry.isra.1
                0x000000000002d764       0x30 build/light_switch_provisioner_nrf52840_xxAA_s140_6.1.0_Release/obj/flash_manager.o
 .text.process_action_queue
                0x000000000002d794      0x400 build/light_switch_provisioner_nrf52840_xxAA_s140_6.1.0_Release/obj/flash_manager.o
 .text.flash_op_ended_callback
                0x000000000002db94       0x24 build/light_switch_provisioner_nrf52840_xxAA_s140_6.1.0_Release/obj/flash_manager.o
 .text.flash_manager_init
                0x000000000002dbb8       0x68 build/light_switch_provisioner_nrf52840_xxAA_s140_6.1.0_Release/obj/flash_manager.o
                0x000000000002dbb8                flash_manager_init
 .text.flash_manager_remove
                0x000000000002dc20       0x24 build/light_switch_provisioner_nrf52840_xxAA_s140_6.1.0_Release/obj/flash_manager.o
                0x000000000002dc20                flash_manager_remove
 .text.flash_manager_entries_read
                0x000000000002dc44       0xea build/light_switch_provisioner_nrf52840_xxAA_s140_6.1.0_Release/obj/flash_manager.o
                0x000000000002dc44                flash_manager_entries_read
 *fill*         0x000000000002dd2e        0x2 
 .text.flash_manager_entry_read
                0x000000000002dd30       0x50 build/light_switch_provisioner_nrf52840_xxAA_s140_6.1.0_Release/obj/flash_manager.o
                0x000000000002dd30                flash_manager_entry_read
 .text.flash_manager_entry_count_get
                0x000000000002dd80       0x1e build/light_switch_provisioner_nrf52840_xxAA_s140_6.1.0_Release/obj/flash_manager.o
                0x000000000002dd80                flash_manager_entry_count_get
 .text.flash_manager_entry_alloc
                0x000000000002dd9e       0x5c build/light_switch_provisioner_nrf52840_xxAA_s140_6.1.0_Release/obj/flash_manager.o
                0x000000000002dd9e                flash_manager_entry_alloc
 *fill*         0x000000000002ddfa        0x2 
 .text.flash_manager_entry_commit
                0x000000000002ddfc       0x2c build/light_switch_provisioner_nrf52840_xxAA_s140_6.1.0_Release/obj/flash_manager.o
                0x000000000002ddfc                flash_manager_entry_commit
 .text.flash_manager_entry_invalidate
                0x000000000002de28       0x4e build/light_switch_provisioner_nrf52840_xxAA_s140_6.1.0_Release/obj/flash_manager.o
                0x000000000002de28                flash_manager_entry_invalidate
 *fill*         0x000000000002de76        0x2 
 .text.flash_manager_add
                0x000000000002de78      0x228 build/light_switch_provisioner_nrf52840_xxAA_s140_6.1.0_Release/obj/flash_manager.o
                0x000000000002de78                flash_manager_add
 .text.flash_manager_mem_listener_register
                0x000000000002e0a0       0x30 build/light_switch_provisioner_nrf52840_xxAA_s140_6.1.0_Release/obj/flash_manager.o
                0x000000000002e0a0                flash_manager_mem_listener_register
 .text.flash_manager_is_stable
                0x000000000002e0d0       0x20 build/light_switch_provisioner_nrf52840_xxAA_s140_6.1.0_Release/obj/flash_manager.o
                0x000000000002e0d0                flash_manager_is_stable
 .text.flash_manager_on_defrag_end
                0x000000000002e0f0       0x4c build/light_switch_provisioner_nrf52840_xxAA_s140_6.1.0_Release/obj/flash_manager.o
                0x000000000002e0f0                flash_manager_on_defrag_end
 .text.flash_manager_recovery_page_get
                0x000000000002e13c        0x4 build/light_switch_provisioner_nrf52840_xxAA_s140_6.1.0_Release/obj/flash_manager.o
                0x000000000002e13c                flash_manager_recovery_page_get
 .text.flash_manager_action_queue_empty_cb_set
                0x000000000002e140       0x1c build/light_switch_provisioner_nrf52840_xxAA_s140_6.1.0_Release/obj/flash_manager.o
                0x000000000002e140                flash_manager_action_queue_empty_cb_set
 .text.utils_xor
                0x000000000002e15c       0x14 build/light_switch_provisioner_nrf52840_xxAA_s140_6.1.0_Release/obj/ccm_soft.o
 .text.sd_ecb_block_encrypt
                0x000000000002e170        0x4 build/light_switch_provisioner_nrf52840_xxAA_s140_6.1.0_Release/obj/ccm_soft.o
 .text.ccm_soft_crypt
                0x000000000002e174       0x4c build/light_switch_provisioner_nrf52840_xxAA_s140_6.1.0_Release/obj/ccm_soft.o
 .text.ccm_soft_authenticate_blocks
                0x000000000002e1c0       0x6c build/light_switch_provisioner_nrf52840_xxAA_s140_6.1.0_Release/obj/ccm_soft.o
 .text.ccm_soft_authenticate
                0x000000000002e22c       0xa2 build/light_switch_provisioner_nrf52840_xxAA_s140_6.1.0_Release/obj/ccm_soft.o
 .text.ccm_soft_encrypt
                0x000000000002e2ce       0x70 build/light_switch_provisioner_nrf52840_xxAA_s140_6.1.0_Release/obj/ccm_soft.o
                0x000000000002e2ce                ccm_soft_encrypt
 .text.ccm_soft_decrypt
                0x000000000002e33e       0xc6 build/light_switch_provisioner_nrf52840_xxAA_s140_6.1.0_Release/obj/ccm_soft.o
                0x000000000002e33e                ccm_soft_decrypt
 .text.iv_index_get.isra.0
                0x000000000002e404       0x34 build/light_switch_provisioner_nrf52840_xxAA_s140_6.1.0_Release/obj/replay_cache.o
 .text.evt_handler
                0x000000000002e438       0x60 build/light_switch_provisioner_nrf52840_xxAA_s140_6.1.0_Release/obj/replay_cache.o
 .text.replay_cache_enable
                0x000000000002e498       0x10 build/light_switch_provisioner_nrf52840_xxAA_s140_6.1.0_Release/obj/replay_cache.o
                0x000000000002e498                replay_cache_enable
 .text.replay_cache_add
                0x000000000002e4a8       0x4c build/light_switch_provisioner_nrf52840_xxAA_s140_6.1.0_Release/obj/replay_cache.o
                0x000000000002e4a8                replay_cache_add
 .text.replay_cache_has_elem
                0x000000000002e4f4       0x50 build/light_switch_provisioner_nrf52840_xxAA_s140_6.1.0_Release/obj/replay_cache.o
                0x000000000002e4f4                replay_cache_has_elem
 .text.replay_cache_clear
                0x000000000002e544       0x18 build/light_switch_provisioner_nrf52840_xxAA_s140_6.1.0_Release/obj/replay_cache.o
                0x000000000002e544                replay_cache_clear
 .text.replay_cache_init
                0x000000000002e55c       0x14 build/light_switch_provisioner_nrf52840_xxAA_s140_6.1.0_Release/obj/replay_cache.o
                0x000000000002e55c                replay_cache_init
 .text.beacon_create
                0x000000000002e570       0x46 build/light_switch_provisioner_nrf52840_xxAA_s140_6.1.0_Release/obj/beacon.o
                0x000000000002e570                beacon_create
 *fill*         0x000000000002e5b6        0x2 
 .text.beacon_packet_in
                0x000000000002e5b8       0xec build/light_switch_provisioner_nrf52840_xxAA_s140_6.1.0_Release/obj/beacon.o
                0x000000000002e5b8                beacon_packet_in
 .text.entry_get
                0x000000000002e6a4       0x78 build/light_switch_provisioner_nrf52840_xxAA_s140_6.1.0_Release/obj/flash_manager_internal.o
                0x000000000002e6a4                entry_get
 .text.core_tx_complete_cb_set
                0x000000000002e71c        0xc build/light_switch_provisioner_nrf52840_xxAA_s140_6.1.0_Release/obj/core_tx.o
                0x000000000002e71c                core_tx_complete_cb_set
 .text.core_tx_packet_alloc
                0x000000000002e728       0xa4 build/light_switch_provisioner_nrf52840_xxAA_s140_6.1.0_Release/obj/core_tx.o
                0x000000000002e728                core_tx_packet_alloc
 .text.core_tx_packet_send
                0x000000000002e7cc       0x4c build/light_switch_provisioner_nrf52840_xxAA_s140_6.1.0_Release/obj/core_tx.o
                0x000000000002e7cc                core_tx_packet_send
 .text.core_tx_packet_discard
                0x000000000002e818       0x40 build/light_switch_provisioner_nrf52840_xxAA_s140_6.1.0_Release/obj/core_tx.o
                0x000000000002e818                core_tx_packet_discard
 .text.core_tx_complete
                0x000000000002e858       0x34 build/light_switch_provisioner_nrf52840_xxAA_s140_6.1.0_Release/obj/core_tx.o
                0x000000000002e858                core_tx_complete
 .text.core_tx_bearer_add
                0x000000000002e88c       0x70 build/light_switch_provisioner_nrf52840_xxAA_s140_6.1.0_Release/obj/core_tx.o
                0x000000000002e88c                core_tx_bearer_add
 .text.hb_pub_deleter
                0x000000000002e8fc       0x28 build/light_switch_provisioner_nrf52840_xxAA_s140_6.1.0_Release/obj/heartbeat.o
 .text.hb_pub_getter
                0x000000000002e924       0x3c build/light_switch_provisioner_nrf52840_xxAA_s140_6.1.0_Release/obj/heartbeat.o
 .text.hb_pub_setter
                0x000000000002e960       0xd0 build/light_switch_provisioner_nrf52840_xxAA_s140_6.1.0_Release/obj/heartbeat.o
 .text.heartbeat_subscription_timer_cb
                0x000000000002ea30       0x3c build/light_switch_provisioner_nrf52840_xxAA_s140_6.1.0_Release/obj/heartbeat.o
 .text.heartbeat_opcode_handle
                0x000000000002ea6c       0x88 build/light_switch_provisioner_nrf52840_xxAA_s140_6.1.0_Release/obj/heartbeat.o
 .text.heartbeat_publish
                0x000000000002eaf4       0xa4 build/light_switch_provisioner_nrf52840_xxAA_s140_6.1.0_Release/obj/heartbeat.o
 .text.heartbeat_core_evt_cb
                0x000000000002eb98       0x18 build/light_switch_provisioner_nrf52840_xxAA_s140_6.1.0_Release/obj/heartbeat.o
 .text.heartbeat_publication_timer_cb
                0x000000000002ebb0       0x54 build/light_switch_provisioner_nrf52840_xxAA_s140_6.1.0_Release/obj/heartbeat.o
 .text.heartbeat_relay_listener_cb
                0x000000000002ec04       0x48 build/light_switch_provisioner_nrf52840_xxAA_s140_6.1.0_Release/obj/heartbeat.o
 .text.heartbeat_init
                0x000000000002ec4c       0x58 build/light_switch_provisioner_nrf52840_xxAA_s140_6.1.0_Release/obj/heartbeat.o
                0x000000000002ec4c                heartbeat_init
 .text.heartbeat_subscription_set
                0x000000000002eca4       0xd0 build/light_switch_provisioner_nrf52840_xxAA_s140_6.1.0_Release/obj/heartbeat.o
                0x000000000002eca4                heartbeat_subscription_set
 .text.heartbeat_subscription_get
                0x000000000002ed74        0x8 build/light_switch_provisioner_nrf52840_xxAA_s140_6.1.0_Release/obj/heartbeat.o
                0x000000000002ed74                heartbeat_subscription_get
 .text.heartbeat_publication_get
                0x000000000002ed7c        0x8 build/light_switch_provisioner_nrf52840_xxAA_s140_6.1.0_Release/obj/heartbeat.o
                0x000000000002ed7c                heartbeat_publication_get
 .text.heartbeat_publication_set
                0x000000000002ed84       0x18 build/light_switch_provisioner_nrf52840_xxAA_s140_6.1.0_Release/obj/heartbeat.o
                0x000000000002ed84                heartbeat_publication_set
 .text.heartbeat_public_info_getter_register
                0x000000000002ed9c       0x14 build/light_switch_provisioner_nrf52840_xxAA_s140_6.1.0_Release/obj/heartbeat.o
                0x000000000002ed9c                heartbeat_public_info_getter_register
 .text.beacon_getter
                0x000000000002edb0       0x24 build/light_switch_provisioner_nrf52840_xxAA_s140_6.1.0_Release/obj/net_beacon.o
 .text.beacon_setter
                0x000000000002edd4       0x5c build/light_switch_provisioner_nrf52840_xxAA_s140_6.1.0_Release/obj/net_beacon.o
 .text.make_network_beacon_packet
                0x000000000002ee30       0x4e build/light_switch_provisioner_nrf52840_xxAA_s140_6.1.0_Release/obj/net_beacon.o
 *fill*         0x000000000002ee7e        0x2 
 .text.beacon_tx
                0x000000000002ee80      0x114 build/light_switch_provisioner_nrf52840_xxAA_s140_6.1.0_Release/obj/net_beacon.o
 .text.tx_complete_cb
                0x000000000002ef94        0xe build/light_switch_provisioner_nrf52840_xxAA_s140_6.1.0_Release/obj/net_beacon.o
 .text.beacon_tx_timeout
                0x000000000002efa2        0x4 build/light_switch_provisioner_nrf52840_xxAA_s140_6.1.0_Release/obj/net_beacon.o
 .text.is_valid_beacon_pkt.part.0
                0x000000000002efa6       0x30 build/light_switch_provisioner_nrf52840_xxAA_s140_6.1.0_Release/obj/net_beacon.o
 *fill*         0x000000000002efd6        0x2 
 .text.net_beacon_init
                0x000000000002efd8       0x7c build/light_switch_provisioner_nrf52840_xxAA_s140_6.1.0_Release/obj/net_beacon.o
                0x000000000002efd8                net_beacon_init
 .text.net_beacon_enable
                0x000000000002f054       0x28 build/light_switch_provisioner_nrf52840_xxAA_s140_6.1.0_Release/obj/net_beacon.o
                0x000000000002f054                net_beacon_enable
 .text.net_beacon_state_set
                0x000000000002f07c       0x20 build/light_switch_provisioner_nrf52840_xxAA_s140_6.1.0_Release/obj/net_beacon.o
                0x000000000002f07c                net_beacon_state_set
 .text.net_beacon_state_get
                0x000000000002f09c       0x24 build/light_switch_provisioner_nrf52840_xxAA_s140_6.1.0_Release/obj/net_beacon.o
                0x000000000002f09c                net_beacon_state_get
 .text.net_beacon_packet_in
                0x000000000002f0c0       0xda build/light_switch_provisioner_nrf52840_xxAA_s140_6.1.0_Release/obj/net_beacon.o
                0x000000000002f0c0                net_beacon_packet_in
 *fill*         0x000000000002f19a        0x2 
 .text.listeners_notify
                0x000000000002f19c       0x4c build/light_switch_provisioner_nrf52840_xxAA_s140_6.1.0_Release/obj/mesh_config.o
 .text.entry_flags_get.isra.0
                0x000000000002f1e8       0x1c build/light_switch_provisioner_nrf52840_xxAA_s140_6.1.0_Release/obj/mesh_config.o
 .text.entry_params_find
                0x000000000002f204       0x38 build/light_switch_provisioner_nrf52840_xxAA_s140_6.1.0_Release/obj/mesh_config.o
 .text.restore_callback
                0x000000000002f23c       0x66 build/light_switch_provisioner_nrf52840_xxAA_s140_6.1.0_Release/obj/mesh_config.o
 *fill*         0x000000000002f2a2        0x2 
 .text.dirty_entries_process
                0x000000000002f2a4       0xd4 build/light_switch_provisioner_nrf52840_xxAA_s140_6.1.0_Release/obj/mesh_config.o
 .text.mesh_config_init
                0x000000000002f378       0xa0 build/light_switch_provisioner_nrf52840_xxAA_s140_6.1.0_Release/obj/mesh_config.o
                0x000000000002f378                mesh_config_init
 .text.mesh_config_load
                0x000000000002f418        0xc build/light_switch_provisioner_nrf52840_xxAA_s140_6.1.0_Release/obj/mesh_config.o
                0x000000000002f418                mesh_config_load
 .text.mesh_config_is_busy
                0x000000000002f424       0x34 build/light_switch_provisioner_nrf52840_xxAA_s140_6.1.0_Release/obj/mesh_config.o
                0x000000000002f424                mesh_config_is_busy
 .text.backend_evt_handler
                0x000000000002f458       0x88 build/light_switch_provisioner_nrf52840_xxAA_s140_6.1.0_Release/obj/mesh_config.o
 .text.mesh_config_entry_set
                0x000000000002f4e0       0x80 build/light_switch_provisioner_nrf52840_xxAA_s140_6.1.0_Release/obj/mesh_config.o
                0x000000000002f4e0                mesh_config_entry_set
 .text.mesh_config_entry_get
                0x000000000002f560       0x3c build/light_switch_provisioner_nrf52840_xxAA_s140_6.1.0_Release/obj/mesh_config.o
                0x000000000002f560                mesh_config_entry_get
 .text.mesh_config_entry_delete
                0x000000000002f59c       0x4a build/light_switch_provisioner_nrf52840_xxAA_s140_6.1.0_Release/obj/mesh_config.o
                0x000000000002f59c                mesh_config_entry_delete
 *fill*         0x000000000002f5e6        0x2 
 .text.mesh_config_clear
                0x000000000002f5e8       0x4c build/light_switch_provisioner_nrf52840_xxAA_s140_6.1.0_Release/obj/mesh_config.o
                0x000000000002f5e8                mesh_config_clear
 .text.dummy_event
                0x000000000002f634        0x2 build/light_switch_provisioner_nrf52840_xxAA_s140_6.1.0_Release/obj/mesh_config_backend.o
 *fill*         0x000000000002f636        0x2 
 .text.file_get
                0x000000000002f638       0x34 build/light_switch_provisioner_nrf52840_xxAA_s140_6.1.0_Release/obj/mesh_config_backend.o
 .text.mesh_config_backend_init
                0x000000000002f66c      0x118 build/light_switch_provisioner_nrf52840_xxAA_s140_6.1.0_Release/obj/mesh_config_backend.o
                0x000000000002f66c                mesh_config_backend_init
 .text.mesh_config_backend_store
                0x000000000002f784       0x4c build/light_switch_provisioner_nrf52840_xxAA_s140_6.1.0_Release/obj/mesh_config_backend.o
                0x000000000002f784                mesh_config_backend_store
 .text.mesh_config_backend_erase
                0x000000000002f7d0       0x32 build/light_switch_provisioner_nrf52840_xxAA_s140_6.1.0_Release/obj/mesh_config_backend.o
                0x000000000002f7d0                mesh_config_backend_erase
 *fill*         0x000000000002f802        0x2 
 .text.mesh_config_backend_read_all
                0x000000000002f804       0x38 build/light_switch_provisioner_nrf52840_xxAA_s140_6.1.0_Release/obj/mesh_config_backend.o
                0x000000000002f804                mesh_config_backend_read_all
 .text.entry_read_cb
                0x000000000002f83c       0x34 build/light_switch_provisioner_nrf52840_xxAA_s140_6.1.0_Release/obj/mesh_config_flashman_glue.o
 .text.write_complete_cb
                0x000000000002f870       0x30 build/light_switch_provisioner_nrf52840_xxAA_s140_6.1.0_Release/obj/mesh_config_flashman_glue.o
 .text.invalidate_complete_cb
                0x000000000002f8a0       0x2c build/light_switch_provisioner_nrf52840_xxAA_s140_6.1.0_Release/obj/mesh_config_flashman_glue.o
 .text.remove_complete_cb
                0x000000000002f8cc        0x2 build/light_switch_provisioner_nrf52840_xxAA_s140_6.1.0_Release/obj/mesh_config_flashman_glue.o
 .text.flash_stable_cb
                0x000000000002f8ce       0x20 build/light_switch_provisioner_nrf52840_xxAA_s140_6.1.0_Release/obj/mesh_config_flashman_glue.o
 *fill*         0x000000000002f8ee        0x2 
 .text.mesh_config_backend_glue_init
                0x000000000002f8f0       0x28 build/light_switch_provisioner_nrf52840_xxAA_s140_6.1.0_Release/obj/mesh_config_flashman_glue.o
                0x000000000002f8f0                mesh_config_backend_glue_init
 .text.mesh_config_backend_file_create
                0x000000000002f918       0x58 build/light_switch_provisioner_nrf52840_xxAA_s140_6.1.0_Release/obj/mesh_config_flashman_glue.o
                0x000000000002f918                mesh_config_backend_file_create
 .text.mesh_config_backend_record_write
                0x000000000002f970       0x2c build/light_switch_provisioner_nrf52840_xxAA_s140_6.1.0_Release/obj/mesh_config_flashman_glue.o
                0x000000000002f970                mesh_config_backend_record_write
 .text.mesh_config_backend_record_erase
                0x000000000002f99c       0x30 build/light_switch_provisioner_nrf52840_xxAA_s140_6.1.0_Release/obj/mesh_config_flashman_glue.o
                0x000000000002f99c                mesh_config_backend_record_erase
 .text.mesh_config_backend_records_read
                0x000000000002f9cc       0x30 build/light_switch_provisioner_nrf52840_xxAA_s140_6.1.0_Release/obj/mesh_config_flashman_glue.o
                0x000000000002f9cc                mesh_config_backend_records_read
 .text.mesh_config_record_size_calculate
                0x000000000002f9fc        0xa build/light_switch_provisioner_nrf52840_xxAA_s140_6.1.0_Release/obj/mesh_config_flashman_glue.o
                0x000000000002f9fc                mesh_config_record_size_calculate
 *fill*         0x000000000002fa06        0x2 
 .text.mesh_config_backend_flash_usage_get
                0x000000000002fa08       0x24 build/light_switch_provisioner_nrf52840_xxAA_s140_6.1.0_Release/obj/mesh_config_flashman_glue.o
                0x000000000002fa08                mesh_config_backend_flash_usage_get
 .text.mesh_config_backend_file_power_down_time_get
                0x000000000002fa2c       0x24 build/light_switch_provisioner_nrf52840_xxAA_s140_6.1.0_Release/obj/mesh_config_flashman_glue.o
                0x000000000002fa2c                mesh_config_backend_file_power_down_time_get
 .text.core_tx_adv_get
                0x000000000002fa50       0x3c build/light_switch_provisioner_nrf52840_xxAA_s140_6.1.0_Release/obj/core_tx_adv.o
 .text.core_tx_tx_power_get
                0x000000000002fa8c       0x30 build/light_switch_provisioner_nrf52840_xxAA_s140_6.1.0_Release/obj/core_tx_adv.o
 .text.core_tx_adv_set
                0x000000000002fabc       0x6c build/light_switch_provisioner_nrf52840_xxAA_s140_6.1.0_Release/obj/core_tx_adv.o
 .text.core_tx_tx_power_delete
                0x000000000002fb28       0x30 build/light_switch_provisioner_nrf52840_xxAA_s140_6.1.0_Release/obj/core_tx_adv.o
 .text.core_tx_tx_power_set
                0x000000000002fb58       0x34 build/light_switch_provisioner_nrf52840_xxAA_s140_6.1.0_Release/obj/core_tx_adv.o
 .text.core_tx_adv_addr_get
                0x000000000002fb8c       0x38 build/light_switch_provisioner_nrf52840_xxAA_s140_6.1.0_Release/obj/core_tx_adv.o
 .text.core_tx_adv_addr_set
                0x000000000002fbc4       0x40 build/light_switch_provisioner_nrf52840_xxAA_s140_6.1.0_Release/obj/core_tx_adv.o
 .text.packet_discard
                0x000000000002fc04       0x40 build/light_switch_provisioner_nrf52840_xxAA_s140_6.1.0_Release/obj/core_tx_adv.o
 .text.packet_send
                0x000000000002fc44       0x58 build/light_switch_provisioner_nrf52840_xxAA_s140_6.1.0_Release/obj/core_tx_adv.o
 .text.packet_alloc
                0x000000000002fc9c       0x58 build/light_switch_provisioner_nrf52840_xxAA_s140_6.1.0_Release/obj/core_tx_adv.o
 .text.adv_tx_complete_callback
                0x000000000002fcf4       0x20 build/light_switch_provisioner_nrf52840_xxAA_s140_6.1.0_Release/obj/core_tx_adv.o
 .text.mesh_opt_core_adv_set